                              1 ;--------------------------------------------------------
                              2 ; File Created by SDCC : free open source ANSI-C Compiler
                              3 ; Version 3.6.0 #9615 (MINGW64)
                              4 ;--------------------------------------------------------
                              5 	.module music_tmp
                              6 	.optsdcc -mgbz80
                              7 	
                              8 ;--------------------------------------------------------
                              9 ; Public variables in this module
                             10 ;--------------------------------------------------------
                             11 	.globl _gameovermusic_mod_Data
                             12 	.globl _gameovermusic_mod0
                             13 ;--------------------------------------------------------
                             14 ; ram data
                             15 ;--------------------------------------------------------
                             16 	.area _DATA
                             17 ;--------------------------------------------------------
                             18 ; absolute external ram data
                             19 ;--------------------------------------------------------
                             20 	.area _DABS (ABS)
                             21 ;--------------------------------------------------------
                             22 ; global & static initialisations
                             23 ;--------------------------------------------------------
                             24 	.area _HOME
                             25 	.area _GSINIT
                             26 	.area _GSFINAL
                             27 	.area _GSINIT
                             28 ;--------------------------------------------------------
                             29 ; Home
                             30 ;--------------------------------------------------------
                             31 	.area _HOME
                             32 	.area _HOME
                             33 ;--------------------------------------------------------
                             34 ; code
                             35 ;--------------------------------------------------------
                             36 	.area _CODE_3
                             37 	.area _CODE_3
   0000                      38 _gameovermusic_mod0:
   0000 9C                   39 	.db #0x9c	; 156
   0001 28                   40 	.db #0x28	; 40
   0002 A4                   41 	.db #0xa4	; 164
   0003 18                   42 	.db #0x18	; 24
   0004 A4                   43 	.db #0xa4	; 164
   0005 96                   44 	.db #0x96	; 150
   0006 00                   45 	.db #0x00	; 0
   0007 4A                   46 	.db #0x4a	; 74	'J'
   0008 04                   47 	.db #0x04	; 4
   0009 00                   48 	.db #0x00	; 0
   000A 2C                   49 	.db #0x2c	; 44
   000B 00                   50 	.db #0x00	; 0
   000C 00                   51 	.db #0x00	; 0
   000D 00                   52 	.db #0x00	; 0
   000E A3                   53 	.db #0xa3	; 163
   000F 18                   54 	.db #0x18	; 24
   0010 00                   55 	.db #0x00	; 0
   0011 8C                   56 	.db #0x8c	; 140
   0012 05                   57 	.db #0x05	; 5
   0013 00                   58 	.db #0x00	; 0
   0014 2C                   59 	.db #0x2c	; 44
   0015 00                   60 	.db #0x00	; 0
   0016 20                   61 	.db #0x20	; 32
   0017 00                   62 	.db #0x00	; 0
   0018 9F                   63 	.db #0x9f	; 159
   0019 18                   64 	.db #0x18	; 24
   001A 00                   65 	.db #0x00	; 0
   001B 8C                   66 	.db #0x8c	; 140
   001C 05                   67 	.db #0x05	; 5
   001D 00                   68 	.db #0x00	; 0
   001E 2C                   69 	.db #0x2c	; 44
   001F 00                   70 	.db #0x00	; 0
   0020 20                   71 	.db #0x20	; 32
   0021 00                   72 	.db #0x00	; 0
   0022 9C                   73 	.db #0x9c	; 156
   0023 18                   74 	.db #0x18	; 24
   0024 00                   75 	.db #0x00	; 0
   0025 8C                   76 	.db #0x8c	; 140
   0026 05                   77 	.db #0x05	; 5
   0027 00                   78 	.db #0x00	; 0
   0028 2C                   79 	.db #0x2c	; 44
   0029 00                   80 	.db #0x00	; 0
   002A 20                   81 	.db #0x20	; 32
   002B 9D                   82 	.db #0x9d	; 157
   002C 28                   83 	.db #0x28	; 40
   002D A2                   84 	.db #0xa2	; 162
   002E 18                   85 	.db #0x18	; 24
   002F A2                   86 	.db #0xa2	; 162
   0030 96                   87 	.db #0x96	; 150
   0031 00                   88 	.db #0x00	; 0
   0032 8C                   89 	.db #0x8c	; 140
   0033 05                   90 	.db #0x05	; 5
   0034 00                   91 	.db #0x00	; 0
   0035 2C                   92 	.db #0x2c	; 44
   0036 00                   93 	.db #0x00	; 0
   0037 20                   94 	.db #0x20	; 32
   0038 00                   95 	.db #0x00	; 0
   0039 A1                   96 	.db #0xa1	; 161
   003A 18                   97 	.db #0x18	; 24
   003B 00                   98 	.db #0x00	; 0
   003C 8C                   99 	.db #0x8c	; 140
   003D 05                  100 	.db #0x05	; 5
   003E 00                  101 	.db #0x00	; 0
   003F 2C                  102 	.db #0x2c	; 44
   0040 00                  103 	.db #0x00	; 0
   0041 20                  104 	.db #0x20	; 32
   0042 00                  105 	.db #0x00	; 0
   0043 9D                  106 	.db #0x9d	; 157
   0044 18                  107 	.db #0x18	; 24
   0045 00                  108 	.db #0x00	; 0
   0046 8C                  109 	.db #0x8c	; 140
   0047 05                  110 	.db #0x05	; 5
   0048 00                  111 	.db #0x00	; 0
   0049 2C                  112 	.db #0x2c	; 44
   004A 00                  113 	.db #0x00	; 0
   004B 20                  114 	.db #0x20	; 32
   004C 00                  115 	.db #0x00	; 0
   004D 9A                  116 	.db #0x9a	; 154
   004E 18                  117 	.db #0x18	; 24
   004F 00                  118 	.db #0x00	; 0
   0050 8C                  119 	.db #0x8c	; 140
   0051 05                  120 	.db #0x05	; 5
   0052 00                  121 	.db #0x00	; 0
   0053 2C                  122 	.db #0x2c	; 44
   0054 00                  123 	.db #0x00	; 0
   0055 20                  124 	.db #0x20	; 32
   0056 9B                  125 	.db #0x9b	; 155
   0057 28                  126 	.db #0x28	; 40
   0058 A0                  127 	.db #0xa0	; 160
   0059 18                  128 	.db #0x18	; 24
   005A A0                  129 	.db #0xa0	; 160
   005B 96                  130 	.db #0x96	; 150
   005C 00                  131 	.db #0x00	; 0
   005D 8C                  132 	.db #0x8c	; 140
   005E 05                  133 	.db #0x05	; 5
   005F 00                  134 	.db #0x00	; 0
   0060 2C                  135 	.db #0x2c	; 44
   0061 00                  136 	.db #0x00	; 0
   0062 20                  137 	.db #0x20	; 32
   0063 00                  138 	.db #0x00	; 0
   0064 9F                  139 	.db #0x9f	; 159
   0065 18                  140 	.db #0x18	; 24
   0066 00                  141 	.db #0x00	; 0
   0067 8C                  142 	.db #0x8c	; 140
   0068 05                  143 	.db #0x05	; 5
   0069 00                  144 	.db #0x00	; 0
   006A 2C                  145 	.db #0x2c	; 44
   006B 00                  146 	.db #0x00	; 0
   006C 20                  147 	.db #0x20	; 32
   006D 00                  148 	.db #0x00	; 0
   006E 9D                  149 	.db #0x9d	; 157
   006F 18                  150 	.db #0x18	; 24
   0070 00                  151 	.db #0x00	; 0
   0071 8C                  152 	.db #0x8c	; 140
   0072 05                  153 	.db #0x05	; 5
   0073 00                  154 	.db #0x00	; 0
   0074 2C                  155 	.db #0x2c	; 44
   0075 00                  156 	.db #0x00	; 0
   0076 20                  157 	.db #0x20	; 32
   0077 00                  158 	.db #0x00	; 0
   0078 A0                  159 	.db #0xa0	; 160
   0079 18                  160 	.db #0x18	; 24
   007A 00                  161 	.db #0x00	; 0
   007B 8C                  162 	.db #0x8c	; 140
   007C 05                  163 	.db #0x05	; 5
   007D 00                  164 	.db #0x00	; 0
   007E 2C                  165 	.db #0x2c	; 44
   007F 00                  166 	.db #0x00	; 0
   0080 20                  167 	.db #0x20	; 32
   0081 98                  168 	.db #0x98	; 152
   0082 18                  169 	.db #0x18	; 24
   0083 9C                  170 	.db #0x9c	; 156
   0084 18                  171 	.db #0x18	; 24
   0085 9F                  172 	.db #0x9f	; 159
   0086 16                  173 	.db #0x16	; 22
   0087 8C                  174 	.db #0x8c	; 140
   0088 05                  175 	.db #0x05	; 5
   0089 00                  176 	.db #0x00	; 0
   008A 00                  177 	.db #0x00	; 0
   008B 00                  178 	.db #0x00	; 0
   008C 20                  179 	.db #0x20	; 32
   008D 00                  180 	.db #0x00	; 0
   008E 00                  181 	.db #0x00	; 0
   008F 00                  182 	.db #0x00	; 0
   0090 00                  183 	.db #0x00	; 0
   0091 00                  184 	.db #0x00	; 0
   0092 00                  185 	.db #0x00	; 0
   0093 00                  186 	.db #0x00	; 0
   0094 00                  187 	.db #0x00	; 0
   0095 00                  188 	.db #0x00	; 0
   0096 00                  189 	.db #0x00	; 0
   0097 00                  190 	.db #0x00	; 0
   0098 00                  191 	.db #0x00	; 0
   0099 00                  192 	.db #0x00	; 0
   009A 00                  193 	.db #0x00	; 0
   009B 00                  194 	.db #0x00	; 0
   009C 00                  195 	.db #0x00	; 0
   009D 00                  196 	.db #0x00	; 0
   009E 00                  197 	.db #0x00	; 0
   009F 00                  198 	.db #0x00	; 0
   00A0 00                  199 	.db #0x00	; 0
   00A1 00                  200 	.db #0x00	; 0
   00A2 00                  201 	.db #0x00	; 0
   00A3 00                  202 	.db #0x00	; 0
   00A4 00                  203 	.db #0x00	; 0
   00A5 2C                  204 	.db #0x2c	; 44
   00A6 2C                  205 	.db #0x2c	; 44
   00A7 21                  206 	.db #0x21	; 33
   00A8 00                  207 	.db #0x00	; 0
   00A9 00                  208 	.db #0x00	; 0
   00AA 00                  209 	.db #0x00	; 0
   00AB 00                  210 	.db #0x00	; 0
   00AC 00                  211 	.db #0x00	; 0
   00AD 00                  212 	.db #0x00	; 0
   00AE 00                  213 	.db #0x00	; 0
   00AF 00                  214 	.db #0x00	; 0
   00B0 00                  215 	.db #0x00	; 0
   00B1 20                  216 	.db #0x20	; 32
   00B2 20                  217 	.db #0x20	; 32
   00B3 20                  218 	.db #0x20	; 32
   00B4 00                  219 	.db #0x00	; 0
   00B5 00                  220 	.db #0x00	; 0
   00B6 00                  221 	.db #0x00	; 0
   00B7 00                  222 	.db #0x00	; 0
   00B8 00                  223 	.db #0x00	; 0
   00B9 00                  224 	.db #0x00	; 0
   00BA 00                  225 	.db #0x00	; 0
   00BB 00                  226 	.db #0x00	; 0
   00BC 00                  227 	.db #0x00	; 0
   00BD 00                  228 	.db #0x00	; 0
   00BE 00                  229 	.db #0x00	; 0
   00BF 00                  230 	.db #0x00	; 0
   00C0 00                  231 	.db #0x00	; 0
   00C1 00                  232 	.db #0x00	; 0
   00C2 00                  233 	.db #0x00	; 0
   00C3 00                  234 	.db #0x00	; 0
   00C4 00                  235 	.db #0x00	; 0
   00C5 00                  236 	.db #0x00	; 0
   00C6 00                  237 	.db #0x00	; 0
   00C7 00                  238 	.db #0x00	; 0
   00C8 00                  239 	.db #0x00	; 0
   00C9 00                  240 	.db #0x00	; 0
   00CA 00                  241 	.db #0x00	; 0
   00CB 00                  242 	.db #0x00	; 0
   00CC 00                  243 	.db #0x00	; 0
   00CD 00                  244 	.db #0x00	; 0
   00CE 00                  245 	.db #0x00	; 0
   00CF 00                  246 	.db #0x00	; 0
   00D0 00                  247 	.db #0x00	; 0
   00D1 00                  248 	.db #0x00	; 0
   00D2 00                  249 	.db #0x00	; 0
   00D3 00                  250 	.db #0x00	; 0
   00D4 00                  251 	.db #0x00	; 0
   00D5 00                  252 	.db #0x00	; 0
   00D6 00                  253 	.db #0x00	; 0
   00D7 00                  254 	.db #0x00	; 0
   00D8 00                  255 	.db #0x00	; 0
   00D9 00                  256 	.db #0x00	; 0
   00DA 00                  257 	.db #0x00	; 0
   00DB 00                  258 	.db #0x00	; 0
   00DC 00                  259 	.db #0x00	; 0
   00DD 00                  260 	.db #0x00	; 0
   00DE 00                  261 	.db #0x00	; 0
   00DF 00                  262 	.db #0x00	; 0
   00E0 00                  263 	.db #0x00	; 0
   00E1 00                  264 	.db #0x00	; 0
   00E2 00                  265 	.db #0x00	; 0
   00E3 00                  266 	.db #0x00	; 0
   00E4 00                  267 	.db #0x00	; 0
   00E5 00                  268 	.db #0x00	; 0
   00E6 00                  269 	.db #0x00	; 0
   00E7 00                  270 	.db #0x00	; 0
   00E8 00                  271 	.db #0x00	; 0
   00E9 00                  272 	.db #0x00	; 0
   00EA 00                  273 	.db #0x00	; 0
   00EB 00                  274 	.db #0x00	; 0
   00EC 00                  275 	.db #0x00	; 0
   00ED 00                  276 	.db #0x00	; 0
   00EE 00                  277 	.db #0x00	; 0
   00EF 00                  278 	.db #0x00	; 0
   00F0 00                  279 	.db #0x00	; 0
   00F1 00                  280 	.db #0x00	; 0
   00F2 00                  281 	.db #0x00	; 0
   00F3 00                  282 	.db #0x00	; 0
   00F4 00                  283 	.db #0x00	; 0
   00F5 00                  284 	.db #0x00	; 0
   00F6 00                  285 	.db #0x00	; 0
   00F7 00                  286 	.db #0x00	; 0
   00F8 00                  287 	.db #0x00	; 0
   00F9 00                  288 	.db #0x00	; 0
   00FA 00                  289 	.db #0x00	; 0
   00FB 00                  290 	.db #0x00	; 0
   00FC 00                  291 	.db #0x00	; 0
   00FD 00                  292 	.db #0x00	; 0
   00FE 00                  293 	.db #0x00	; 0
   00FF 00                  294 	.db #0x00	; 0
   0100 00                  295 	.db #0x00	; 0
   0101 00                  296 	.db #0x00	; 0
   0102 00                  297 	.db #0x00	; 0
   0103 00                  298 	.db #0x00	; 0
   0104 00                  299 	.db #0x00	; 0
   0105 00                  300 	.db #0x00	; 0
   0106 00                  301 	.db #0x00	; 0
   0107 00                  302 	.db #0x00	; 0
   0108 00                  303 	.db #0x00	; 0
   0109 00                  304 	.db #0x00	; 0
   010A 00                  305 	.db #0x00	; 0
   010B 00                  306 	.db #0x00	; 0
   010C 00                  307 	.db #0x00	; 0
   010D 00                  308 	.db #0x00	; 0
   010E 00                  309 	.db #0x00	; 0
   010F 00                  310 	.db #0x00	; 0
   0110 00                  311 	.db #0x00	; 0
   0111 00                  312 	.db #0x00	; 0
   0112 00                  313 	.db #0x00	; 0
   0113 00                  314 	.db #0x00	; 0
   0114 00                  315 	.db #0x00	; 0
   0115 00                  316 	.db #0x00	; 0
   0116 00                  317 	.db #0x00	; 0
   0117 00                  318 	.db #0x00	; 0
   0118 00                  319 	.db #0x00	; 0
   0119 00                  320 	.db #0x00	; 0
   011A 00                  321 	.db #0x00	; 0
   011B 00                  322 	.db #0x00	; 0
   011C 00                  323 	.db #0x00	; 0
   011D 00                  324 	.db #0x00	; 0
   011E 00                  325 	.db #0x00	; 0
   011F 00                  326 	.db #0x00	; 0
   0120 00                  327 	.db #0x00	; 0
   0121 00                  328 	.db #0x00	; 0
   0122 00                  329 	.db #0x00	; 0
   0123 00                  330 	.db #0x00	; 0
   0124 00                  331 	.db #0x00	; 0
   0125                     332 _gameovermusic_mod_Data:
   0125r00r00               333 	.dw _gameovermusic_mod0
   0127 00 00               334 	.dw #0x0000
                            335 	.area _CABS (ABS)
