                              1 ;--------------------------------------------------------
                              2 ; File Created by SDCC : free open source ANSI-C Compiler
                              3 ; Version 3.6.0 #9615 (MINGW64)
                              4 ;--------------------------------------------------------
                              5 	.module lifesleft_b3
                              6 	.optsdcc -mgbz80
                              7 	
                              8 ;--------------------------------------------------------
                              9 ; Public variables in this module
                             10 ;--------------------------------------------------------
                             11 	.globl _lifesleft
                             12 ;--------------------------------------------------------
                             13 ; ram data
                             14 ;--------------------------------------------------------
                             15 	.area _DATA
                             16 ;--------------------------------------------------------
                             17 ; absolute external ram data
                             18 ;--------------------------------------------------------
                             19 	.area _DABS (ABS)
                             20 ;--------------------------------------------------------
                             21 ; global & static initialisations
                             22 ;--------------------------------------------------------
                             23 	.area _HOME
                             24 	.area _GSINIT
                             25 	.area _GSFINAL
                             26 	.area _GSINIT
                             27 ;--------------------------------------------------------
                             28 ; Home
                             29 ;--------------------------------------------------------
                             30 	.area _HOME
                             31 	.area _HOME
                             32 ;--------------------------------------------------------
                             33 ; code
                             34 ;--------------------------------------------------------
                             35 	.area _CODE
                             36 	.area _CODE
                             37 	.area _CODE_3
   0000                      38 _lifesleft:
   0000 17                   39 	.db #0x17	; 23
   0001 17                   40 	.db #0x17	; 23
   0002 17                   41 	.db #0x17	; 23
   0003 17                   42 	.db #0x17	; 23
   0004 17                   43 	.db #0x17	; 23
   0005 17                   44 	.db #0x17	; 23
   0006 17                   45 	.db #0x17	; 23
   0007 17                   46 	.db #0x17	; 23
   0008 17                   47 	.db #0x17	; 23
   0009 17                   48 	.db #0x17	; 23
   000A 17                   49 	.db #0x17	; 23
   000B 17                   50 	.db #0x17	; 23
   000C 17                   51 	.db #0x17	; 23
   000D 17                   52 	.db #0x17	; 23
   000E 17                   53 	.db #0x17	; 23
   000F 17                   54 	.db #0x17	; 23
   0010 17                   55 	.db #0x17	; 23
   0011 17                   56 	.db #0x17	; 23
   0012 17                   57 	.db #0x17	; 23
   0013 17                   58 	.db #0x17	; 23
   0014 17                   59 	.db #0x17	; 23
   0015 1C                   60 	.db #0x1c	; 28
   0016 1A                   61 	.db #0x1a	; 26
   0017 1A                   62 	.db #0x1a	; 26
   0018 1A                   63 	.db #0x1a	; 26
   0019 1A                   64 	.db #0x1a	; 26
   001A 1A                   65 	.db #0x1a	; 26
   001B 1A                   66 	.db #0x1a	; 26
   001C 1A                   67 	.db #0x1a	; 26
   001D 1A                   68 	.db #0x1a	; 26
   001E 1A                   69 	.db #0x1a	; 26
   001F 1A                   70 	.db #0x1a	; 26
   0020 1A                   71 	.db #0x1a	; 26
   0021 1A                   72 	.db #0x1a	; 26
   0022 1A                   73 	.db #0x1a	; 26
   0023 1A                   74 	.db #0x1a	; 26
   0024 1A                   75 	.db #0x1a	; 26
   0025 1A                   76 	.db #0x1a	; 26
   0026 1D                   77 	.db #0x1d	; 29
   0027 17                   78 	.db #0x17	; 23
   0028 17                   79 	.db #0x17	; 23
   0029 18                   80 	.db #0x18	; 24
   002A 00                   81 	.db #0x00	; 0
   002B 00                   82 	.db #0x00	; 0
   002C 00                   83 	.db #0x00	; 0
   002D 00                   84 	.db #0x00	; 0
   002E 00                   85 	.db #0x00	; 0
   002F 00                   86 	.db #0x00	; 0
   0030 00                   87 	.db #0x00	; 0
   0031 00                   88 	.db #0x00	; 0
   0032 00                   89 	.db #0x00	; 0
   0033 00                   90 	.db #0x00	; 0
   0034 00                   91 	.db #0x00	; 0
   0035 00                   92 	.db #0x00	; 0
   0036 00                   93 	.db #0x00	; 0
   0037 00                   94 	.db #0x00	; 0
   0038 00                   95 	.db #0x00	; 0
   0039 00                   96 	.db #0x00	; 0
   003A 19                   97 	.db #0x19	; 25
   003B 17                   98 	.db #0x17	; 23
   003C 17                   99 	.db #0x17	; 23
   003D 18                  100 	.db #0x18	; 24
   003E 00                  101 	.db #0x00	; 0
   003F 00                  102 	.db #0x00	; 0
   0040 00                  103 	.db #0x00	; 0
   0041 00                  104 	.db #0x00	; 0
   0042 00                  105 	.db #0x00	; 0
   0043 00                  106 	.db #0x00	; 0
   0044 00                  107 	.db #0x00	; 0
   0045 00                  108 	.db #0x00	; 0
   0046 00                  109 	.db #0x00	; 0
   0047 00                  110 	.db #0x00	; 0
   0048 00                  111 	.db #0x00	; 0
   0049 00                  112 	.db #0x00	; 0
   004A 00                  113 	.db #0x00	; 0
   004B 00                  114 	.db #0x00	; 0
   004C 00                  115 	.db #0x00	; 0
   004D 00                  116 	.db #0x00	; 0
   004E 19                  117 	.db #0x19	; 25
   004F 17                  118 	.db #0x17	; 23
   0050 17                  119 	.db #0x17	; 23
   0051 18                  120 	.db #0x18	; 24
   0052 00                  121 	.db #0x00	; 0
   0053 00                  122 	.db #0x00	; 0
   0054 00                  123 	.db #0x00	; 0
   0055 00                  124 	.db #0x00	; 0
   0056 00                  125 	.db #0x00	; 0
   0057 00                  126 	.db #0x00	; 0
   0058 00                  127 	.db #0x00	; 0
   0059 00                  128 	.db #0x00	; 0
   005A 00                  129 	.db #0x00	; 0
   005B 00                  130 	.db #0x00	; 0
   005C 00                  131 	.db #0x00	; 0
   005D 00                  132 	.db #0x00	; 0
   005E 00                  133 	.db #0x00	; 0
   005F 00                  134 	.db #0x00	; 0
   0060 00                  135 	.db #0x00	; 0
   0061 00                  136 	.db #0x00	; 0
   0062 19                  137 	.db #0x19	; 25
   0063 17                  138 	.db #0x17	; 23
   0064 17                  139 	.db #0x17	; 23
   0065 18                  140 	.db #0x18	; 24
   0066 00                  141 	.db #0x00	; 0
   0067 00                  142 	.db #0x00	; 0
   0068 00                  143 	.db #0x00	; 0
   0069 00                  144 	.db #0x00	; 0
   006A 00                  145 	.db #0x00	; 0
   006B 00                  146 	.db #0x00	; 0
   006C 00                  147 	.db #0x00	; 0
   006D 00                  148 	.db #0x00	; 0
   006E 00                  149 	.db #0x00	; 0
   006F 00                  150 	.db #0x00	; 0
   0070 00                  151 	.db #0x00	; 0
   0071 00                  152 	.db #0x00	; 0
   0072 00                  153 	.db #0x00	; 0
   0073 00                  154 	.db #0x00	; 0
   0074 00                  155 	.db #0x00	; 0
   0075 00                  156 	.db #0x00	; 0
   0076 19                  157 	.db #0x19	; 25
   0077 17                  158 	.db #0x17	; 23
   0078 17                  159 	.db #0x17	; 23
   0079 18                  160 	.db #0x18	; 24
   007A 10                  161 	.db #0x10	; 16
   007B 10                  162 	.db #0x10	; 16
   007C 00                  163 	.db #0x00	; 0
   007D 00                  164 	.db #0x00	; 0
   007E 00                  165 	.db #0x00	; 0
   007F 00                  166 	.db #0x00	; 0
   0080 00                  167 	.db #0x00	; 0
   0081 00                  168 	.db #0x00	; 0
   0082 00                  169 	.db #0x00	; 0
   0083 00                  170 	.db #0x00	; 0
   0084 00                  171 	.db #0x00	; 0
   0085 00                  172 	.db #0x00	; 0
   0086 00                  173 	.db #0x00	; 0
   0087 10                  174 	.db #0x10	; 16
   0088 10                  175 	.db #0x10	; 16
   0089 00                  176 	.db #0x00	; 0
   008A 19                  177 	.db #0x19	; 25
   008B 17                  178 	.db #0x17	; 23
   008C 17                  179 	.db #0x17	; 23
   008D 18                  180 	.db #0x18	; 24
   008E 00                  181 	.db #0x00	; 0
   008F 10                  182 	.db #0x10	; 16
   0090 10                  183 	.db #0x10	; 16
   0091 10                  184 	.db #0x10	; 16
   0092 00                  185 	.db #0x00	; 0
   0093 33                  186 	.db #0x33	; 51	'3'
   0094 34                  187 	.db #0x34	; 52	'4'
   0095 35                  188 	.db #0x35	; 53	'5'
   0096 36                  189 	.db #0x36	; 54	'6'
   0097 37                  190 	.db #0x37	; 55	'7'
   0098 10                  191 	.db #0x10	; 16
   0099 10                  192 	.db #0x10	; 16
   009A 10                  193 	.db #0x10	; 16
   009B 10                  194 	.db #0x10	; 16
   009C 10                  195 	.db #0x10	; 16
   009D 00                  196 	.db #0x00	; 0
   009E 19                  197 	.db #0x19	; 25
   009F 17                  198 	.db #0x17	; 23
   00A0 17                  199 	.db #0x17	; 23
   00A1 18                  200 	.db #0x18	; 24
   00A2 00                  201 	.db #0x00	; 0
   00A3 00                  202 	.db #0x00	; 0
   00A4 10                  203 	.db #0x10	; 16
   00A5 10                  204 	.db #0x10	; 16
   00A6 00                  205 	.db #0x00	; 0
   00A7 38                  206 	.db #0x38	; 56	'8'
   00A8 50                  207 	.db #0x50	; 80	'P'
   00A9 3A                  208 	.db #0x3a	; 58
   00AA 52                  209 	.db #0x52	; 82	'R'
   00AB 3C                  210 	.db #0x3c	; 60
   00AC 00                  211 	.db #0x00	; 0
   00AD 00                  212 	.db #0x00	; 0
   00AE 10                  213 	.db #0x10	; 16
   00AF 10                  214 	.db #0x10	; 16
   00B0 10                  215 	.db #0x10	; 16
   00B1 00                  216 	.db #0x00	; 0
   00B2 19                  217 	.db #0x19	; 25
   00B3 17                  218 	.db #0x17	; 23
   00B4 17                  219 	.db #0x17	; 23
   00B5 18                  220 	.db #0x18	; 24
   00B6 10                  221 	.db #0x10	; 16
   00B7 10                  222 	.db #0x10	; 16
   00B8 10                  223 	.db #0x10	; 16
   00B9 10                  224 	.db #0x10	; 16
   00BA 00                  225 	.db #0x00	; 0
   00BB 3D                  226 	.db #0x3d	; 61
   00BC 51                  227 	.db #0x51	; 81	'Q'
   00BD 3F                  228 	.db #0x3f	; 63
   00BE 53                  229 	.db #0x53	; 83	'S'
   00BF 41                  230 	.db #0x41	; 65	'A'
   00C0 10                  231 	.db #0x10	; 16
   00C1 10                  232 	.db #0x10	; 16
   00C2 10                  233 	.db #0x10	; 16
   00C3 10                  234 	.db #0x10	; 16
   00C4 10                  235 	.db #0x10	; 16
   00C5 00                  236 	.db #0x00	; 0
   00C6 19                  237 	.db #0x19	; 25
   00C7 17                  238 	.db #0x17	; 23
   00C8 17                  239 	.db #0x17	; 23
   00C9 18                  240 	.db #0x18	; 24
   00CA 10                  241 	.db #0x10	; 16
   00CB 10                  242 	.db #0x10	; 16
   00CC 10                  243 	.db #0x10	; 16
   00CD 10                  244 	.db #0x10	; 16
   00CE 00                  245 	.db #0x00	; 0
   00CF 42                  246 	.db #0x42	; 66	'B'
   00D0 4D                  247 	.db #0x4d	; 77	'M'
   00D1 4E                  248 	.db #0x4e	; 78	'N'
   00D2 4F                  249 	.db #0x4f	; 79	'O'
   00D3 46                  250 	.db #0x46	; 70	'F'
   00D4 00                  251 	.db #0x00	; 0
   00D5 10                  252 	.db #0x10	; 16
   00D6 10                  253 	.db #0x10	; 16
   00D7 10                  254 	.db #0x10	; 16
   00D8 10                  255 	.db #0x10	; 16
   00D9 00                  256 	.db #0x00	; 0
   00DA 19                  257 	.db #0x19	; 25
   00DB 17                  258 	.db #0x17	; 23
   00DC 17                  259 	.db #0x17	; 23
   00DD 18                  260 	.db #0x18	; 24
   00DE 00                  261 	.db #0x00	; 0
   00DF 00                  262 	.db #0x00	; 0
   00E0 00                  263 	.db #0x00	; 0
   00E1 10                  264 	.db #0x10	; 16
   00E2 10                  265 	.db #0x10	; 16
   00E3 47                  266 	.db #0x47	; 71	'G'
   00E4 48                  267 	.db #0x48	; 72	'H'
   00E5 49                  268 	.db #0x49	; 73	'I'
   00E6 4A                  269 	.db #0x4a	; 74	'J'
   00E7 4B                  270 	.db #0x4b	; 75	'K'
   00E8 00                  271 	.db #0x00	; 0
   00E9 00                  272 	.db #0x00	; 0
   00EA 00                  273 	.db #0x00	; 0
   00EB 00                  274 	.db #0x00	; 0
   00EC 10                  275 	.db #0x10	; 16
   00ED 00                  276 	.db #0x00	; 0
   00EE 19                  277 	.db #0x19	; 25
   00EF 17                  278 	.db #0x17	; 23
   00F0 17                  279 	.db #0x17	; 23
   00F1 18                  280 	.db #0x18	; 24
   00F2 00                  281 	.db #0x00	; 0
   00F3 00                  282 	.db #0x00	; 0
   00F4 00                  283 	.db #0x00	; 0
   00F5 00                  284 	.db #0x00	; 0
   00F6 00                  285 	.db #0x00	; 0
   00F7 00                  286 	.db #0x00	; 0
   00F8 00                  287 	.db #0x00	; 0
   00F9 00                  288 	.db #0x00	; 0
   00FA 00                  289 	.db #0x00	; 0
   00FB 00                  290 	.db #0x00	; 0
   00FC 00                  291 	.db #0x00	; 0
   00FD 00                  292 	.db #0x00	; 0
   00FE 00                  293 	.db #0x00	; 0
   00FF 00                  294 	.db #0x00	; 0
   0100 00                  295 	.db #0x00	; 0
   0101 00                  296 	.db #0x00	; 0
   0102 19                  297 	.db #0x19	; 25
   0103 17                  298 	.db #0x17	; 23
   0104 17                  299 	.db #0x17	; 23
   0105 18                  300 	.db #0x18	; 24
   0106 00                  301 	.db #0x00	; 0
   0107 00                  302 	.db #0x00	; 0
   0108 00                  303 	.db #0x00	; 0
   0109 00                  304 	.db #0x00	; 0
   010A 00                  305 	.db #0x00	; 0
   010B 00                  306 	.db #0x00	; 0
   010C 00                  307 	.db #0x00	; 0
   010D 00                  308 	.db #0x00	; 0
   010E 00                  309 	.db #0x00	; 0
   010F 00                  310 	.db #0x00	; 0
   0110 00                  311 	.db #0x00	; 0
   0111 00                  312 	.db #0x00	; 0
   0112 00                  313 	.db #0x00	; 0
   0113 00                  314 	.db #0x00	; 0
   0114 00                  315 	.db #0x00	; 0
   0115 00                  316 	.db #0x00	; 0
   0116 19                  317 	.db #0x19	; 25
   0117 17                  318 	.db #0x17	; 23
   0118 17                  319 	.db #0x17	; 23
   0119 18                  320 	.db #0x18	; 24
   011A 00                  321 	.db #0x00	; 0
   011B 00                  322 	.db #0x00	; 0
   011C 00                  323 	.db #0x00	; 0
   011D 00                  324 	.db #0x00	; 0
   011E 00                  325 	.db #0x00	; 0
   011F 00                  326 	.db #0x00	; 0
   0120 00                  327 	.db #0x00	; 0
   0121 00                  328 	.db #0x00	; 0
   0122 00                  329 	.db #0x00	; 0
   0123 00                  330 	.db #0x00	; 0
   0124 00                  331 	.db #0x00	; 0
   0125 00                  332 	.db #0x00	; 0
   0126 00                  333 	.db #0x00	; 0
   0127 00                  334 	.db #0x00	; 0
   0128 00                  335 	.db #0x00	; 0
   0129 00                  336 	.db #0x00	; 0
   012A 19                  337 	.db #0x19	; 25
   012B 17                  338 	.db #0x17	; 23
   012C 17                  339 	.db #0x17	; 23
   012D 18                  340 	.db #0x18	; 24
   012E 00                  341 	.db #0x00	; 0
   012F 00                  342 	.db #0x00	; 0
   0130 00                  343 	.db #0x00	; 0
   0131 00                  344 	.db #0x00	; 0
   0132 00                  345 	.db #0x00	; 0
   0133 00                  346 	.db #0x00	; 0
   0134 00                  347 	.db #0x00	; 0
   0135 00                  348 	.db #0x00	; 0
   0136 00                  349 	.db #0x00	; 0
   0137 00                  350 	.db #0x00	; 0
   0138 00                  351 	.db #0x00	; 0
   0139 00                  352 	.db #0x00	; 0
   013A 00                  353 	.db #0x00	; 0
   013B 00                  354 	.db #0x00	; 0
   013C 00                  355 	.db #0x00	; 0
   013D 00                  356 	.db #0x00	; 0
   013E 19                  357 	.db #0x19	; 25
   013F 17                  358 	.db #0x17	; 23
   0140 17                  359 	.db #0x17	; 23
   0141 1E                  360 	.db #0x1e	; 30
   0142 1B                  361 	.db #0x1b	; 27
   0143 1B                  362 	.db #0x1b	; 27
   0144 1B                  363 	.db #0x1b	; 27
   0145 1B                  364 	.db #0x1b	; 27
   0146 1B                  365 	.db #0x1b	; 27
   0147 1B                  366 	.db #0x1b	; 27
   0148 1B                  367 	.db #0x1b	; 27
   0149 1B                  368 	.db #0x1b	; 27
   014A 1B                  369 	.db #0x1b	; 27
   014B 1B                  370 	.db #0x1b	; 27
   014C 1B                  371 	.db #0x1b	; 27
   014D 1B                  372 	.db #0x1b	; 27
   014E 1B                  373 	.db #0x1b	; 27
   014F 1B                  374 	.db #0x1b	; 27
   0150 1B                  375 	.db #0x1b	; 27
   0151 1B                  376 	.db #0x1b	; 27
   0152 1F                  377 	.db #0x1f	; 31
   0153 17                  378 	.db #0x17	; 23
   0154 17                  379 	.db #0x17	; 23
   0155 17                  380 	.db #0x17	; 23
   0156 17                  381 	.db #0x17	; 23
   0157 17                  382 	.db #0x17	; 23
   0158 17                  383 	.db #0x17	; 23
   0159 17                  384 	.db #0x17	; 23
   015A 17                  385 	.db #0x17	; 23
   015B 17                  386 	.db #0x17	; 23
   015C 17                  387 	.db #0x17	; 23
   015D 17                  388 	.db #0x17	; 23
   015E 17                  389 	.db #0x17	; 23
   015F 17                  390 	.db #0x17	; 23
   0160 17                  391 	.db #0x17	; 23
   0161 17                  392 	.db #0x17	; 23
   0162 17                  393 	.db #0x17	; 23
   0163 17                  394 	.db #0x17	; 23
   0164 17                  395 	.db #0x17	; 23
   0165 17                  396 	.db #0x17	; 23
   0166 17                  397 	.db #0x17	; 23
   0167 17                  398 	.db #0x17	; 23
                            399 	.area _CABS (ABS)
