                              1 ;--------------------------------------------------------
                              2 ; File Created by SDCC : free open source ANSI-C Compiler
                              3 ; Version 3.6.0 #9615 (MINGW64)
                              4 ;--------------------------------------------------------
                              5 	.module map2_b3
                              6 	.optsdcc -mgbz80
                              7 	
                              8 ;--------------------------------------------------------
                              9 ; Public variables in this module
                             10 ;--------------------------------------------------------
                             11 	.globl _map2
                             12 ;--------------------------------------------------------
                             13 ; ram data
                             14 ;--------------------------------------------------------
                             15 	.area _DATA
                             16 ;--------------------------------------------------------
                             17 ; absolute external ram data
                             18 ;--------------------------------------------------------
                             19 	.area _DABS (ABS)
                             20 ;--------------------------------------------------------
                             21 ; global & static initialisations
                             22 ;--------------------------------------------------------
                             23 	.area _HOME
                             24 	.area _GSINIT
                             25 	.area _GSFINAL
                             26 	.area _GSINIT
                             27 ;--------------------------------------------------------
                             28 ; Home
                             29 ;--------------------------------------------------------
                             30 	.area _HOME
                             31 	.area _HOME
                             32 ;--------------------------------------------------------
                             33 ; code
                             34 ;--------------------------------------------------------
                             35 	.area _CODE
                             36 	.area _CODE
                             37 	.area _CODE_3
   0000                      38 _map2:
   0000 08                   39 	.db #0x08	; 8
   0001 05                   40 	.db #0x05	; 5
   0002 05                   41 	.db #0x05	; 5
   0003 05                   42 	.db #0x05	; 5
   0004 05                   43 	.db #0x05	; 5
   0005 05                   44 	.db #0x05	; 5
   0006 05                   45 	.db #0x05	; 5
   0007 05                   46 	.db #0x05	; 5
   0008 05                   47 	.db #0x05	; 5
   0009 05                   48 	.db #0x05	; 5
   000A 05                   49 	.db #0x05	; 5
   000B 05                   50 	.db #0x05	; 5
   000C 05                   51 	.db #0x05	; 5
   000D 05                   52 	.db #0x05	; 5
   000E 05                   53 	.db #0x05	; 5
   000F 05                   54 	.db #0x05	; 5
   0010 05                   55 	.db #0x05	; 5
   0011 05                   56 	.db #0x05	; 5
   0012 05                   57 	.db #0x05	; 5
   0013 05                   58 	.db #0x05	; 5
   0014 05                   59 	.db #0x05	; 5
   0015 05                   60 	.db #0x05	; 5
   0016 05                   61 	.db #0x05	; 5
   0017 05                   62 	.db #0x05	; 5
   0018 05                   63 	.db #0x05	; 5
   0019 05                   64 	.db #0x05	; 5
   001A 05                   65 	.db #0x05	; 5
   001B 05                   66 	.db #0x05	; 5
   001C 05                   67 	.db #0x05	; 5
   001D 05                   68 	.db #0x05	; 5
   001E 05                   69 	.db #0x05	; 5
   001F 05                   70 	.db #0x05	; 5
   0020 05                   71 	.db #0x05	; 5
   0021 05                   72 	.db #0x05	; 5
   0022 05                   73 	.db #0x05	; 5
   0023 05                   74 	.db #0x05	; 5
   0024 05                   75 	.db #0x05	; 5
   0025 05                   76 	.db #0x05	; 5
   0026 05                   77 	.db #0x05	; 5
   0027 09                   78 	.db #0x09	; 9
   0028 03                   79 	.db #0x03	; 3
   0029 12                   80 	.db #0x12	; 18
   002A 00                   81 	.db #0x00	; 0
   002B 00                   82 	.db #0x00	; 0
   002C 00                   83 	.db #0x00	; 0
   002D 00                   84 	.db #0x00	; 0
   002E 04                   85 	.db #0x04	; 4
   002F 03                   86 	.db #0x03	; 3
   0030 00                   87 	.db #0x00	; 0
   0031 00                   88 	.db #0x00	; 0
   0032 00                   89 	.db #0x00	; 0
   0033 00                   90 	.db #0x00	; 0
   0034 00                   91 	.db #0x00	; 0
   0035 00                   92 	.db #0x00	; 0
   0036 04                   93 	.db #0x04	; 4
   0037 03                   94 	.db #0x03	; 3
   0038 00                   95 	.db #0x00	; 0
   0039 00                   96 	.db #0x00	; 0
   003A 00                   97 	.db #0x00	; 0
   003B 00                   98 	.db #0x00	; 0
   003C 00                   99 	.db #0x00	; 0
   003D 00                  100 	.db #0x00	; 0
   003E 00                  101 	.db #0x00	; 0
   003F 00                  102 	.db #0x00	; 0
   0040 00                  103 	.db #0x00	; 0
   0041 00                  104 	.db #0x00	; 0
   0042 00                  105 	.db #0x00	; 0
   0043 00                  106 	.db #0x00	; 0
   0044 00                  107 	.db #0x00	; 0
   0045 00                  108 	.db #0x00	; 0
   0046 00                  109 	.db #0x00	; 0
   0047 04                  110 	.db #0x04	; 4
   0048 03                  111 	.db #0x03	; 3
   0049 00                  112 	.db #0x00	; 0
   004A 00                  113 	.db #0x00	; 0
   004B 00                  114 	.db #0x00	; 0
   004C 00                  115 	.db #0x00	; 0
   004D 00                  116 	.db #0x00	; 0
   004E 00                  117 	.db #0x00	; 0
   004F 04                  118 	.db #0x04	; 4
   0050 03                  119 	.db #0x03	; 3
   0051 00                  120 	.db #0x00	; 0
   0052 10                  121 	.db #0x10	; 16
   0053 10                  122 	.db #0x10	; 16
   0054 00                  123 	.db #0x00	; 0
   0055 00                  124 	.db #0x00	; 0
   0056 04                  125 	.db #0x04	; 4
   0057 03                  126 	.db #0x03	; 3
   0058 00                  127 	.db #0x00	; 0
   0059 00                  128 	.db #0x00	; 0
   005A 00                  129 	.db #0x00	; 0
   005B 00                  130 	.db #0x00	; 0
   005C 00                  131 	.db #0x00	; 0
   005D 00                  132 	.db #0x00	; 0
   005E 04                  133 	.db #0x04	; 4
   005F 03                  134 	.db #0x03	; 3
   0060 00                  135 	.db #0x00	; 0
   0061 00                  136 	.db #0x00	; 0
   0062 00                  137 	.db #0x00	; 0
   0063 00                  138 	.db #0x00	; 0
   0064 00                  139 	.db #0x00	; 0
   0065 00                  140 	.db #0x00	; 0
   0066 00                  141 	.db #0x00	; 0
   0067 00                  142 	.db #0x00	; 0
   0068 00                  143 	.db #0x00	; 0
   0069 00                  144 	.db #0x00	; 0
   006A 00                  145 	.db #0x00	; 0
   006B 00                  146 	.db #0x00	; 0
   006C 00                  147 	.db #0x00	; 0
   006D 00                  148 	.db #0x00	; 0
   006E 00                  149 	.db #0x00	; 0
   006F 04                  150 	.db #0x04	; 4
   0070 03                  151 	.db #0x03	; 3
   0071 00                  152 	.db #0x00	; 0
   0072 00                  153 	.db #0x00	; 0
   0073 00                  154 	.db #0x00	; 0
   0074 00                  155 	.db #0x00	; 0
   0075 00                  156 	.db #0x00	; 0
   0076 00                  157 	.db #0x00	; 0
   0077 04                  158 	.db #0x04	; 4
   0078 03                  159 	.db #0x03	; 3
   0079 00                  160 	.db #0x00	; 0
   007A 10                  161 	.db #0x10	; 16
   007B 11                  162 	.db #0x11	; 17
   007C 00                  163 	.db #0x00	; 0
   007D 00                  164 	.db #0x00	; 0
   007E 04                  165 	.db #0x04	; 4
   007F 03                  166 	.db #0x03	; 3
   0080 00                  167 	.db #0x00	; 0
   0081 00                  168 	.db #0x00	; 0
   0082 10                  169 	.db #0x10	; 16
   0083 10                  170 	.db #0x10	; 16
   0084 10                  171 	.db #0x10	; 16
   0085 00                  172 	.db #0x00	; 0
   0086 04                  173 	.db #0x04	; 4
   0087 03                  174 	.db #0x03	; 3
   0088 00                  175 	.db #0x00	; 0
   0089 00                  176 	.db #0x00	; 0
   008A 10                  177 	.db #0x10	; 16
   008B 10                  178 	.db #0x10	; 16
   008C 10                  179 	.db #0x10	; 16
   008D 10                  180 	.db #0x10	; 16
   008E 11                  181 	.db #0x11	; 17
   008F 10                  182 	.db #0x10	; 16
   0090 10                  183 	.db #0x10	; 16
   0091 11                  184 	.db #0x11	; 17
   0092 00                  185 	.db #0x00	; 0
   0093 10                  186 	.db #0x10	; 16
   0094 10                  187 	.db #0x10	; 16
   0095 00                  188 	.db #0x00	; 0
   0096 00                  189 	.db #0x00	; 0
   0097 04                  190 	.db #0x04	; 4
   0098 03                  191 	.db #0x03	; 3
   0099 00                  192 	.db #0x00	; 0
   009A 00                  193 	.db #0x00	; 0
   009B 13                  194 	.db #0x13	; 19
   009C 14                  195 	.db #0x14	; 20
   009D 10                  196 	.db #0x10	; 16
   009E 00                  197 	.db #0x00	; 0
   009F 04                  198 	.db #0x04	; 4
   00A0 03                  199 	.db #0x03	; 3
   00A1 00                  200 	.db #0x00	; 0
   00A2 11                  201 	.db #0x11	; 17
   00A3 10                  202 	.db #0x10	; 16
   00A4 00                  203 	.db #0x00	; 0
   00A5 00                  204 	.db #0x00	; 0
   00A6 04                  205 	.db #0x04	; 4
   00A7 03                  206 	.db #0x03	; 3
   00A8 00                  207 	.db #0x00	; 0
   00A9 10                  208 	.db #0x10	; 16
   00AA 10                  209 	.db #0x10	; 16
   00AB 10                  210 	.db #0x10	; 16
   00AC 10                  211 	.db #0x10	; 16
   00AD 00                  212 	.db #0x00	; 0
   00AE 04                  213 	.db #0x04	; 4
   00AF 03                  214 	.db #0x03	; 3
   00B0 00                  215 	.db #0x00	; 0
   00B1 00                  216 	.db #0x00	; 0
   00B2 00                  217 	.db #0x00	; 0
   00B3 10                  218 	.db #0x10	; 16
   00B4 10                  219 	.db #0x10	; 16
   00B5 11                  220 	.db #0x11	; 17
   00B6 10                  221 	.db #0x10	; 16
   00B7 10                  222 	.db #0x10	; 16
   00B8 10                  223 	.db #0x10	; 16
   00B9 00                  224 	.db #0x00	; 0
   00BA 10                  225 	.db #0x10	; 16
   00BB 10                  226 	.db #0x10	; 16
   00BC 10                  227 	.db #0x10	; 16
   00BD 00                  228 	.db #0x00	; 0
   00BE 00                  229 	.db #0x00	; 0
   00BF 04                  230 	.db #0x04	; 4
   00C0 03                  231 	.db #0x03	; 3
   00C1 00                  232 	.db #0x00	; 0
   00C2 00                  233 	.db #0x00	; 0
   00C3 16                  234 	.db #0x16	; 22
   00C4 15                  235 	.db #0x15	; 21
   00C5 10                  236 	.db #0x10	; 16
   00C6 00                  237 	.db #0x00	; 0
   00C7 04                  238 	.db #0x04	; 4
   00C8 03                  239 	.db #0x03	; 3
   00C9 00                  240 	.db #0x00	; 0
   00CA 10                  241 	.db #0x10	; 16
   00CB 00                  242 	.db #0x00	; 0
   00CC 00                  243 	.db #0x00	; 0
   00CD 00                  244 	.db #0x00	; 0
   00CE 04                  245 	.db #0x04	; 4
   00CF 03                  246 	.db #0x03	; 3
   00D0 00                  247 	.db #0x00	; 0
   00D1 00                  248 	.db #0x00	; 0
   00D2 10                  249 	.db #0x10	; 16
   00D3 10                  250 	.db #0x10	; 16
   00D4 00                  251 	.db #0x00	; 0
   00D5 00                  252 	.db #0x00	; 0
   00D6 04                  253 	.db #0x04	; 4
   00D7 03                  254 	.db #0x03	; 3
   00D8 00                  255 	.db #0x00	; 0
   00D9 00                  256 	.db #0x00	; 0
   00DA 00                  257 	.db #0x00	; 0
   00DB 0A                  258 	.db #0x0a	; 10
   00DC 02                  259 	.db #0x02	; 2
   00DD 02                  260 	.db #0x02	; 2
   00DE 0E                  261 	.db #0x0e	; 14
   00DF 02                  262 	.db #0x02	; 2
   00E0 02                  263 	.db #0x02	; 2
   00E1 0C                  264 	.db #0x0c	; 12
   00E2 10                  265 	.db #0x10	; 16
   00E3 10                  266 	.db #0x10	; 16
   00E4 10                  267 	.db #0x10	; 16
   00E5 00                  268 	.db #0x00	; 0
   00E6 00                  269 	.db #0x00	; 0
   00E7 04                  270 	.db #0x04	; 4
   00E8 03                  271 	.db #0x03	; 3
   00E9 00                  272 	.db #0x00	; 0
   00EA 00                  273 	.db #0x00	; 0
   00EB 11                  274 	.db #0x11	; 17
   00EC 11                  275 	.db #0x11	; 17
   00ED 00                  276 	.db #0x00	; 0
   00EE 00                  277 	.db #0x00	; 0
   00EF 04                  278 	.db #0x04	; 4
   00F0 03                  279 	.db #0x03	; 3
   00F1 10                  280 	.db #0x10	; 16
   00F2 00                  281 	.db #0x00	; 0
   00F3 00                  282 	.db #0x00	; 0
   00F4 00                  283 	.db #0x00	; 0
   00F5 00                  284 	.db #0x00	; 0
   00F6 04                  285 	.db #0x04	; 4
   00F7 03                  286 	.db #0x03	; 3
   00F8 00                  287 	.db #0x00	; 0
   00F9 00                  288 	.db #0x00	; 0
   00FA 00                  289 	.db #0x00	; 0
   00FB 00                  290 	.db #0x00	; 0
   00FC 00                  291 	.db #0x00	; 0
   00FD 00                  292 	.db #0x00	; 0
   00FE 04                  293 	.db #0x04	; 4
   00FF 03                  294 	.db #0x03	; 3
   0100 00                  295 	.db #0x00	; 0
   0101 00                  296 	.db #0x00	; 0
   0102 00                  297 	.db #0x00	; 0
   0103 0B                  298 	.db #0x0b	; 11
   0104 05                  299 	.db #0x05	; 5
   0105 05                  300 	.db #0x05	; 5
   0106 05                  301 	.db #0x05	; 5
   0107 05                  302 	.db #0x05	; 5
   0108 05                  303 	.db #0x05	; 5
   0109 0D                  304 	.db #0x0d	; 13
   010A 11                  305 	.db #0x11	; 17
   010B 10                  306 	.db #0x10	; 16
   010C 00                  307 	.db #0x00	; 0
   010D 00                  308 	.db #0x00	; 0
   010E 00                  309 	.db #0x00	; 0
   010F 04                  310 	.db #0x04	; 4
   0110 03                  311 	.db #0x03	; 3
   0111 00                  312 	.db #0x00	; 0
   0112 00                  313 	.db #0x00	; 0
   0113 00                  314 	.db #0x00	; 0
   0114 11                  315 	.db #0x11	; 17
   0115 10                  316 	.db #0x10	; 16
   0116 00                  317 	.db #0x00	; 0
   0117 04                  318 	.db #0x04	; 4
   0118 03                  319 	.db #0x03	; 3
   0119 00                  320 	.db #0x00	; 0
   011A 00                  321 	.db #0x00	; 0
   011B 00                  322 	.db #0x00	; 0
   011C 00                  323 	.db #0x00	; 0
   011D 00                  324 	.db #0x00	; 0
   011E 04                  325 	.db #0x04	; 4
   011F 03                  326 	.db #0x03	; 3
   0120 00                  327 	.db #0x00	; 0
   0121 00                  328 	.db #0x00	; 0
   0122 00                  329 	.db #0x00	; 0
   0123 00                  330 	.db #0x00	; 0
   0124 00                  331 	.db #0x00	; 0
   0125 00                  332 	.db #0x00	; 0
   0126 04                  333 	.db #0x04	; 4
   0127 03                  334 	.db #0x03	; 3
   0128 00                  335 	.db #0x00	; 0
   0129 00                  336 	.db #0x00	; 0
   012A 00                  337 	.db #0x00	; 0
   012B 00                  338 	.db #0x00	; 0
   012C 00                  339 	.db #0x00	; 0
   012D 00                  340 	.db #0x00	; 0
   012E 00                  341 	.db #0x00	; 0
   012F 00                  342 	.db #0x00	; 0
   0130 10                  343 	.db #0x10	; 16
   0131 00                  344 	.db #0x00	; 0
   0132 00                  345 	.db #0x00	; 0
   0133 00                  346 	.db #0x00	; 0
   0134 00                  347 	.db #0x00	; 0
   0135 00                  348 	.db #0x00	; 0
   0136 00                  349 	.db #0x00	; 0
   0137 0B                  350 	.db #0x0b	; 11
   0138 0D                  351 	.db #0x0d	; 13
   0139 00                  352 	.db #0x00	; 0
   013A 00                  353 	.db #0x00	; 0
   013B 00                  354 	.db #0x00	; 0
   013C 00                  355 	.db #0x00	; 0
   013D 00                  356 	.db #0x00	; 0
   013E 00                  357 	.db #0x00	; 0
   013F 04                  358 	.db #0x04	; 4
   0140 03                  359 	.db #0x03	; 3
   0141 00                  360 	.db #0x00	; 0
   0142 00                  361 	.db #0x00	; 0
   0143 00                  362 	.db #0x00	; 0
   0144 00                  363 	.db #0x00	; 0
   0145 00                  364 	.db #0x00	; 0
   0146 04                  365 	.db #0x04	; 4
   0147 03                  366 	.db #0x03	; 3
   0148 00                  367 	.db #0x00	; 0
   0149 00                  368 	.db #0x00	; 0
   014A 00                  369 	.db #0x00	; 0
   014B 00                  370 	.db #0x00	; 0
   014C 00                  371 	.db #0x00	; 0
   014D 00                  372 	.db #0x00	; 0
   014E 0B                  373 	.db #0x0b	; 11
   014F 0D                  374 	.db #0x0d	; 13
   0150 00                  375 	.db #0x00	; 0
   0151 00                  376 	.db #0x00	; 0
   0152 00                  377 	.db #0x00	; 0
   0153 00                  378 	.db #0x00	; 0
   0154 00                  379 	.db #0x00	; 0
   0155 00                  380 	.db #0x00	; 0
   0156 00                  381 	.db #0x00	; 0
   0157 00                  382 	.db #0x00	; 0
   0158 00                  383 	.db #0x00	; 0
   0159 00                  384 	.db #0x00	; 0
   015A 00                  385 	.db #0x00	; 0
   015B 00                  386 	.db #0x00	; 0
   015C 00                  387 	.db #0x00	; 0
   015D 00                  388 	.db #0x00	; 0
   015E 00                  389 	.db #0x00	; 0
   015F 00                  390 	.db #0x00	; 0
   0160 00                  391 	.db #0x00	; 0
   0161 00                  392 	.db #0x00	; 0
   0162 00                  393 	.db #0x00	; 0
   0163 00                  394 	.db #0x00	; 0
   0164 00                  395 	.db #0x00	; 0
   0165 00                  396 	.db #0x00	; 0
   0166 00                  397 	.db #0x00	; 0
   0167 04                  398 	.db #0x04	; 4
   0168 03                  399 	.db #0x03	; 3
   0169 00                  400 	.db #0x00	; 0
   016A 00                  401 	.db #0x00	; 0
   016B 00                  402 	.db #0x00	; 0
   016C 00                  403 	.db #0x00	; 0
   016D 00                  404 	.db #0x00	; 0
   016E 04                  405 	.db #0x04	; 4
   016F 03                  406 	.db #0x03	; 3
   0170 00                  407 	.db #0x00	; 0
   0171 00                  408 	.db #0x00	; 0
   0172 00                  409 	.db #0x00	; 0
   0173 00                  410 	.db #0x00	; 0
   0174 00                  411 	.db #0x00	; 0
   0175 00                  412 	.db #0x00	; 0
   0176 00                  413 	.db #0x00	; 0
   0177 00                  414 	.db #0x00	; 0
   0178 00                  415 	.db #0x00	; 0
   0179 00                  416 	.db #0x00	; 0
   017A 00                  417 	.db #0x00	; 0
   017B 00                  418 	.db #0x00	; 0
   017C 00                  419 	.db #0x00	; 0
   017D 00                  420 	.db #0x00	; 0
   017E 00                  421 	.db #0x00	; 0
   017F 00                  422 	.db #0x00	; 0
   0180 00                  423 	.db #0x00	; 0
   0181 00                  424 	.db #0x00	; 0
   0182 00                  425 	.db #0x00	; 0
   0183 00                  426 	.db #0x00	; 0
   0184 00                  427 	.db #0x00	; 0
   0185 00                  428 	.db #0x00	; 0
   0186 00                  429 	.db #0x00	; 0
   0187 00                  430 	.db #0x00	; 0
   0188 00                  431 	.db #0x00	; 0
   0189 00                  432 	.db #0x00	; 0
   018A 00                  433 	.db #0x00	; 0
   018B 00                  434 	.db #0x00	; 0
   018C 00                  435 	.db #0x00	; 0
   018D 00                  436 	.db #0x00	; 0
   018E 00                  437 	.db #0x00	; 0
   018F 04                  438 	.db #0x04	; 4
   0190 03                  439 	.db #0x03	; 3
   0191 00                  440 	.db #0x00	; 0
   0192 00                  441 	.db #0x00	; 0
   0193 00                  442 	.db #0x00	; 0
   0194 00                  443 	.db #0x00	; 0
   0195 00                  444 	.db #0x00	; 0
   0196 0B                  445 	.db #0x0b	; 11
   0197 0D                  446 	.db #0x0d	; 13
   0198 00                  447 	.db #0x00	; 0
   0199 00                  448 	.db #0x00	; 0
   019A 00                  449 	.db #0x00	; 0
   019B 00                  450 	.db #0x00	; 0
   019C 00                  451 	.db #0x00	; 0
   019D 00                  452 	.db #0x00	; 0
   019E 00                  453 	.db #0x00	; 0
   019F 00                  454 	.db #0x00	; 0
   01A0 00                  455 	.db #0x00	; 0
   01A1 00                  456 	.db #0x00	; 0
   01A2 00                  457 	.db #0x00	; 0
   01A3 00                  458 	.db #0x00	; 0
   01A4 00                  459 	.db #0x00	; 0
   01A5 00                  460 	.db #0x00	; 0
   01A6 00                  461 	.db #0x00	; 0
   01A7 0A                  462 	.db #0x0a	; 10
   01A8 02                  463 	.db #0x02	; 2
   01A9 02                  464 	.db #0x02	; 2
   01AA 02                  465 	.db #0x02	; 2
   01AB 02                  466 	.db #0x02	; 2
   01AC 02                  467 	.db #0x02	; 2
   01AD 0C                  468 	.db #0x0c	; 12
   01AE 00                  469 	.db #0x00	; 0
   01AF 00                  470 	.db #0x00	; 0
   01B0 00                  471 	.db #0x00	; 0
   01B1 00                  472 	.db #0x00	; 0
   01B2 00                  473 	.db #0x00	; 0
   01B3 0A                  474 	.db #0x0a	; 10
   01B4 02                  475 	.db #0x02	; 2
   01B5 02                  476 	.db #0x02	; 2
   01B6 02                  477 	.db #0x02	; 2
   01B7 04                  478 	.db #0x04	; 4
   01B8 03                  479 	.db #0x03	; 3
   01B9 00                  480 	.db #0x00	; 0
   01BA 00                  481 	.db #0x00	; 0
   01BB 00                  482 	.db #0x00	; 0
   01BC 00                  483 	.db #0x00	; 0
   01BD 00                  484 	.db #0x00	; 0
   01BE 00                  485 	.db #0x00	; 0
   01BF 00                  486 	.db #0x00	; 0
   01C0 00                  487 	.db #0x00	; 0
   01C1 00                  488 	.db #0x00	; 0
   01C2 00                  489 	.db #0x00	; 0
   01C3 00                  490 	.db #0x00	; 0
   01C4 00                  491 	.db #0x00	; 0
   01C5 00                  492 	.db #0x00	; 0
   01C6 00                  493 	.db #0x00	; 0
   01C7 00                  494 	.db #0x00	; 0
   01C8 00                  495 	.db #0x00	; 0
   01C9 0A                  496 	.db #0x0a	; 10
   01CA 0C                  497 	.db #0x0c	; 12
   01CB 00                  498 	.db #0x00	; 0
   01CC 10                  499 	.db #0x10	; 16
   01CD 00                  500 	.db #0x00	; 0
   01CE 00                  501 	.db #0x00	; 0
   01CF 0B                  502 	.db #0x0b	; 11
   01D0 05                  503 	.db #0x05	; 5
   01D1 05                  504 	.db #0x05	; 5
   01D2 05                  505 	.db #0x05	; 5
   01D3 05                  506 	.db #0x05	; 5
   01D4 05                  507 	.db #0x05	; 5
   01D5 0D                  508 	.db #0x0d	; 13
   01D6 10                  509 	.db #0x10	; 16
   01D7 00                  510 	.db #0x00	; 0
   01D8 00                  511 	.db #0x00	; 0
   01D9 00                  512 	.db #0x00	; 0
   01DA 00                  513 	.db #0x00	; 0
   01DB 0B                  514 	.db #0x0b	; 11
   01DC 05                  515 	.db #0x05	; 5
   01DD 05                  516 	.db #0x05	; 5
   01DE 05                  517 	.db #0x05	; 5
   01DF 04                  518 	.db #0x04	; 4
   01E0 03                  519 	.db #0x03	; 3
   01E1 00                  520 	.db #0x00	; 0
   01E2 10                  521 	.db #0x10	; 16
   01E3 10                  522 	.db #0x10	; 16
   01E4 00                  523 	.db #0x00	; 0
   01E5 00                  524 	.db #0x00	; 0
   01E6 10                  525 	.db #0x10	; 16
   01E7 10                  526 	.db #0x10	; 16
   01E8 11                  527 	.db #0x11	; 17
   01E9 11                  528 	.db #0x11	; 17
   01EA 00                  529 	.db #0x00	; 0
   01EB 00                  530 	.db #0x00	; 0
   01EC 00                  531 	.db #0x00	; 0
   01ED 00                  532 	.db #0x00	; 0
   01EE 10                  533 	.db #0x10	; 16
   01EF 10                  534 	.db #0x10	; 16
   01F0 10                  535 	.db #0x10	; 16
   01F1 04                  536 	.db #0x04	; 4
   01F2 03                  537 	.db #0x03	; 3
   01F3 10                  538 	.db #0x10	; 16
   01F4 11                  539 	.db #0x11	; 17
   01F5 00                  540 	.db #0x00	; 0
   01F6 00                  541 	.db #0x00	; 0
   01F7 00                  542 	.db #0x00	; 0
   01F8 00                  543 	.db #0x00	; 0
   01F9 00                  544 	.db #0x00	; 0
   01FA 00                  545 	.db #0x00	; 0
   01FB 00                  546 	.db #0x00	; 0
   01FC 00                  547 	.db #0x00	; 0
   01FD 10                  548 	.db #0x10	; 16
   01FE 10                  549 	.db #0x10	; 16
   01FF 00                  550 	.db #0x00	; 0
   0200 00                  551 	.db #0x00	; 0
   0201 00                  552 	.db #0x00	; 0
   0202 00                  553 	.db #0x00	; 0
   0203 00                  554 	.db #0x00	; 0
   0204 00                  555 	.db #0x00	; 0
   0205 00                  556 	.db #0x00	; 0
   0206 00                  557 	.db #0x00	; 0
   0207 04                  558 	.db #0x04	; 4
   0208 03                  559 	.db #0x03	; 3
   0209 00                  560 	.db #0x00	; 0
   020A 00                  561 	.db #0x00	; 0
   020B 10                  562 	.db #0x10	; 16
   020C 00                  563 	.db #0x00	; 0
   020D 00                  564 	.db #0x00	; 0
   020E 0A                  565 	.db #0x0a	; 10
   020F 0C                  566 	.db #0x0c	; 12
   0210 10                  567 	.db #0x10	; 16
   0211 11                  568 	.db #0x11	; 17
   0212 11                  569 	.db #0x11	; 17
   0213 11                  570 	.db #0x11	; 17
   0214 10                  571 	.db #0x10	; 16
   0215 10                  572 	.db #0x10	; 16
   0216 10                  573 	.db #0x10	; 16
   0217 11                  574 	.db #0x11	; 17
   0218 10                  575 	.db #0x10	; 16
   0219 04                  576 	.db #0x04	; 4
   021A 03                  577 	.db #0x03	; 3
   021B 10                  578 	.db #0x10	; 16
   021C 10                  579 	.db #0x10	; 16
   021D 00                  580 	.db #0x00	; 0
   021E 00                  581 	.db #0x00	; 0
   021F 00                  582 	.db #0x00	; 0
   0220 00                  583 	.db #0x00	; 0
   0221 00                  584 	.db #0x00	; 0
   0222 00                  585 	.db #0x00	; 0
   0223 00                  586 	.db #0x00	; 0
   0224 00                  587 	.db #0x00	; 0
   0225 00                  588 	.db #0x00	; 0
   0226 10                  589 	.db #0x10	; 16
   0227 00                  590 	.db #0x00	; 0
   0228 00                  591 	.db #0x00	; 0
   0229 00                  592 	.db #0x00	; 0
   022A 00                  593 	.db #0x00	; 0
   022B 00                  594 	.db #0x00	; 0
   022C 00                  595 	.db #0x00	; 0
   022D 00                  596 	.db #0x00	; 0
   022E 00                  597 	.db #0x00	; 0
   022F 04                  598 	.db #0x04	; 4
   0230 03                  599 	.db #0x03	; 3
   0231 00                  600 	.db #0x00	; 0
   0232 00                  601 	.db #0x00	; 0
   0233 00                  602 	.db #0x00	; 0
   0234 00                  603 	.db #0x00	; 0
   0235 00                  604 	.db #0x00	; 0
   0236 04                  605 	.db #0x04	; 4
   0237 03                  606 	.db #0x03	; 3
   0238 00                  607 	.db #0x00	; 0
   0239 00                  608 	.db #0x00	; 0
   023A 00                  609 	.db #0x00	; 0
   023B 10                  610 	.db #0x10	; 16
   023C 10                  611 	.db #0x10	; 16
   023D 10                  612 	.db #0x10	; 16
   023E 10                  613 	.db #0x10	; 16
   023F 10                  614 	.db #0x10	; 16
   0240 10                  615 	.db #0x10	; 16
   0241 04                  616 	.db #0x04	; 4
   0242 03                  617 	.db #0x03	; 3
   0243 00                  618 	.db #0x00	; 0
   0244 00                  619 	.db #0x00	; 0
   0245 00                  620 	.db #0x00	; 0
   0246 00                  621 	.db #0x00	; 0
   0247 11                  622 	.db #0x11	; 17
   0248 00                  623 	.db #0x00	; 0
   0249 00                  624 	.db #0x00	; 0
   024A 00                  625 	.db #0x00	; 0
   024B 00                  626 	.db #0x00	; 0
   024C 00                  627 	.db #0x00	; 0
   024D 00                  628 	.db #0x00	; 0
   024E 00                  629 	.db #0x00	; 0
   024F 00                  630 	.db #0x00	; 0
   0250 00                  631 	.db #0x00	; 0
   0251 00                  632 	.db #0x00	; 0
   0252 00                  633 	.db #0x00	; 0
   0253 00                  634 	.db #0x00	; 0
   0254 00                  635 	.db #0x00	; 0
   0255 00                  636 	.db #0x00	; 0
   0256 00                  637 	.db #0x00	; 0
   0257 04                  638 	.db #0x04	; 4
   0258 03                  639 	.db #0x03	; 3
   0259 00                  640 	.db #0x00	; 0
   025A 00                  641 	.db #0x00	; 0
   025B 00                  642 	.db #0x00	; 0
   025C 00                  643 	.db #0x00	; 0
   025D 00                  644 	.db #0x00	; 0
   025E 04                  645 	.db #0x04	; 4
   025F 03                  646 	.db #0x03	; 3
   0260 00                  647 	.db #0x00	; 0
   0261 00                  648 	.db #0x00	; 0
   0262 00                  649 	.db #0x00	; 0
   0263 00                  650 	.db #0x00	; 0
   0264 00                  651 	.db #0x00	; 0
   0265 00                  652 	.db #0x00	; 0
   0266 00                  653 	.db #0x00	; 0
   0267 00                  654 	.db #0x00	; 0
   0268 00                  655 	.db #0x00	; 0
   0269 04                  656 	.db #0x04	; 4
   026A 03                  657 	.db #0x03	; 3
   026B 00                  658 	.db #0x00	; 0
   026C 00                  659 	.db #0x00	; 0
   026D 00                  660 	.db #0x00	; 0
   026E 00                  661 	.db #0x00	; 0
   026F 00                  662 	.db #0x00	; 0
   0270 00                  663 	.db #0x00	; 0
   0271 00                  664 	.db #0x00	; 0
   0272 00                  665 	.db #0x00	; 0
   0273 00                  666 	.db #0x00	; 0
   0274 00                  667 	.db #0x00	; 0
   0275 00                  668 	.db #0x00	; 0
   0276 00                  669 	.db #0x00	; 0
   0277 00                  670 	.db #0x00	; 0
   0278 00                  671 	.db #0x00	; 0
   0279 00                  672 	.db #0x00	; 0
   027A 00                  673 	.db #0x00	; 0
   027B 00                  674 	.db #0x00	; 0
   027C 00                  675 	.db #0x00	; 0
   027D 00                  676 	.db #0x00	; 0
   027E 00                  677 	.db #0x00	; 0
   027F 04                  678 	.db #0x04	; 4
   0280 06                  679 	.db #0x06	; 6
   0281 02                  680 	.db #0x02	; 2
   0282 02                  681 	.db #0x02	; 2
   0283 02                  682 	.db #0x02	; 2
   0284 02                  683 	.db #0x02	; 2
   0285 02                  684 	.db #0x02	; 2
   0286 02                  685 	.db #0x02	; 2
   0287 02                  686 	.db #0x02	; 2
   0288 02                  687 	.db #0x02	; 2
   0289 02                  688 	.db #0x02	; 2
   028A 02                  689 	.db #0x02	; 2
   028B 02                  690 	.db #0x02	; 2
   028C 02                  691 	.db #0x02	; 2
   028D 02                  692 	.db #0x02	; 2
   028E 0E                  693 	.db #0x0e	; 14
   028F 0E                  694 	.db #0x0e	; 14
   0290 02                  695 	.db #0x02	; 2
   0291 02                  696 	.db #0x02	; 2
   0292 02                  697 	.db #0x02	; 2
   0293 02                  698 	.db #0x02	; 2
   0294 02                  699 	.db #0x02	; 2
   0295 02                  700 	.db #0x02	; 2
   0296 02                  701 	.db #0x02	; 2
   0297 02                  702 	.db #0x02	; 2
   0298 0E                  703 	.db #0x0e	; 14
   0299 0E                  704 	.db #0x0e	; 14
   029A 0E                  705 	.db #0x0e	; 14
   029B 0E                  706 	.db #0x0e	; 14
   029C 0E                  707 	.db #0x0e	; 14
   029D 0E                  708 	.db #0x0e	; 14
   029E 0E                  709 	.db #0x0e	; 14
   029F 02                  710 	.db #0x02	; 2
   02A0 02                  711 	.db #0x02	; 2
   02A1 02                  712 	.db #0x02	; 2
   02A2 02                  713 	.db #0x02	; 2
   02A3 02                  714 	.db #0x02	; 2
   02A4 02                  715 	.db #0x02	; 2
   02A5 02                  716 	.db #0x02	; 2
   02A6 02                  717 	.db #0x02	; 2
   02A7 07                  718 	.db #0x07	; 7
   02A8 01                  719 	.db #0x01	; 1
   02A9 01                  720 	.db #0x01	; 1
   02AA 01                  721 	.db #0x01	; 1
   02AB 01                  722 	.db #0x01	; 1
   02AC 01                  723 	.db #0x01	; 1
   02AD 01                  724 	.db #0x01	; 1
   02AE 01                  725 	.db #0x01	; 1
   02AF 01                  726 	.db #0x01	; 1
   02B0 01                  727 	.db #0x01	; 1
   02B1 01                  728 	.db #0x01	; 1
   02B2 01                  729 	.db #0x01	; 1
   02B3 01                  730 	.db #0x01	; 1
   02B4 01                  731 	.db #0x01	; 1
   02B5 01                  732 	.db #0x01	; 1
   02B6 01                  733 	.db #0x01	; 1
   02B7 01                  734 	.db #0x01	; 1
   02B8 01                  735 	.db #0x01	; 1
   02B9 01                  736 	.db #0x01	; 1
   02BA 01                  737 	.db #0x01	; 1
   02BB 01                  738 	.db #0x01	; 1
   02BC 01                  739 	.db #0x01	; 1
   02BD 01                  740 	.db #0x01	; 1
   02BE 01                  741 	.db #0x01	; 1
   02BF 01                  742 	.db #0x01	; 1
   02C0 01                  743 	.db #0x01	; 1
   02C1 01                  744 	.db #0x01	; 1
   02C2 01                  745 	.db #0x01	; 1
   02C3 01                  746 	.db #0x01	; 1
   02C4 01                  747 	.db #0x01	; 1
   02C5 01                  748 	.db #0x01	; 1
   02C6 01                  749 	.db #0x01	; 1
   02C7 01                  750 	.db #0x01	; 1
   02C8 01                  751 	.db #0x01	; 1
   02C9 01                  752 	.db #0x01	; 1
   02CA 01                  753 	.db #0x01	; 1
   02CB 01                  754 	.db #0x01	; 1
   02CC 01                  755 	.db #0x01	; 1
   02CD 01                  756 	.db #0x01	; 1
   02CE 01                  757 	.db #0x01	; 1
   02CF 01                  758 	.db #0x01	; 1
                            759 	.area _CABS (ABS)
