                              1 ;--------------------------------------------------------
                              2 ; File Created by SDCC : free open source ANSI-C Compiler
                              3 ; Version 3.6.0 #9615 (MINGW64)
                              4 ;--------------------------------------------------------
                              5 	.module map3_b3
                              6 	.optsdcc -mgbz80
                              7 	
                              8 ;--------------------------------------------------------
                              9 ; Public variables in this module
                             10 ;--------------------------------------------------------
                             11 	.globl _map3
                             12 ;--------------------------------------------------------
                             13 ; ram data
                             14 ;--------------------------------------------------------
                             15 	.area _DATA
                             16 ;--------------------------------------------------------
                             17 ; absolute external ram data
                             18 ;--------------------------------------------------------
                             19 	.area _DABS (ABS)
                             20 ;--------------------------------------------------------
                             21 ; global & static initialisations
                             22 ;--------------------------------------------------------
                             23 	.area _HOME
                             24 	.area _GSINIT
                             25 	.area _GSFINAL
                             26 	.area _GSINIT
                             27 ;--------------------------------------------------------
                             28 ; Home
                             29 ;--------------------------------------------------------
                             30 	.area _HOME
                             31 	.area _HOME
                             32 ;--------------------------------------------------------
                             33 ; code
                             34 ;--------------------------------------------------------
                             35 	.area _CODE
                             36 	.area _CODE
                             37 	.area _CODE_3
   0000                      38 _map3:
   0000 08                   39 	.db #0x08	; 8
   0001 05                   40 	.db #0x05	; 5
   0002 05                   41 	.db #0x05	; 5
   0003 05                   42 	.db #0x05	; 5
   0004 05                   43 	.db #0x05	; 5
   0005 05                   44 	.db #0x05	; 5
   0006 05                   45 	.db #0x05	; 5
   0007 05                   46 	.db #0x05	; 5
   0008 05                   47 	.db #0x05	; 5
   0009 05                   48 	.db #0x05	; 5
   000A 05                   49 	.db #0x05	; 5
   000B 05                   50 	.db #0x05	; 5
   000C 05                   51 	.db #0x05	; 5
   000D 09                   52 	.db #0x09	; 9
   000E 08                   53 	.db #0x08	; 8
   000F 05                   54 	.db #0x05	; 5
   0010 05                   55 	.db #0x05	; 5
   0011 05                   56 	.db #0x05	; 5
   0012 05                   57 	.db #0x05	; 5
   0013 05                   58 	.db #0x05	; 5
   0014 05                   59 	.db #0x05	; 5
   0015 05                   60 	.db #0x05	; 5
   0016 05                   61 	.db #0x05	; 5
   0017 05                   62 	.db #0x05	; 5
   0018 05                   63 	.db #0x05	; 5
   0019 05                   64 	.db #0x05	; 5
   001A 05                   65 	.db #0x05	; 5
   001B 05                   66 	.db #0x05	; 5
   001C 05                   67 	.db #0x05	; 5
   001D 05                   68 	.db #0x05	; 5
   001E 05                   69 	.db #0x05	; 5
   001F 05                   70 	.db #0x05	; 5
   0020 05                   71 	.db #0x05	; 5
   0021 09                   72 	.db #0x09	; 9
   0022 01                   73 	.db #0x01	; 1
   0023 01                   74 	.db #0x01	; 1
   0024 01                   75 	.db #0x01	; 1
   0025 01                   76 	.db #0x01	; 1
   0026 01                   77 	.db #0x01	; 1
   0027 01                   78 	.db #0x01	; 1
   0028 03                   79 	.db #0x03	; 3
   0029 12                   80 	.db #0x12	; 18
   002A 00                   81 	.db #0x00	; 0
   002B 00                   82 	.db #0x00	; 0
   002C 00                   83 	.db #0x00	; 0
   002D 00                   84 	.db #0x00	; 0
   002E 00                   85 	.db #0x00	; 0
   002F 00                   86 	.db #0x00	; 0
   0030 00                   87 	.db #0x00	; 0
   0031 00                   88 	.db #0x00	; 0
   0032 00                   89 	.db #0x00	; 0
   0033 00                   90 	.db #0x00	; 0
   0034 10                   91 	.db #0x10	; 16
   0035 04                   92 	.db #0x04	; 4
   0036 03                   93 	.db #0x03	; 3
   0037 00                   94 	.db #0x00	; 0
   0038 00                   95 	.db #0x00	; 0
   0039 00                   96 	.db #0x00	; 0
   003A 00                   97 	.db #0x00	; 0
   003B 00                   98 	.db #0x00	; 0
   003C 00                   99 	.db #0x00	; 0
   003D 00                  100 	.db #0x00	; 0
   003E 00                  101 	.db #0x00	; 0
   003F 00                  102 	.db #0x00	; 0
   0040 00                  103 	.db #0x00	; 0
   0041 00                  104 	.db #0x00	; 0
   0042 00                  105 	.db #0x00	; 0
   0043 00                  106 	.db #0x00	; 0
   0044 00                  107 	.db #0x00	; 0
   0045 00                  108 	.db #0x00	; 0
   0046 00                  109 	.db #0x00	; 0
   0047 0F                  110 	.db #0x0f	; 15
   0048 0F                  111 	.db #0x0f	; 15
   0049 04                  112 	.db #0x04	; 4
   004A 01                  113 	.db #0x01	; 1
   004B 01                  114 	.db #0x01	; 1
   004C 01                  115 	.db #0x01	; 1
   004D 01                  116 	.db #0x01	; 1
   004E 01                  117 	.db #0x01	; 1
   004F 01                  118 	.db #0x01	; 1
   0050 03                  119 	.db #0x03	; 3
   0051 00                  120 	.db #0x00	; 0
   0052 00                  121 	.db #0x00	; 0
   0053 00                  122 	.db #0x00	; 0
   0054 00                  123 	.db #0x00	; 0
   0055 00                  124 	.db #0x00	; 0
   0056 00                  125 	.db #0x00	; 0
   0057 00                  126 	.db #0x00	; 0
   0058 00                  127 	.db #0x00	; 0
   0059 00                  128 	.db #0x00	; 0
   005A 00                  129 	.db #0x00	; 0
   005B 00                  130 	.db #0x00	; 0
   005C 00                  131 	.db #0x00	; 0
   005D 04                  132 	.db #0x04	; 4
   005E 03                  133 	.db #0x03	; 3
   005F 00                  134 	.db #0x00	; 0
   0060 00                  135 	.db #0x00	; 0
   0061 00                  136 	.db #0x00	; 0
   0062 00                  137 	.db #0x00	; 0
   0063 00                  138 	.db #0x00	; 0
   0064 00                  139 	.db #0x00	; 0
   0065 00                  140 	.db #0x00	; 0
   0066 00                  141 	.db #0x00	; 0
   0067 00                  142 	.db #0x00	; 0
   0068 00                  143 	.db #0x00	; 0
   0069 00                  144 	.db #0x00	; 0
   006A 00                  145 	.db #0x00	; 0
   006B 00                  146 	.db #0x00	; 0
   006C 00                  147 	.db #0x00	; 0
   006D 00                  148 	.db #0x00	; 0
   006E 00                  149 	.db #0x00	; 0
   006F 00                  150 	.db #0x00	; 0
   0070 00                  151 	.db #0x00	; 0
   0071 04                  152 	.db #0x04	; 4
   0072 01                  153 	.db #0x01	; 1
   0073 01                  154 	.db #0x01	; 1
   0074 01                  155 	.db #0x01	; 1
   0075 01                  156 	.db #0x01	; 1
   0076 01                  157 	.db #0x01	; 1
   0077 01                  158 	.db #0x01	; 1
   0078 03                  159 	.db #0x03	; 3
   0079 00                  160 	.db #0x00	; 0
   007A 00                  161 	.db #0x00	; 0
   007B 00                  162 	.db #0x00	; 0
   007C 00                  163 	.db #0x00	; 0
   007D 00                  164 	.db #0x00	; 0
   007E 11                  165 	.db #0x11	; 17
   007F 11                  166 	.db #0x11	; 17
   0080 11                  167 	.db #0x11	; 17
   0081 00                  168 	.db #0x00	; 0
   0082 00                  169 	.db #0x00	; 0
   0083 00                  170 	.db #0x00	; 0
   0084 00                  171 	.db #0x00	; 0
   0085 04                  172 	.db #0x04	; 4
   0086 03                  173 	.db #0x03	; 3
   0087 00                  174 	.db #0x00	; 0
   0088 00                  175 	.db #0x00	; 0
   0089 00                  176 	.db #0x00	; 0
   008A 00                  177 	.db #0x00	; 0
   008B 00                  178 	.db #0x00	; 0
   008C 00                  179 	.db #0x00	; 0
   008D 00                  180 	.db #0x00	; 0
   008E 00                  181 	.db #0x00	; 0
   008F 00                  182 	.db #0x00	; 0
   0090 00                  183 	.db #0x00	; 0
   0091 00                  184 	.db #0x00	; 0
   0092 10                  185 	.db #0x10	; 16
   0093 10                  186 	.db #0x10	; 16
   0094 10                  187 	.db #0x10	; 16
   0095 00                  188 	.db #0x00	; 0
   0096 00                  189 	.db #0x00	; 0
   0097 00                  190 	.db #0x00	; 0
   0098 00                  191 	.db #0x00	; 0
   0099 04                  192 	.db #0x04	; 4
   009A 01                  193 	.db #0x01	; 1
   009B 01                  194 	.db #0x01	; 1
   009C 01                  195 	.db #0x01	; 1
   009D 01                  196 	.db #0x01	; 1
   009E 01                  197 	.db #0x01	; 1
   009F 01                  198 	.db #0x01	; 1
   00A0 06                  199 	.db #0x06	; 6
   00A1 02                  200 	.db #0x02	; 2
   00A2 02                  201 	.db #0x02	; 2
   00A3 02                  202 	.db #0x02	; 2
   00A4 02                  203 	.db #0x02	; 2
   00A5 02                  204 	.db #0x02	; 2
   00A6 02                  205 	.db #0x02	; 2
   00A7 02                  206 	.db #0x02	; 2
   00A8 02                  207 	.db #0x02	; 2
   00A9 02                  208 	.db #0x02	; 2
   00AA 0C                  209 	.db #0x0c	; 12
   00AB 10                  210 	.db #0x10	; 16
   00AC 10                  211 	.db #0x10	; 16
   00AD 04                  212 	.db #0x04	; 4
   00AE 03                  213 	.db #0x03	; 3
   00AF 10                  214 	.db #0x10	; 16
   00B0 00                  215 	.db #0x00	; 0
   00B1 00                  216 	.db #0x00	; 0
   00B2 00                  217 	.db #0x00	; 0
   00B3 00                  218 	.db #0x00	; 0
   00B4 0A                  219 	.db #0x0a	; 10
   00B5 02                  220 	.db #0x02	; 2
   00B6 0C                  221 	.db #0x0c	; 12
   00B7 0E                  222 	.db #0x0e	; 14
   00B8 00                  223 	.db #0x00	; 0
   00B9 00                  224 	.db #0x00	; 0
   00BA 10                  225 	.db #0x10	; 16
   00BB 00                  226 	.db #0x00	; 0
   00BC 11                  227 	.db #0x11	; 17
   00BD 11                  228 	.db #0x11	; 17
   00BE 11                  229 	.db #0x11	; 17
   00BF 10                  230 	.db #0x10	; 16
   00C0 00                  231 	.db #0x00	; 0
   00C1 04                  232 	.db #0x04	; 4
   00C2 01                  233 	.db #0x01	; 1
   00C3 01                  234 	.db #0x01	; 1
   00C4 01                  235 	.db #0x01	; 1
   00C5 01                  236 	.db #0x01	; 1
   00C6 01                  237 	.db #0x01	; 1
   00C7 01                  238 	.db #0x01	; 1
   00C8 01                  239 	.db #0x01	; 1
   00C9 01                  240 	.db #0x01	; 1
   00CA 01                  241 	.db #0x01	; 1
   00CB 01                  242 	.db #0x01	; 1
   00CC 01                  243 	.db #0x01	; 1
   00CD 08                  244 	.db #0x08	; 8
   00CE 05                  245 	.db #0x05	; 5
   00CF 05                  246 	.db #0x05	; 5
   00D0 05                  247 	.db #0x05	; 5
   00D1 05                  248 	.db #0x05	; 5
   00D2 0D                  249 	.db #0x0d	; 13
   00D3 00                  250 	.db #0x00	; 0
   00D4 00                  251 	.db #0x00	; 0
   00D5 04                  252 	.db #0x04	; 4
   00D6 03                  253 	.db #0x03	; 3
   00D7 10                  254 	.db #0x10	; 16
   00D8 10                  255 	.db #0x10	; 16
   00D9 00                  256 	.db #0x00	; 0
   00DA 00                  257 	.db #0x00	; 0
   00DB 0A                  258 	.db #0x0a	; 10
   00DC 07                  259 	.db #0x07	; 7
   00DD 01                  260 	.db #0x01	; 1
   00DE 06                  261 	.db #0x06	; 6
   00DF 02                  262 	.db #0x02	; 2
   00E0 02                  263 	.db #0x02	; 2
   00E1 0C                  264 	.db #0x0c	; 12
   00E2 11                  265 	.db #0x11	; 17
   00E3 11                  266 	.db #0x11	; 17
   00E4 11                  267 	.db #0x11	; 17
   00E5 10                  268 	.db #0x10	; 16
   00E6 10                  269 	.db #0x10	; 16
   00E7 00                  270 	.db #0x00	; 0
   00E8 00                  271 	.db #0x00	; 0
   00E9 04                  272 	.db #0x04	; 4
   00EA 01                  273 	.db #0x01	; 1
   00EB 01                  274 	.db #0x01	; 1
   00EC 01                  275 	.db #0x01	; 1
   00ED 01                  276 	.db #0x01	; 1
   00EE 01                  277 	.db #0x01	; 1
   00EF 01                  278 	.db #0x01	; 1
   00F0 01                  279 	.db #0x01	; 1
   00F1 01                  280 	.db #0x01	; 1
   00F2 01                  281 	.db #0x01	; 1
   00F3 01                  282 	.db #0x01	; 1
   00F4 08                  283 	.db #0x08	; 8
   00F5 0D                  284 	.db #0x0d	; 13
   00F6 11                  285 	.db #0x11	; 17
   00F7 00                  286 	.db #0x00	; 0
   00F8 00                  287 	.db #0x00	; 0
   00F9 00                  288 	.db #0x00	; 0
   00FA 00                  289 	.db #0x00	; 0
   00FB 00                  290 	.db #0x00	; 0
   00FC 00                  291 	.db #0x00	; 0
   00FD 04                  292 	.db #0x04	; 4
   00FE 03                  293 	.db #0x03	; 3
   00FF 10                  294 	.db #0x10	; 16
   0100 10                  295 	.db #0x10	; 16
   0101 10                  296 	.db #0x10	; 16
   0102 00                  297 	.db #0x00	; 0
   0103 0B                  298 	.db #0x0b	; 11
   0104 09                  299 	.db #0x09	; 9
   0105 01                  300 	.db #0x01	; 1
   0106 01                  301 	.db #0x01	; 1
   0107 01                  302 	.db #0x01	; 1
   0108 01                  303 	.db #0x01	; 1
   0109 03                  304 	.db #0x03	; 3
   010A 11                  305 	.db #0x11	; 17
   010B 00                  306 	.db #0x00	; 0
   010C 10                  307 	.db #0x10	; 16
   010D 10                  308 	.db #0x10	; 16
   010E 10                  309 	.db #0x10	; 16
   010F 11                  310 	.db #0x11	; 17
   0110 11                  311 	.db #0x11	; 17
   0111 04                  312 	.db #0x04	; 4
   0112 01                  313 	.db #0x01	; 1
   0113 01                  314 	.db #0x01	; 1
   0114 01                  315 	.db #0x01	; 1
   0115 01                  316 	.db #0x01	; 1
   0116 01                  317 	.db #0x01	; 1
   0117 01                  318 	.db #0x01	; 1
   0118 08                  319 	.db #0x08	; 8
   0119 05                  320 	.db #0x05	; 5
   011A 05                  321 	.db #0x05	; 5
   011B 05                  322 	.db #0x05	; 5
   011C 0D                  323 	.db #0x0d	; 13
   011D 11                  324 	.db #0x11	; 17
   011E 10                  325 	.db #0x10	; 16
   011F 10                  326 	.db #0x10	; 16
   0120 00                  327 	.db #0x00	; 0
   0121 00                  328 	.db #0x00	; 0
   0122 00                  329 	.db #0x00	; 0
   0123 10                  330 	.db #0x10	; 16
   0124 11                  331 	.db #0x11	; 17
   0125 04                  332 	.db #0x04	; 4
   0126 03                  333 	.db #0x03	; 3
   0127 10                  334 	.db #0x10	; 16
   0128 00                  335 	.db #0x00	; 0
   0129 10                  336 	.db #0x10	; 16
   012A 00                  337 	.db #0x00	; 0
   012B 00                  338 	.db #0x00	; 0
   012C 0B                  339 	.db #0x0b	; 11
   012D 05                  340 	.db #0x05	; 5
   012E 05                  341 	.db #0x05	; 5
   012F 05                  342 	.db #0x05	; 5
   0130 09                  343 	.db #0x09	; 9
   0131 03                  344 	.db #0x03	; 3
   0132 10                  345 	.db #0x10	; 16
   0133 00                  346 	.db #0x00	; 0
   0134 00                  347 	.db #0x00	; 0
   0135 00                  348 	.db #0x00	; 0
   0136 00                  349 	.db #0x00	; 0
   0137 00                  350 	.db #0x00	; 0
   0138 00                  351 	.db #0x00	; 0
   0139 04                  352 	.db #0x04	; 4
   013A 01                  353 	.db #0x01	; 1
   013B 01                  354 	.db #0x01	; 1
   013C 01                  355 	.db #0x01	; 1
   013D 01                  356 	.db #0x01	; 1
   013E 01                  357 	.db #0x01	; 1
   013F 01                  358 	.db #0x01	; 1
   0140 03                  359 	.db #0x03	; 3
   0141 00                  360 	.db #0x00	; 0
   0142 00                  361 	.db #0x00	; 0
   0143 00                  362 	.db #0x00	; 0
   0144 00                  363 	.db #0x00	; 0
   0145 11                  364 	.db #0x11	; 17
   0146 00                  365 	.db #0x00	; 0
   0147 10                  366 	.db #0x10	; 16
   0148 10                  367 	.db #0x10	; 16
   0149 0A                  368 	.db #0x0a	; 10
   014A 02                  369 	.db #0x02	; 2
   014B 02                  370 	.db #0x02	; 2
   014C 02                  371 	.db #0x02	; 2
   014D 07                  372 	.db #0x07	; 7
   014E 03                  373 	.db #0x03	; 3
   014F 11                  374 	.db #0x11	; 17
   0150 00                  375 	.db #0x00	; 0
   0151 10                  376 	.db #0x10	; 16
   0152 00                  377 	.db #0x00	; 0
   0153 00                  378 	.db #0x00	; 0
   0154 00                  379 	.db #0x00	; 0
   0155 00                  380 	.db #0x00	; 0
   0156 00                  381 	.db #0x00	; 0
   0157 00                  382 	.db #0x00	; 0
   0158 04                  383 	.db #0x04	; 4
   0159 03                  384 	.db #0x03	; 3
   015A 00                  385 	.db #0x00	; 0
   015B 00                  386 	.db #0x00	; 0
   015C 00                  387 	.db #0x00	; 0
   015D 00                  388 	.db #0x00	; 0
   015E 00                  389 	.db #0x00	; 0
   015F 00                  390 	.db #0x00	; 0
   0160 00                  391 	.db #0x00	; 0
   0161 0B                  392 	.db #0x0b	; 11
   0162 05                  393 	.db #0x05	; 5
   0163 05                  394 	.db #0x05	; 5
   0164 05                  395 	.db #0x05	; 5
   0165 05                  396 	.db #0x05	; 5
   0166 05                  397 	.db #0x05	; 5
   0167 09                  398 	.db #0x09	; 9
   0168 03                  399 	.db #0x03	; 3
   0169 00                  400 	.db #0x00	; 0
   016A 00                  401 	.db #0x00	; 0
   016B 11                  402 	.db #0x11	; 17
   016C 00                  403 	.db #0x00	; 0
   016D 11                  404 	.db #0x11	; 17
   016E 11                  405 	.db #0x11	; 17
   016F 10                  406 	.db #0x10	; 16
   0170 0E                  407 	.db #0x0e	; 14
   0171 04                  408 	.db #0x04	; 4
   0172 08                  409 	.db #0x08	; 8
   0173 05                  410 	.db #0x05	; 5
   0174 05                  411 	.db #0x05	; 5
   0175 09                  412 	.db #0x09	; 9
   0176 06                  413 	.db #0x06	; 6
   0177 0C                  414 	.db #0x0c	; 12
   0178 00                  415 	.db #0x00	; 0
   0179 10                  416 	.db #0x10	; 16
   017A 00                  417 	.db #0x00	; 0
   017B 00                  418 	.db #0x00	; 0
   017C 00                  419 	.db #0x00	; 0
   017D 00                  420 	.db #0x00	; 0
   017E 00                  421 	.db #0x00	; 0
   017F 00                  422 	.db #0x00	; 0
   0180 04                  423 	.db #0x04	; 4
   0181 03                  424 	.db #0x03	; 3
   0182 10                  425 	.db #0x10	; 16
   0183 00                  426 	.db #0x00	; 0
   0184 00                  427 	.db #0x00	; 0
   0185 00                  428 	.db #0x00	; 0
   0186 00                  429 	.db #0x00	; 0
   0187 00                  430 	.db #0x00	; 0
   0188 00                  431 	.db #0x00	; 0
   0189 11                  432 	.db #0x11	; 17
   018A 10                  433 	.db #0x10	; 16
   018B 10                  434 	.db #0x10	; 16
   018C 10                  435 	.db #0x10	; 16
   018D 00                  436 	.db #0x00	; 0
   018E 00                  437 	.db #0x00	; 0
   018F 04                  438 	.db #0x04	; 4
   0190 03                  439 	.db #0x03	; 3
   0191 00                  440 	.db #0x00	; 0
   0192 00                  441 	.db #0x00	; 0
   0193 11                  442 	.db #0x11	; 17
   0194 00                  443 	.db #0x00	; 0
   0195 0A                  444 	.db #0x0a	; 10
   0196 02                  445 	.db #0x02	; 2
   0197 02                  446 	.db #0x02	; 2
   0198 02                  447 	.db #0x02	; 2
   0199 07                  448 	.db #0x07	; 7
   019A 03                  449 	.db #0x03	; 3
   019B 10                  450 	.db #0x10	; 16
   019C 10                  451 	.db #0x10	; 16
   019D 0B                  452 	.db #0x0b	; 11
   019E 05                  453 	.db #0x05	; 5
   019F 0D                  454 	.db #0x0d	; 13
   01A0 00                  455 	.db #0x00	; 0
   01A1 10                  456 	.db #0x10	; 16
   01A2 00                  457 	.db #0x00	; 0
   01A3 00                  458 	.db #0x00	; 0
   01A4 00                  459 	.db #0x00	; 0
   01A5 00                  460 	.db #0x00	; 0
   01A6 00                  461 	.db #0x00	; 0
   01A7 00                  462 	.db #0x00	; 0
   01A8 04                  463 	.db #0x04	; 4
   01A9 03                  464 	.db #0x03	; 3
   01AA 10                  465 	.db #0x10	; 16
   01AB 0A                  466 	.db #0x0a	; 10
   01AC 0C                  467 	.db #0x0c	; 12
   01AD 10                  468 	.db #0x10	; 16
   01AE 00                  469 	.db #0x00	; 0
   01AF 00                  470 	.db #0x00	; 0
   01B0 00                  471 	.db #0x00	; 0
   01B1 00                  472 	.db #0x00	; 0
   01B2 00                  473 	.db #0x00	; 0
   01B3 00                  474 	.db #0x00	; 0
   01B4 00                  475 	.db #0x00	; 0
   01B5 00                  476 	.db #0x00	; 0
   01B6 00                  477 	.db #0x00	; 0
   01B7 04                  478 	.db #0x04	; 4
   01B8 03                  479 	.db #0x03	; 3
   01B9 00                  480 	.db #0x00	; 0
   01BA 00                  481 	.db #0x00	; 0
   01BB 11                  482 	.db #0x11	; 17
   01BC 00                  483 	.db #0x00	; 0
   01BD 04                  484 	.db #0x04	; 4
   01BE 08                  485 	.db #0x08	; 8
   01BF 05                  486 	.db #0x05	; 5
   01C0 05                  487 	.db #0x05	; 5
   01C1 09                  488 	.db #0x09	; 9
   01C2 03                  489 	.db #0x03	; 3
   01C3 00                  490 	.db #0x00	; 0
   01C4 00                  491 	.db #0x00	; 0
   01C5 00                  492 	.db #0x00	; 0
   01C6 00                  493 	.db #0x00	; 0
   01C7 00                  494 	.db #0x00	; 0
   01C8 00                  495 	.db #0x00	; 0
   01C9 10                  496 	.db #0x10	; 16
   01CA 00                  497 	.db #0x00	; 0
   01CB 00                  498 	.db #0x00	; 0
   01CC 0A                  499 	.db #0x0a	; 10
   01CD 02                  500 	.db #0x02	; 2
   01CE 0C                  501 	.db #0x0c	; 12
   01CF 0E                  502 	.db #0x0e	; 14
   01D0 04                  503 	.db #0x04	; 4
   01D1 03                  504 	.db #0x03	; 3
   01D2 00                  505 	.db #0x00	; 0
   01D3 04                  506 	.db #0x04	; 4
   01D4 03                  507 	.db #0x03	; 3
   01D5 00                  508 	.db #0x00	; 0
   01D6 00                  509 	.db #0x00	; 0
   01D7 00                  510 	.db #0x00	; 0
   01D8 00                  511 	.db #0x00	; 0
   01D9 00                  512 	.db #0x00	; 0
   01DA 00                  513 	.db #0x00	; 0
   01DB 00                  514 	.db #0x00	; 0
   01DC 00                  515 	.db #0x00	; 0
   01DD 00                  516 	.db #0x00	; 0
   01DE 00                  517 	.db #0x00	; 0
   01DF 04                  518 	.db #0x04	; 4
   01E0 03                  519 	.db #0x03	; 3
   01E1 00                  520 	.db #0x00	; 0
   01E2 00                  521 	.db #0x00	; 0
   01E3 11                  522 	.db #0x11	; 17
   01E4 11                  523 	.db #0x11	; 17
   01E5 0B                  524 	.db #0x0b	; 11
   01E6 0D                  525 	.db #0x0d	; 13
   01E7 10                  526 	.db #0x10	; 16
   01E8 10                  527 	.db #0x10	; 16
   01E9 0B                  528 	.db #0x0b	; 11
   01EA 0D                  529 	.db #0x0d	; 13
   01EB 00                  530 	.db #0x00	; 0
   01EC 10                  531 	.db #0x10	; 16
   01ED 10                  532 	.db #0x10	; 16
   01EE 00                  533 	.db #0x00	; 0
   01EF 00                  534 	.db #0x00	; 0
   01F0 00                  535 	.db #0x00	; 0
   01F1 10                  536 	.db #0x10	; 16
   01F2 00                  537 	.db #0x00	; 0
   01F3 00                  538 	.db #0x00	; 0
   01F4 04                  539 	.db #0x04	; 4
   01F5 01                  540 	.db #0x01	; 1
   01F6 01                  541 	.db #0x01	; 1
   01F7 01                  542 	.db #0x01	; 1
   01F8 01                  543 	.db #0x01	; 1
   01F9 03                  544 	.db #0x03	; 3
   01FA 00                  545 	.db #0x00	; 0
   01FB 04                  546 	.db #0x04	; 4
   01FC 03                  547 	.db #0x03	; 3
   01FD 00                  548 	.db #0x00	; 0
   01FE 00                  549 	.db #0x00	; 0
   01FF 00                  550 	.db #0x00	; 0
   0200 00                  551 	.db #0x00	; 0
   0201 10                  552 	.db #0x10	; 16
   0202 10                  553 	.db #0x10	; 16
   0203 00                  554 	.db #0x00	; 0
   0204 13                  555 	.db #0x13	; 19
   0205 14                  556 	.db #0x14	; 20
   0206 10                  557 	.db #0x10	; 16
   0207 04                  558 	.db #0x04	; 4
   0208 03                  559 	.db #0x03	; 3
   0209 00                  560 	.db #0x00	; 0
   020A 00                  561 	.db #0x00	; 0
   020B 00                  562 	.db #0x00	; 0
   020C 00                  563 	.db #0x00	; 0
   020D 00                  564 	.db #0x00	; 0
   020E 00                  565 	.db #0x00	; 0
   020F 00                  566 	.db #0x00	; 0
   0210 00                  567 	.db #0x00	; 0
   0211 00                  568 	.db #0x00	; 0
   0212 00                  569 	.db #0x00	; 0
   0213 00                  570 	.db #0x00	; 0
   0214 00                  571 	.db #0x00	; 0
   0215 00                  572 	.db #0x00	; 0
   0216 00                  573 	.db #0x00	; 0
   0217 00                  574 	.db #0x00	; 0
   0218 00                  575 	.db #0x00	; 0
   0219 00                  576 	.db #0x00	; 0
   021A 00                  577 	.db #0x00	; 0
   021B 00                  578 	.db #0x00	; 0
   021C 04                  579 	.db #0x04	; 4
   021D 01                  580 	.db #0x01	; 1
   021E 01                  581 	.db #0x01	; 1
   021F 01                  582 	.db #0x01	; 1
   0220 01                  583 	.db #0x01	; 1
   0221 03                  584 	.db #0x03	; 3
   0222 00                  585 	.db #0x00	; 0
   0223 04                  586 	.db #0x04	; 4
   0224 03                  587 	.db #0x03	; 3
   0225 00                  588 	.db #0x00	; 0
   0226 00                  589 	.db #0x00	; 0
   0227 00                  590 	.db #0x00	; 0
   0228 00                  591 	.db #0x00	; 0
   0229 10                  592 	.db #0x10	; 16
   022A 10                  593 	.db #0x10	; 16
   022B 00                  594 	.db #0x00	; 0
   022C 16                  595 	.db #0x16	; 22
   022D 15                  596 	.db #0x15	; 21
   022E 10                  597 	.db #0x10	; 16
   022F 04                  598 	.db #0x04	; 4
   0230 03                  599 	.db #0x03	; 3
   0231 00                  600 	.db #0x00	; 0
   0232 00                  601 	.db #0x00	; 0
   0233 00                  602 	.db #0x00	; 0
   0234 00                  603 	.db #0x00	; 0
   0235 00                  604 	.db #0x00	; 0
   0236 00                  605 	.db #0x00	; 0
   0237 00                  606 	.db #0x00	; 0
   0238 00                  607 	.db #0x00	; 0
   0239 10                  608 	.db #0x10	; 16
   023A 00                  609 	.db #0x00	; 0
   023B 00                  610 	.db #0x00	; 0
   023C 00                  611 	.db #0x00	; 0
   023D 00                  612 	.db #0x00	; 0
   023E 00                  613 	.db #0x00	; 0
   023F 00                  614 	.db #0x00	; 0
   0240 00                  615 	.db #0x00	; 0
   0241 00                  616 	.db #0x00	; 0
   0242 00                  617 	.db #0x00	; 0
   0243 00                  618 	.db #0x00	; 0
   0244 04                  619 	.db #0x04	; 4
   0245 01                  620 	.db #0x01	; 1
   0246 01                  621 	.db #0x01	; 1
   0247 01                  622 	.db #0x01	; 1
   0248 01                  623 	.db #0x01	; 1
   0249 03                  624 	.db #0x03	; 3
   024A 00                  625 	.db #0x00	; 0
   024B 04                  626 	.db #0x04	; 4
   024C 03                  627 	.db #0x03	; 3
   024D 10                  628 	.db #0x10	; 16
   024E 10                  629 	.db #0x10	; 16
   024F 10                  630 	.db #0x10	; 16
   0250 11                  631 	.db #0x11	; 17
   0251 00                  632 	.db #0x00	; 0
   0252 10                  633 	.db #0x10	; 16
   0253 00                  634 	.db #0x00	; 0
   0254 11                  635 	.db #0x11	; 17
   0255 11                  636 	.db #0x11	; 17
   0256 00                  637 	.db #0x00	; 0
   0257 04                  638 	.db #0x04	; 4
   0258 03                  639 	.db #0x03	; 3
   0259 00                  640 	.db #0x00	; 0
   025A 00                  641 	.db #0x00	; 0
   025B 00                  642 	.db #0x00	; 0
   025C 00                  643 	.db #0x00	; 0
   025D 10                  644 	.db #0x10	; 16
   025E 00                  645 	.db #0x00	; 0
   025F 00                  646 	.db #0x00	; 0
   0260 10                  647 	.db #0x10	; 16
   0261 00                  648 	.db #0x00	; 0
   0262 00                  649 	.db #0x00	; 0
   0263 00                  650 	.db #0x00	; 0
   0264 00                  651 	.db #0x00	; 0
   0265 00                  652 	.db #0x00	; 0
   0266 10                  653 	.db #0x10	; 16
   0267 00                  654 	.db #0x00	; 0
   0268 00                  655 	.db #0x00	; 0
   0269 00                  656 	.db #0x00	; 0
   026A 00                  657 	.db #0x00	; 0
   026B 00                  658 	.db #0x00	; 0
   026C 04                  659 	.db #0x04	; 4
   026D 01                  660 	.db #0x01	; 1
   026E 01                  661 	.db #0x01	; 1
   026F 01                  662 	.db #0x01	; 1
   0270 01                  663 	.db #0x01	; 1
   0271 03                  664 	.db #0x03	; 3
   0272 0E                  665 	.db #0x0e	; 14
   0273 04                  666 	.db #0x04	; 4
   0274 03                  667 	.db #0x03	; 3
   0275 00                  668 	.db #0x00	; 0
   0276 10                  669 	.db #0x10	; 16
   0277 10                  670 	.db #0x10	; 16
   0278 11                  671 	.db #0x11	; 17
   0279 10                  672 	.db #0x10	; 16
   027A 10                  673 	.db #0x10	; 16
   027B 00                  674 	.db #0x00	; 0
   027C 0E                  675 	.db #0x0e	; 14
   027D 0E                  676 	.db #0x0e	; 14
   027E 0A                  677 	.db #0x0a	; 10
   027F 07                  678 	.db #0x07	; 7
   0280 06                  679 	.db #0x06	; 6
   0281 02                  680 	.db #0x02	; 2
   0282 02                  681 	.db #0x02	; 2
   0283 02                  682 	.db #0x02	; 2
   0284 02                  683 	.db #0x02	; 2
   0285 02                  684 	.db #0x02	; 2
   0286 0C                  685 	.db #0x0c	; 12
   0287 0E                  686 	.db #0x0e	; 14
   0288 0A                  687 	.db #0x0a	; 10
   0289 02                  688 	.db #0x02	; 2
   028A 02                  689 	.db #0x02	; 2
   028B 02                  690 	.db #0x02	; 2
   028C 02                  691 	.db #0x02	; 2
   028D 02                  692 	.db #0x02	; 2
   028E 02                  693 	.db #0x02	; 2
   028F 02                  694 	.db #0x02	; 2
   0290 02                  695 	.db #0x02	; 2
   0291 02                  696 	.db #0x02	; 2
   0292 02                  697 	.db #0x02	; 2
   0293 02                  698 	.db #0x02	; 2
   0294 07                  699 	.db #0x07	; 7
   0295 01                  700 	.db #0x01	; 1
   0296 01                  701 	.db #0x01	; 1
   0297 01                  702 	.db #0x01	; 1
   0298 01                  703 	.db #0x01	; 1
   0299 06                  704 	.db #0x06	; 6
   029A 02                  705 	.db #0x02	; 2
   029B 07                  706 	.db #0x07	; 7
   029C 06                  707 	.db #0x06	; 6
   029D 02                  708 	.db #0x02	; 2
   029E 02                  709 	.db #0x02	; 2
   029F 02                  710 	.db #0x02	; 2
   02A0 02                  711 	.db #0x02	; 2
   02A1 02                  712 	.db #0x02	; 2
   02A2 02                  713 	.db #0x02	; 2
   02A3 02                  714 	.db #0x02	; 2
   02A4 02                  715 	.db #0x02	; 2
   02A5 02                  716 	.db #0x02	; 2
   02A6 07                  717 	.db #0x07	; 7
   02A7 01                  718 	.db #0x01	; 1
   02A8 01                  719 	.db #0x01	; 1
   02A9 01                  720 	.db #0x01	; 1
   02AA 01                  721 	.db #0x01	; 1
   02AB 01                  722 	.db #0x01	; 1
   02AC 01                  723 	.db #0x01	; 1
   02AD 01                  724 	.db #0x01	; 1
   02AE 01                  725 	.db #0x01	; 1
   02AF 01                  726 	.db #0x01	; 1
   02B0 01                  727 	.db #0x01	; 1
   02B1 01                  728 	.db #0x01	; 1
   02B2 01                  729 	.db #0x01	; 1
   02B3 01                  730 	.db #0x01	; 1
   02B4 01                  731 	.db #0x01	; 1
   02B5 01                  732 	.db #0x01	; 1
   02B6 01                  733 	.db #0x01	; 1
   02B7 01                  734 	.db #0x01	; 1
   02B8 01                  735 	.db #0x01	; 1
   02B9 01                  736 	.db #0x01	; 1
   02BA 01                  737 	.db #0x01	; 1
   02BB 01                  738 	.db #0x01	; 1
   02BC 01                  739 	.db #0x01	; 1
   02BD 01                  740 	.db #0x01	; 1
   02BE 01                  741 	.db #0x01	; 1
   02BF 01                  742 	.db #0x01	; 1
   02C0 01                  743 	.db #0x01	; 1
   02C1 01                  744 	.db #0x01	; 1
   02C2 01                  745 	.db #0x01	; 1
   02C3 01                  746 	.db #0x01	; 1
   02C4 01                  747 	.db #0x01	; 1
   02C5 01                  748 	.db #0x01	; 1
   02C6 01                  749 	.db #0x01	; 1
   02C7 01                  750 	.db #0x01	; 1
   02C8 01                  751 	.db #0x01	; 1
   02C9 01                  752 	.db #0x01	; 1
   02CA 01                  753 	.db #0x01	; 1
   02CB 01                  754 	.db #0x01	; 1
   02CC 01                  755 	.db #0x01	; 1
   02CD 01                  756 	.db #0x01	; 1
   02CE 01                  757 	.db #0x01	; 1
   02CF 01                  758 	.db #0x01	; 1
                            759 	.area _CABS (ABS)
