                              1 ;--------------------------------------------------------
                              2 ; File Created by SDCC : free open source ANSI-C Compiler
                              3 ; Version 3.6.0 #9615 (MINGW64)
                              4 ;--------------------------------------------------------
                              5 	.module map4_b3
                              6 	.optsdcc -mgbz80
                              7 	
                              8 ;--------------------------------------------------------
                              9 ; Public variables in this module
                             10 ;--------------------------------------------------------
                             11 	.globl _map4
                             12 ;--------------------------------------------------------
                             13 ; ram data
                             14 ;--------------------------------------------------------
                             15 	.area _DATA
                             16 ;--------------------------------------------------------
                             17 ; absolute external ram data
                             18 ;--------------------------------------------------------
                             19 	.area _DABS (ABS)
                             20 ;--------------------------------------------------------
                             21 ; global & static initialisations
                             22 ;--------------------------------------------------------
                             23 	.area _HOME
                             24 	.area _GSINIT
                             25 	.area _GSFINAL
                             26 	.area _GSINIT
                             27 ;--------------------------------------------------------
                             28 ; Home
                             29 ;--------------------------------------------------------
                             30 	.area _HOME
                             31 	.area _HOME
                             32 ;--------------------------------------------------------
                             33 ; code
                             34 ;--------------------------------------------------------
                             35 	.area _CODE
                             36 	.area _CODE
                             37 	.area _CODE_3
   0000                      38 _map4:
   0000 08                   39 	.db #0x08	; 8
   0001 05                   40 	.db #0x05	; 5
   0002 05                   41 	.db #0x05	; 5
   0003 05                   42 	.db #0x05	; 5
   0004 05                   43 	.db #0x05	; 5
   0005 05                   44 	.db #0x05	; 5
   0006 05                   45 	.db #0x05	; 5
   0007 05                   46 	.db #0x05	; 5
   0008 05                   47 	.db #0x05	; 5
   0009 05                   48 	.db #0x05	; 5
   000A 05                   49 	.db #0x05	; 5
   000B 05                   50 	.db #0x05	; 5
   000C 05                   51 	.db #0x05	; 5
   000D 05                   52 	.db #0x05	; 5
   000E 05                   53 	.db #0x05	; 5
   000F 05                   54 	.db #0x05	; 5
   0010 09                   55 	.db #0x09	; 9
   0011 08                   56 	.db #0x08	; 8
   0012 05                   57 	.db #0x05	; 5
   0013 05                   58 	.db #0x05	; 5
   0014 05                   59 	.db #0x05	; 5
   0015 09                   60 	.db #0x09	; 9
   0016 08                   61 	.db #0x08	; 8
   0017 05                   62 	.db #0x05	; 5
   0018 05                   63 	.db #0x05	; 5
   0019 05                   64 	.db #0x05	; 5
   001A 05                   65 	.db #0x05	; 5
   001B 09                   66 	.db #0x09	; 9
   001C 01                   67 	.db #0x01	; 1
   001D 01                   68 	.db #0x01	; 1
   001E 01                   69 	.db #0x01	; 1
   001F 01                   70 	.db #0x01	; 1
   0020 01                   71 	.db #0x01	; 1
   0021 01                   72 	.db #0x01	; 1
   0022 01                   73 	.db #0x01	; 1
   0023 01                   74 	.db #0x01	; 1
   0024 01                   75 	.db #0x01	; 1
   0025 01                   76 	.db #0x01	; 1
   0026 01                   77 	.db #0x01	; 1
   0027 01                   78 	.db #0x01	; 1
   0028 03                   79 	.db #0x03	; 3
   0029 12                   80 	.db #0x12	; 18
   002A 00                   81 	.db #0x00	; 0
   002B 00                   82 	.db #0x00	; 0
   002C 00                   83 	.db #0x00	; 0
   002D 00                   84 	.db #0x00	; 0
   002E 00                   85 	.db #0x00	; 0
   002F 00                   86 	.db #0x00	; 0
   0030 00                   87 	.db #0x00	; 0
   0031 00                   88 	.db #0x00	; 0
   0032 00                   89 	.db #0x00	; 0
   0033 00                   90 	.db #0x00	; 0
   0034 10                   91 	.db #0x10	; 16
   0035 10                   92 	.db #0x10	; 16
   0036 10                   93 	.db #0x10	; 16
   0037 10                   94 	.db #0x10	; 16
   0038 04                   95 	.db #0x04	; 4
   0039 03                   96 	.db #0x03	; 3
   003A 0F                   97 	.db #0x0f	; 15
   003B 0F                   98 	.db #0x0f	; 15
   003C 0F                   99 	.db #0x0f	; 15
   003D 04                  100 	.db #0x04	; 4
   003E 03                  101 	.db #0x03	; 3
   003F 0F                  102 	.db #0x0f	; 15
   0040 0F                  103 	.db #0x0f	; 15
   0041 0F                  104 	.db #0x0f	; 15
   0042 0F                  105 	.db #0x0f	; 15
   0043 04                  106 	.db #0x04	; 4
   0044 01                  107 	.db #0x01	; 1
   0045 01                  108 	.db #0x01	; 1
   0046 01                  109 	.db #0x01	; 1
   0047 01                  110 	.db #0x01	; 1
   0048 01                  111 	.db #0x01	; 1
   0049 01                  112 	.db #0x01	; 1
   004A 01                  113 	.db #0x01	; 1
   004B 01                  114 	.db #0x01	; 1
   004C 01                  115 	.db #0x01	; 1
   004D 01                  116 	.db #0x01	; 1
   004E 01                  117 	.db #0x01	; 1
   004F 01                  118 	.db #0x01	; 1
   0050 03                  119 	.db #0x03	; 3
   0051 00                  120 	.db #0x00	; 0
   0052 00                  121 	.db #0x00	; 0
   0053 00                  122 	.db #0x00	; 0
   0054 00                  123 	.db #0x00	; 0
   0055 00                  124 	.db #0x00	; 0
   0056 00                  125 	.db #0x00	; 0
   0057 00                  126 	.db #0x00	; 0
   0058 00                  127 	.db #0x00	; 0
   0059 00                  128 	.db #0x00	; 0
   005A 00                  129 	.db #0x00	; 0
   005B 00                  130 	.db #0x00	; 0
   005C 00                  131 	.db #0x00	; 0
   005D 00                  132 	.db #0x00	; 0
   005E 00                  133 	.db #0x00	; 0
   005F 00                  134 	.db #0x00	; 0
   0060 04                  135 	.db #0x04	; 4
   0061 03                  136 	.db #0x03	; 3
   0062 10                  137 	.db #0x10	; 16
   0063 10                  138 	.db #0x10	; 16
   0064 10                  139 	.db #0x10	; 16
   0065 04                  140 	.db #0x04	; 4
   0066 03                  141 	.db #0x03	; 3
   0067 10                  142 	.db #0x10	; 16
   0068 10                  143 	.db #0x10	; 16
   0069 10                  144 	.db #0x10	; 16
   006A 10                  145 	.db #0x10	; 16
   006B 04                  146 	.db #0x04	; 4
   006C 01                  147 	.db #0x01	; 1
   006D 01                  148 	.db #0x01	; 1
   006E 01                  149 	.db #0x01	; 1
   006F 01                  150 	.db #0x01	; 1
   0070 01                  151 	.db #0x01	; 1
   0071 01                  152 	.db #0x01	; 1
   0072 01                  153 	.db #0x01	; 1
   0073 01                  154 	.db #0x01	; 1
   0074 01                  155 	.db #0x01	; 1
   0075 01                  156 	.db #0x01	; 1
   0076 01                  157 	.db #0x01	; 1
   0077 01                  158 	.db #0x01	; 1
   0078 06                  159 	.db #0x06	; 6
   0079 02                  160 	.db #0x02	; 2
   007A 02                  161 	.db #0x02	; 2
   007B 02                  162 	.db #0x02	; 2
   007C 02                  163 	.db #0x02	; 2
   007D 02                  164 	.db #0x02	; 2
   007E 02                  165 	.db #0x02	; 2
   007F 02                  166 	.db #0x02	; 2
   0080 02                  167 	.db #0x02	; 2
   0081 02                  168 	.db #0x02	; 2
   0082 02                  169 	.db #0x02	; 2
   0083 02                  170 	.db #0x02	; 2
   0084 02                  171 	.db #0x02	; 2
   0085 0C                  172 	.db #0x0c	; 12
   0086 10                  173 	.db #0x10	; 16
   0087 10                  174 	.db #0x10	; 16
   0088 04                  175 	.db #0x04	; 4
   0089 03                  176 	.db #0x03	; 3
   008A 10                  177 	.db #0x10	; 16
   008B 10                  178 	.db #0x10	; 16
   008C 10                  179 	.db #0x10	; 16
   008D 04                  180 	.db #0x04	; 4
   008E 03                  181 	.db #0x03	; 3
   008F 10                  182 	.db #0x10	; 16
   0090 10                  183 	.db #0x10	; 16
   0091 11                  184 	.db #0x11	; 17
   0092 00                  185 	.db #0x00	; 0
   0093 04                  186 	.db #0x04	; 4
   0094 01                  187 	.db #0x01	; 1
   0095 01                  188 	.db #0x01	; 1
   0096 01                  189 	.db #0x01	; 1
   0097 01                  190 	.db #0x01	; 1
   0098 01                  191 	.db #0x01	; 1
   0099 01                  192 	.db #0x01	; 1
   009A 01                  193 	.db #0x01	; 1
   009B 01                  194 	.db #0x01	; 1
   009C 01                  195 	.db #0x01	; 1
   009D 01                  196 	.db #0x01	; 1
   009E 01                  197 	.db #0x01	; 1
   009F 01                  198 	.db #0x01	; 1
   00A0 08                  199 	.db #0x08	; 8
   00A1 05                  200 	.db #0x05	; 5
   00A2 05                  201 	.db #0x05	; 5
   00A3 05                  202 	.db #0x05	; 5
   00A4 05                  203 	.db #0x05	; 5
   00A5 05                  204 	.db #0x05	; 5
   00A6 0D                  205 	.db #0x0d	; 13
   00A7 0F                  206 	.db #0x0f	; 15
   00A8 0F                  207 	.db #0x0f	; 15
   00A9 0B                  208 	.db #0x0b	; 11
   00AA 05                  209 	.db #0x05	; 5
   00AB 05                  210 	.db #0x05	; 5
   00AC 05                  211 	.db #0x05	; 5
   00AD 0D                  212 	.db #0x0d	; 13
   00AE 10                  213 	.db #0x10	; 16
   00AF 10                  214 	.db #0x10	; 16
   00B0 04                  215 	.db #0x04	; 4
   00B1 03                  216 	.db #0x03	; 3
   00B2 11                  217 	.db #0x11	; 17
   00B3 11                  218 	.db #0x11	; 17
   00B4 11                  219 	.db #0x11	; 17
   00B5 04                  220 	.db #0x04	; 4
   00B6 03                  221 	.db #0x03	; 3
   00B7 10                  222 	.db #0x10	; 16
   00B8 10                  223 	.db #0x10	; 16
   00B9 00                  224 	.db #0x00	; 0
   00BA 10                  225 	.db #0x10	; 16
   00BB 04                  226 	.db #0x04	; 4
   00BC 01                  227 	.db #0x01	; 1
   00BD 01                  228 	.db #0x01	; 1
   00BE 01                  229 	.db #0x01	; 1
   00BF 01                  230 	.db #0x01	; 1
   00C0 01                  231 	.db #0x01	; 1
   00C1 01                  232 	.db #0x01	; 1
   00C2 01                  233 	.db #0x01	; 1
   00C3 01                  234 	.db #0x01	; 1
   00C4 01                  235 	.db #0x01	; 1
   00C5 01                  236 	.db #0x01	; 1
   00C6 01                  237 	.db #0x01	; 1
   00C7 01                  238 	.db #0x01	; 1
   00C8 03                  239 	.db #0x03	; 3
   00C9 00                  240 	.db #0x00	; 0
   00CA 00                  241 	.db #0x00	; 0
   00CB 00                  242 	.db #0x00	; 0
   00CC 00                  243 	.db #0x00	; 0
   00CD 00                  244 	.db #0x00	; 0
   00CE 00                  245 	.db #0x00	; 0
   00CF 00                  246 	.db #0x00	; 0
   00D0 00                  247 	.db #0x00	; 0
   00D1 00                  248 	.db #0x00	; 0
   00D2 00                  249 	.db #0x00	; 0
   00D3 10                  250 	.db #0x10	; 16
   00D4 10                  251 	.db #0x10	; 16
   00D5 10                  252 	.db #0x10	; 16
   00D6 11                  253 	.db #0x11	; 17
   00D7 10                  254 	.db #0x10	; 16
   00D8 04                  255 	.db #0x04	; 4
   00D9 03                  256 	.db #0x03	; 3
   00DA 00                  257 	.db #0x00	; 0
   00DB 00                  258 	.db #0x00	; 0
   00DC 00                  259 	.db #0x00	; 0
   00DD 04                  260 	.db #0x04	; 4
   00DE 03                  261 	.db #0x03	; 3
   00DF 00                  262 	.db #0x00	; 0
   00E0 00                  263 	.db #0x00	; 0
   00E1 00                  264 	.db #0x00	; 0
   00E2 10                  265 	.db #0x10	; 16
   00E3 04                  266 	.db #0x04	; 4
   00E4 01                  267 	.db #0x01	; 1
   00E5 01                  268 	.db #0x01	; 1
   00E6 01                  269 	.db #0x01	; 1
   00E7 01                  270 	.db #0x01	; 1
   00E8 01                  271 	.db #0x01	; 1
   00E9 01                  272 	.db #0x01	; 1
   00EA 01                  273 	.db #0x01	; 1
   00EB 01                  274 	.db #0x01	; 1
   00EC 01                  275 	.db #0x01	; 1
   00ED 01                  276 	.db #0x01	; 1
   00EE 01                  277 	.db #0x01	; 1
   00EF 01                  278 	.db #0x01	; 1
   00F0 03                  279 	.db #0x03	; 3
   00F1 00                  280 	.db #0x00	; 0
   00F2 00                  281 	.db #0x00	; 0
   00F3 00                  282 	.db #0x00	; 0
   00F4 00                  283 	.db #0x00	; 0
   00F5 00                  284 	.db #0x00	; 0
   00F6 00                  285 	.db #0x00	; 0
   00F7 10                  286 	.db #0x10	; 16
   00F8 00                  287 	.db #0x00	; 0
   00F9 00                  288 	.db #0x00	; 0
   00FA 00                  289 	.db #0x00	; 0
   00FB 10                  290 	.db #0x10	; 16
   00FC 10                  291 	.db #0x10	; 16
   00FD 10                  292 	.db #0x10	; 16
   00FE 11                  293 	.db #0x11	; 17
   00FF 11                  294 	.db #0x11	; 17
   0100 04                  295 	.db #0x04	; 4
   0101 03                  296 	.db #0x03	; 3
   0102 10                  297 	.db #0x10	; 16
   0103 10                  298 	.db #0x10	; 16
   0104 10                  299 	.db #0x10	; 16
   0105 0B                  300 	.db #0x0b	; 11
   0106 0D                  301 	.db #0x0d	; 13
   0107 10                  302 	.db #0x10	; 16
   0108 10                  303 	.db #0x10	; 16
   0109 10                  304 	.db #0x10	; 16
   010A 10                  305 	.db #0x10	; 16
   010B 04                  306 	.db #0x04	; 4
   010C 01                  307 	.db #0x01	; 1
   010D 01                  308 	.db #0x01	; 1
   010E 01                  309 	.db #0x01	; 1
   010F 01                  310 	.db #0x01	; 1
   0110 01                  311 	.db #0x01	; 1
   0111 01                  312 	.db #0x01	; 1
   0112 01                  313 	.db #0x01	; 1
   0113 01                  314 	.db #0x01	; 1
   0114 01                  315 	.db #0x01	; 1
   0115 01                  316 	.db #0x01	; 1
   0116 01                  317 	.db #0x01	; 1
   0117 01                  318 	.db #0x01	; 1
   0118 03                  319 	.db #0x03	; 3
   0119 12                  320 	.db #0x12	; 18
   011A 00                  321 	.db #0x00	; 0
   011B 00                  322 	.db #0x00	; 0
   011C 00                  323 	.db #0x00	; 0
   011D 00                  324 	.db #0x00	; 0
   011E 00                  325 	.db #0x00	; 0
   011F 00                  326 	.db #0x00	; 0
   0120 00                  327 	.db #0x00	; 0
   0121 00                  328 	.db #0x00	; 0
   0122 00                  329 	.db #0x00	; 0
   0123 00                  330 	.db #0x00	; 0
   0124 10                  331 	.db #0x10	; 16
   0125 10                  332 	.db #0x10	; 16
   0126 10                  333 	.db #0x10	; 16
   0127 10                  334 	.db #0x10	; 16
   0128 04                  335 	.db #0x04	; 4
   0129 03                  336 	.db #0x03	; 3
   012A 10                  337 	.db #0x10	; 16
   012B 10                  338 	.db #0x10	; 16
   012C 10                  339 	.db #0x10	; 16
   012D 10                  340 	.db #0x10	; 16
   012E 10                  341 	.db #0x10	; 16
   012F 10                  342 	.db #0x10	; 16
   0130 10                  343 	.db #0x10	; 16
   0131 10                  344 	.db #0x10	; 16
   0132 10                  345 	.db #0x10	; 16
   0133 04                  346 	.db #0x04	; 4
   0134 01                  347 	.db #0x01	; 1
   0135 01                  348 	.db #0x01	; 1
   0136 01                  349 	.db #0x01	; 1
   0137 01                  350 	.db #0x01	; 1
   0138 01                  351 	.db #0x01	; 1
   0139 01                  352 	.db #0x01	; 1
   013A 01                  353 	.db #0x01	; 1
   013B 01                  354 	.db #0x01	; 1
   013C 01                  355 	.db #0x01	; 1
   013D 01                  356 	.db #0x01	; 1
   013E 01                  357 	.db #0x01	; 1
   013F 01                  358 	.db #0x01	; 1
   0140 03                  359 	.db #0x03	; 3
   0141 00                  360 	.db #0x00	; 0
   0142 00                  361 	.db #0x00	; 0
   0143 0A                  362 	.db #0x0a	; 10
   0144 02                  363 	.db #0x02	; 2
   0145 02                  364 	.db #0x02	; 2
   0146 02                  365 	.db #0x02	; 2
   0147 02                  366 	.db #0x02	; 2
   0148 02                  367 	.db #0x02	; 2
   0149 02                  368 	.db #0x02	; 2
   014A 02                  369 	.db #0x02	; 2
   014B 02                  370 	.db #0x02	; 2
   014C 02                  371 	.db #0x02	; 2
   014D 02                  372 	.db #0x02	; 2
   014E 02                  373 	.db #0x02	; 2
   014F 02                  374 	.db #0x02	; 2
   0150 07                  375 	.db #0x07	; 7
   0151 03                  376 	.db #0x03	; 3
   0152 00                  377 	.db #0x00	; 0
   0153 00                  378 	.db #0x00	; 0
   0154 00                  379 	.db #0x00	; 0
   0155 00                  380 	.db #0x00	; 0
   0156 10                  381 	.db #0x10	; 16
   0157 10                  382 	.db #0x10	; 16
   0158 10                  383 	.db #0x10	; 16
   0159 10                  384 	.db #0x10	; 16
   015A 00                  385 	.db #0x00	; 0
   015B 04                  386 	.db #0x04	; 4
   015C 01                  387 	.db #0x01	; 1
   015D 01                  388 	.db #0x01	; 1
   015E 01                  389 	.db #0x01	; 1
   015F 01                  390 	.db #0x01	; 1
   0160 01                  391 	.db #0x01	; 1
   0161 01                  392 	.db #0x01	; 1
   0162 01                  393 	.db #0x01	; 1
   0163 01                  394 	.db #0x01	; 1
   0164 01                  395 	.db #0x01	; 1
   0165 01                  396 	.db #0x01	; 1
   0166 01                  397 	.db #0x01	; 1
   0167 01                  398 	.db #0x01	; 1
   0168 03                  399 	.db #0x03	; 3
   0169 00                  400 	.db #0x00	; 0
   016A 00                  401 	.db #0x00	; 0
   016B 0B                  402 	.db #0x0b	; 11
   016C 05                  403 	.db #0x05	; 5
   016D 05                  404 	.db #0x05	; 5
   016E 05                  405 	.db #0x05	; 5
   016F 05                  406 	.db #0x05	; 5
   0170 05                  407 	.db #0x05	; 5
   0171 05                  408 	.db #0x05	; 5
   0172 05                  409 	.db #0x05	; 5
   0173 05                  410 	.db #0x05	; 5
   0174 05                  411 	.db #0x05	; 5
   0175 05                  412 	.db #0x05	; 5
   0176 05                  413 	.db #0x05	; 5
   0177 05                  414 	.db #0x05	; 5
   0178 05                  415 	.db #0x05	; 5
   0179 0D                  416 	.db #0x0d	; 13
   017A 00                  417 	.db #0x00	; 0
   017B 00                  418 	.db #0x00	; 0
   017C 00                  419 	.db #0x00	; 0
   017D 00                  420 	.db #0x00	; 0
   017E 00                  421 	.db #0x00	; 0
   017F 00                  422 	.db #0x00	; 0
   0180 00                  423 	.db #0x00	; 0
   0181 00                  424 	.db #0x00	; 0
   0182 00                  425 	.db #0x00	; 0
   0183 04                  426 	.db #0x04	; 4
   0184 01                  427 	.db #0x01	; 1
   0185 01                  428 	.db #0x01	; 1
   0186 01                  429 	.db #0x01	; 1
   0187 01                  430 	.db #0x01	; 1
   0188 01                  431 	.db #0x01	; 1
   0189 01                  432 	.db #0x01	; 1
   018A 01                  433 	.db #0x01	; 1
   018B 01                  434 	.db #0x01	; 1
   018C 01                  435 	.db #0x01	; 1
   018D 01                  436 	.db #0x01	; 1
   018E 01                  437 	.db #0x01	; 1
   018F 01                  438 	.db #0x01	; 1
   0190 03                  439 	.db #0x03	; 3
   0191 00                  440 	.db #0x00	; 0
   0192 00                  441 	.db #0x00	; 0
   0193 00                  442 	.db #0x00	; 0
   0194 00                  443 	.db #0x00	; 0
   0195 00                  444 	.db #0x00	; 0
   0196 00                  445 	.db #0x00	; 0
   0197 00                  446 	.db #0x00	; 0
   0198 00                  447 	.db #0x00	; 0
   0199 00                  448 	.db #0x00	; 0
   019A 00                  449 	.db #0x00	; 0
   019B 10                  450 	.db #0x10	; 16
   019C 10                  451 	.db #0x10	; 16
   019D 10                  452 	.db #0x10	; 16
   019E 11                  453 	.db #0x11	; 17
   019F 00                  454 	.db #0x00	; 0
   01A0 00                  455 	.db #0x00	; 0
   01A1 00                  456 	.db #0x00	; 0
   01A2 00                  457 	.db #0x00	; 0
   01A3 00                  458 	.db #0x00	; 0
   01A4 00                  459 	.db #0x00	; 0
   01A5 00                  460 	.db #0x00	; 0
   01A6 00                  461 	.db #0x00	; 0
   01A7 00                  462 	.db #0x00	; 0
   01A8 00                  463 	.db #0x00	; 0
   01A9 00                  464 	.db #0x00	; 0
   01AA 00                  465 	.db #0x00	; 0
   01AB 0B                  466 	.db #0x0b	; 11
   01AC 05                  467 	.db #0x05	; 5
   01AD 05                  468 	.db #0x05	; 5
   01AE 05                  469 	.db #0x05	; 5
   01AF 05                  470 	.db #0x05	; 5
   01B0 05                  471 	.db #0x05	; 5
   01B1 05                  472 	.db #0x05	; 5
   01B2 05                  473 	.db #0x05	; 5
   01B3 05                  474 	.db #0x05	; 5
   01B4 05                  475 	.db #0x05	; 5
   01B5 05                  476 	.db #0x05	; 5
   01B6 05                  477 	.db #0x05	; 5
   01B7 09                  478 	.db #0x09	; 9
   01B8 03                  479 	.db #0x03	; 3
   01B9 00                  480 	.db #0x00	; 0
   01BA 00                  481 	.db #0x00	; 0
   01BB 00                  482 	.db #0x00	; 0
   01BC 00                  483 	.db #0x00	; 0
   01BD 00                  484 	.db #0x00	; 0
   01BE 00                  485 	.db #0x00	; 0
   01BF 10                  486 	.db #0x10	; 16
   01C0 00                  487 	.db #0x00	; 0
   01C1 00                  488 	.db #0x00	; 0
   01C2 00                  489 	.db #0x00	; 0
   01C3 00                  490 	.db #0x00	; 0
   01C4 10                  491 	.db #0x10	; 16
   01C5 10                  492 	.db #0x10	; 16
   01C6 00                  493 	.db #0x00	; 0
   01C7 00                  494 	.db #0x00	; 0
   01C8 10                  495 	.db #0x10	; 16
   01C9 11                  496 	.db #0x11	; 17
   01CA 10                  497 	.db #0x10	; 16
   01CB 00                  498 	.db #0x00	; 0
   01CC 00                  499 	.db #0x00	; 0
   01CD 00                  500 	.db #0x00	; 0
   01CE 00                  501 	.db #0x00	; 0
   01CF 00                  502 	.db #0x00	; 0
   01D0 00                  503 	.db #0x00	; 0
   01D1 00                  504 	.db #0x00	; 0
   01D2 00                  505 	.db #0x00	; 0
   01D3 00                  506 	.db #0x00	; 0
   01D4 00                  507 	.db #0x00	; 0
   01D5 00                  508 	.db #0x00	; 0
   01D6 00                  509 	.db #0x00	; 0
   01D7 00                  510 	.db #0x00	; 0
   01D8 00                  511 	.db #0x00	; 0
   01D9 00                  512 	.db #0x00	; 0
   01DA 10                  513 	.db #0x10	; 16
   01DB 00                  514 	.db #0x00	; 0
   01DC 00                  515 	.db #0x00	; 0
   01DD 00                  516 	.db #0x00	; 0
   01DE 00                  517 	.db #0x00	; 0
   01DF 04                  518 	.db #0x04	; 4
   01E0 06                  519 	.db #0x06	; 6
   01E1 02                  520 	.db #0x02	; 2
   01E2 02                  521 	.db #0x02	; 2
   01E3 02                  522 	.db #0x02	; 2
   01E4 02                  523 	.db #0x02	; 2
   01E5 02                  524 	.db #0x02	; 2
   01E6 02                  525 	.db #0x02	; 2
   01E7 02                  526 	.db #0x02	; 2
   01E8 02                  527 	.db #0x02	; 2
   01E9 02                  528 	.db #0x02	; 2
   01EA 02                  529 	.db #0x02	; 2
   01EB 02                  530 	.db #0x02	; 2
   01EC 02                  531 	.db #0x02	; 2
   01ED 0C                  532 	.db #0x0c	; 12
   01EE 00                  533 	.db #0x00	; 0
   01EF 10                  534 	.db #0x10	; 16
   01F0 11                  535 	.db #0x11	; 17
   01F1 11                  536 	.db #0x11	; 17
   01F2 11                  537 	.db #0x11	; 17
   01F3 0A                  538 	.db #0x0a	; 10
   01F4 02                  539 	.db #0x02	; 2
   01F5 02                  540 	.db #0x02	; 2
   01F6 02                  541 	.db #0x02	; 2
   01F7 0C                  542 	.db #0x0c	; 12
   01F8 10                  543 	.db #0x10	; 16
   01F9 00                  544 	.db #0x00	; 0
   01FA 00                  545 	.db #0x00	; 0
   01FB 10                  546 	.db #0x10	; 16
   01FC 10                  547 	.db #0x10	; 16
   01FD 10                  548 	.db #0x10	; 16
   01FE 10                  549 	.db #0x10	; 16
   01FF 10                  550 	.db #0x10	; 16
   0200 10                  551 	.db #0x10	; 16
   0201 10                  552 	.db #0x10	; 16
   0202 10                  553 	.db #0x10	; 16
   0203 00                  554 	.db #0x00	; 0
   0204 13                  555 	.db #0x13	; 19
   0205 14                  556 	.db #0x14	; 20
   0206 10                  557 	.db #0x10	; 16
   0207 04                  558 	.db #0x04	; 4
   0208 01                  559 	.db #0x01	; 1
   0209 01                  560 	.db #0x01	; 1
   020A 01                  561 	.db #0x01	; 1
   020B 01                  562 	.db #0x01	; 1
   020C 01                  563 	.db #0x01	; 1
   020D 01                  564 	.db #0x01	; 1
   020E 01                  565 	.db #0x01	; 1
   020F 01                  566 	.db #0x01	; 1
   0210 01                  567 	.db #0x01	; 1
   0211 01                  568 	.db #0x01	; 1
   0212 01                  569 	.db #0x01	; 1
   0213 01                  570 	.db #0x01	; 1
   0214 01                  571 	.db #0x01	; 1
   0215 03                  572 	.db #0x03	; 3
   0216 10                  573 	.db #0x10	; 16
   0217 11                  574 	.db #0x11	; 17
   0218 11                  575 	.db #0x11	; 17
   0219 11                  576 	.db #0x11	; 17
   021A 11                  577 	.db #0x11	; 17
   021B 04                  578 	.db #0x04	; 4
   021C 01                  579 	.db #0x01	; 1
   021D 01                  580 	.db #0x01	; 1
   021E 01                  581 	.db #0x01	; 1
   021F 03                  582 	.db #0x03	; 3
   0220 11                  583 	.db #0x11	; 17
   0221 00                  584 	.db #0x00	; 0
   0222 00                  585 	.db #0x00	; 0
   0223 11                  586 	.db #0x11	; 17
   0224 10                  587 	.db #0x10	; 16
   0225 10                  588 	.db #0x10	; 16
   0226 11                  589 	.db #0x11	; 17
   0227 11                  590 	.db #0x11	; 17
   0228 10                  591 	.db #0x10	; 16
   0229 10                  592 	.db #0x10	; 16
   022A 10                  593 	.db #0x10	; 16
   022B 00                  594 	.db #0x00	; 0
   022C 16                  595 	.db #0x16	; 22
   022D 15                  596 	.db #0x15	; 21
   022E 10                  597 	.db #0x10	; 16
   022F 04                  598 	.db #0x04	; 4
   0230 01                  599 	.db #0x01	; 1
   0231 01                  600 	.db #0x01	; 1
   0232 01                  601 	.db #0x01	; 1
   0233 01                  602 	.db #0x01	; 1
   0234 01                  603 	.db #0x01	; 1
   0235 01                  604 	.db #0x01	; 1
   0236 01                  605 	.db #0x01	; 1
   0237 01                  606 	.db #0x01	; 1
   0238 01                  607 	.db #0x01	; 1
   0239 01                  608 	.db #0x01	; 1
   023A 01                  609 	.db #0x01	; 1
   023B 01                  610 	.db #0x01	; 1
   023C 01                  611 	.db #0x01	; 1
   023D 03                  612 	.db #0x03	; 3
   023E 10                  613 	.db #0x10	; 16
   023F 10                  614 	.db #0x10	; 16
   0240 10                  615 	.db #0x10	; 16
   0241 11                  616 	.db #0x11	; 17
   0242 10                  617 	.db #0x10	; 16
   0243 04                  618 	.db #0x04	; 4
   0244 01                  619 	.db #0x01	; 1
   0245 01                  620 	.db #0x01	; 1
   0246 01                  621 	.db #0x01	; 1
   0247 03                  622 	.db #0x03	; 3
   0248 00                  623 	.db #0x00	; 0
   0249 00                  624 	.db #0x00	; 0
   024A 00                  625 	.db #0x00	; 0
   024B 00                  626 	.db #0x00	; 0
   024C 00                  627 	.db #0x00	; 0
   024D 10                  628 	.db #0x10	; 16
   024E 10                  629 	.db #0x10	; 16
   024F 11                  630 	.db #0x11	; 17
   0250 11                  631 	.db #0x11	; 17
   0251 10                  632 	.db #0x10	; 16
   0252 10                  633 	.db #0x10	; 16
   0253 00                  634 	.db #0x00	; 0
   0254 11                  635 	.db #0x11	; 17
   0255 11                  636 	.db #0x11	; 17
   0256 00                  637 	.db #0x00	; 0
   0257 04                  638 	.db #0x04	; 4
   0258 01                  639 	.db #0x01	; 1
   0259 01                  640 	.db #0x01	; 1
   025A 01                  641 	.db #0x01	; 1
   025B 01                  642 	.db #0x01	; 1
   025C 01                  643 	.db #0x01	; 1
   025D 01                  644 	.db #0x01	; 1
   025E 01                  645 	.db #0x01	; 1
   025F 01                  646 	.db #0x01	; 1
   0260 01                  647 	.db #0x01	; 1
   0261 01                  648 	.db #0x01	; 1
   0262 01                  649 	.db #0x01	; 1
   0263 01                  650 	.db #0x01	; 1
   0264 01                  651 	.db #0x01	; 1
   0265 03                  652 	.db #0x03	; 3
   0266 0E                  653 	.db #0x0e	; 14
   0267 00                  654 	.db #0x00	; 0
   0268 10                  655 	.db #0x10	; 16
   0269 10                  656 	.db #0x10	; 16
   026A 10                  657 	.db #0x10	; 16
   026B 04                  658 	.db #0x04	; 4
   026C 01                  659 	.db #0x01	; 1
   026D 01                  660 	.db #0x01	; 1
   026E 01                  661 	.db #0x01	; 1
   026F 03                  662 	.db #0x03	; 3
   0270 00                  663 	.db #0x00	; 0
   0271 00                  664 	.db #0x00	; 0
   0272 00                  665 	.db #0x00	; 0
   0273 00                  666 	.db #0x00	; 0
   0274 00                  667 	.db #0x00	; 0
   0275 00                  668 	.db #0x00	; 0
   0276 00                  669 	.db #0x00	; 0
   0277 10                  670 	.db #0x10	; 16
   0278 10                  671 	.db #0x10	; 16
   0279 10                  672 	.db #0x10	; 16
   027A 10                  673 	.db #0x10	; 16
   027B 0E                  674 	.db #0x0e	; 14
   027C 0E                  675 	.db #0x0e	; 14
   027D 0E                  676 	.db #0x0e	; 14
   027E 0A                  677 	.db #0x0a	; 10
   027F 07                  678 	.db #0x07	; 7
   0280 01                  679 	.db #0x01	; 1
   0281 01                  680 	.db #0x01	; 1
   0282 01                  681 	.db #0x01	; 1
   0283 01                  682 	.db #0x01	; 1
   0284 01                  683 	.db #0x01	; 1
   0285 01                  684 	.db #0x01	; 1
   0286 01                  685 	.db #0x01	; 1
   0287 01                  686 	.db #0x01	; 1
   0288 01                  687 	.db #0x01	; 1
   0289 01                  688 	.db #0x01	; 1
   028A 01                  689 	.db #0x01	; 1
   028B 01                  690 	.db #0x01	; 1
   028C 01                  691 	.db #0x01	; 1
   028D 06                  692 	.db #0x06	; 6
   028E 02                  693 	.db #0x02	; 2
   028F 02                  694 	.db #0x02	; 2
   0290 02                  695 	.db #0x02	; 2
   0291 02                  696 	.db #0x02	; 2
   0292 02                  697 	.db #0x02	; 2
   0293 07                  698 	.db #0x07	; 7
   0294 01                  699 	.db #0x01	; 1
   0295 01                  700 	.db #0x01	; 1
   0296 01                  701 	.db #0x01	; 1
   0297 06                  702 	.db #0x06	; 6
   0298 02                  703 	.db #0x02	; 2
   0299 02                  704 	.db #0x02	; 2
   029A 02                  705 	.db #0x02	; 2
   029B 02                  706 	.db #0x02	; 2
   029C 02                  707 	.db #0x02	; 2
   029D 02                  708 	.db #0x02	; 2
   029E 02                  709 	.db #0x02	; 2
   029F 02                  710 	.db #0x02	; 2
   02A0 02                  711 	.db #0x02	; 2
   02A1 02                  712 	.db #0x02	; 2
   02A2 02                  713 	.db #0x02	; 2
   02A3 02                  714 	.db #0x02	; 2
   02A4 02                  715 	.db #0x02	; 2
   02A5 02                  716 	.db #0x02	; 2
   02A6 07                  717 	.db #0x07	; 7
   02A7 01                  718 	.db #0x01	; 1
   02A8 01                  719 	.db #0x01	; 1
   02A9 01                  720 	.db #0x01	; 1
   02AA 01                  721 	.db #0x01	; 1
   02AB 01                  722 	.db #0x01	; 1
   02AC 01                  723 	.db #0x01	; 1
   02AD 01                  724 	.db #0x01	; 1
   02AE 01                  725 	.db #0x01	; 1
   02AF 01                  726 	.db #0x01	; 1
   02B0 01                  727 	.db #0x01	; 1
   02B1 01                  728 	.db #0x01	; 1
   02B2 01                  729 	.db #0x01	; 1
   02B3 01                  730 	.db #0x01	; 1
   02B4 01                  731 	.db #0x01	; 1
   02B5 01                  732 	.db #0x01	; 1
   02B6 01                  733 	.db #0x01	; 1
   02B7 01                  734 	.db #0x01	; 1
   02B8 01                  735 	.db #0x01	; 1
   02B9 01                  736 	.db #0x01	; 1
   02BA 01                  737 	.db #0x01	; 1
   02BB 01                  738 	.db #0x01	; 1
   02BC 01                  739 	.db #0x01	; 1
   02BD 01                  740 	.db #0x01	; 1
   02BE 01                  741 	.db #0x01	; 1
   02BF 01                  742 	.db #0x01	; 1
   02C0 01                  743 	.db #0x01	; 1
   02C1 01                  744 	.db #0x01	; 1
   02C2 01                  745 	.db #0x01	; 1
   02C3 01                  746 	.db #0x01	; 1
   02C4 01                  747 	.db #0x01	; 1
   02C5 01                  748 	.db #0x01	; 1
   02C6 01                  749 	.db #0x01	; 1
   02C7 01                  750 	.db #0x01	; 1
   02C8 01                  751 	.db #0x01	; 1
   02C9 01                  752 	.db #0x01	; 1
   02CA 01                  753 	.db #0x01	; 1
   02CB 01                  754 	.db #0x01	; 1
   02CC 01                  755 	.db #0x01	; 1
   02CD 01                  756 	.db #0x01	; 1
   02CE 01                  757 	.db #0x01	; 1
   02CF 01                  758 	.db #0x01	; 1
                            759 	.area _CABS (ABS)
