                              1 ;--------------------------------------------------------
                              2 ; File Created by SDCC : free open source ANSI-C Compiler
                              3 ; Version 3.6.0 #9615 (MINGW64)
                              4 ;--------------------------------------------------------
                              5 	.module player_b3
                              6 	.optsdcc -mgbz80
                              7 	
                              8 ;--------------------------------------------------------
                              9 ; Public variables in this module
                             10 ;--------------------------------------------------------
                             11 	.globl _player
                             12 ;--------------------------------------------------------
                             13 ; ram data
                             14 ;--------------------------------------------------------
                             15 	.area _DATA
                             16 ;--------------------------------------------------------
                             17 ; absolute external ram data
                             18 ;--------------------------------------------------------
                             19 	.area _DABS (ABS)
                             20 ;--------------------------------------------------------
                             21 ; global & static initialisations
                             22 ;--------------------------------------------------------
                             23 	.area _HOME
                             24 	.area _GSINIT
                             25 	.area _GSFINAL
                             26 	.area _GSINIT
                             27 ;--------------------------------------------------------
                             28 ; Home
                             29 ;--------------------------------------------------------
                             30 	.area _HOME
                             31 	.area _HOME
                             32 ;--------------------------------------------------------
                             33 ; code
                             34 ;--------------------------------------------------------
                             35 	.area _CODE
                             36 	.area _CODE
                             37 	.area _CODE_3
   0000                      38 _player:
   0000 07                   39 	.db #0x07	; 7
   0001 07                   40 	.db #0x07	; 7
   0002 18                   41 	.db #0x18	; 24
   0003 1F                   42 	.db #0x1f	; 31
   0004 3E                   43 	.db #0x3e	; 62
   0005 27                   44 	.db #0x27	; 39
   0006 7F                   45 	.db #0x7f	; 127
   0007 41                   46 	.db #0x41	; 65	'A'
   0008 7F                   47 	.db #0x7f	; 127
   0009 40                   48 	.db #0x40	; 64
   000A FF                   49 	.db #0xff	; 255
   000B 80                   50 	.db #0x80	; 128
   000C FF                   51 	.db #0xff	; 255
   000D 81                   52 	.db #0x81	; 129
   000E FF                   53 	.db #0xff	; 255
   000F 8F                   54 	.db #0x8f	; 143
   0010 F3                   55 	.db #0xf3	; 243
   0011 9F                   56 	.db #0x9f	; 159
   0012 E1                   57 	.db #0xe1	; 225
   0013 BF                   58 	.db #0xbf	; 191
   0014 E1                   59 	.db #0xe1	; 225
   0015 BF                   60 	.db #0xbf	; 191
   0016 41                   61 	.db #0x41	; 65	'A'
   0017 7F                   62 	.db #0x7f	; 127
   0018 40                   63 	.db #0x40	; 64
   0019 7F                   64 	.db #0x7f	; 127
   001A 20                   65 	.db #0x20	; 32
   001B 3F                   66 	.db #0x3f	; 63
   001C 18                   67 	.db #0x18	; 24
   001D 1F                   68 	.db #0x1f	; 31
   001E 07                   69 	.db #0x07	; 7
   001F 07                   70 	.db #0x07	; 7
   0020 E0                   71 	.db #0xe0	; 224
   0021 E0                   72 	.db #0xe0	; 224
   0022 18                   73 	.db #0x18	; 24
   0023 F8                   74 	.db #0xf8	; 248
   0024 04                   75 	.db #0x04	; 4
   0025 FC                   76 	.db #0xfc	; 252
   0026 02                   77 	.db #0x02	; 2
   0027 FE                   78 	.db #0xfe	; 254
   0028 82                   79 	.db #0x82	; 130
   0029 FE                   80 	.db #0xfe	; 254
   002A 87                   81 	.db #0x87	; 135
   002B FD                   82 	.db #0xfd	; 253
   002C 87                   83 	.db #0x87	; 135
   002D FD                   84 	.db #0xfd	; 253
   002E CF                   85 	.db #0xcf	; 207
   002F F9                   86 	.db #0xf9	; 249
   0030 FF                   87 	.db #0xff	; 255
   0031 F1                   88 	.db #0xf1	; 241
   0032 FF                   89 	.db #0xff	; 255
   0033 81                   90 	.db #0x81	; 129
   0034 FF                   91 	.db #0xff	; 255
   0035 01                   92 	.db #0x01	; 1
   0036 FE                   93 	.db #0xfe	; 254
   0037 02                   94 	.db #0x02	; 2
   0038 FE                   95 	.db #0xfe	; 254
   0039 82                   96 	.db #0x82	; 130
   003A 7C                   97 	.db #0x7c	; 124
   003B E4                   98 	.db #0xe4	; 228
   003C 18                   99 	.db #0x18	; 24
   003D F8                  100 	.db #0xf8	; 248
   003E E0                  101 	.db #0xe0	; 224
   003F E0                  102 	.db #0xe0	; 224
   0040 07                  103 	.db #0x07	; 7
   0041 07                  104 	.db #0x07	; 7
   0042 1F                  105 	.db #0x1f	; 31
   0043 18                  106 	.db #0x18	; 24
   0044 3F                  107 	.db #0x3f	; 63
   0045 20                  108 	.db #0x20	; 32
   0046 7F                  109 	.db #0x7f	; 127
   0047 40                  110 	.db #0x40	; 64
   0048 7F                  111 	.db #0x7f	; 127
   0049 40                  112 	.db #0x40	; 64
   004A FF                  113 	.db #0xff	; 255
   004B 9C                  114 	.db #0x9c	; 156
   004C E3                  115 	.db #0xe3	; 227
   004D BF                  116 	.db #0xbf	; 191
   004E C3                  117 	.db #0xc3	; 195
   004F FF                  118 	.db #0xff	; 255
   0050 83                  119 	.db #0x83	; 131
   0051 FF                  120 	.db #0xff	; 255
   0052 87                  121 	.db #0x87	; 135
   0053 FD                  122 	.db #0xfd	; 253
   0054 87                  123 	.db #0x87	; 135
   0055 FC                  124 	.db #0xfc	; 252
   0056 4F                  125 	.db #0x4f	; 79	'O'
   0057 78                  126 	.db #0x78	; 120	'x'
   0058 4F                  127 	.db #0x4f	; 79	'O'
   0059 78                  128 	.db #0x78	; 120	'x'
   005A 27                  129 	.db #0x27	; 39
   005B 3C                  130 	.db #0x3c	; 60
   005C 1B                  131 	.db #0x1b	; 27
   005D 1E                  132 	.db #0x1e	; 30
   005E 07                  133 	.db #0x07	; 7
   005F 07                  134 	.db #0x07	; 7
   0060 E0                  135 	.db #0xe0	; 224
   0061 E0                  136 	.db #0xe0	; 224
   0062 D8                  137 	.db #0xd8	; 216
   0063 78                  138 	.db #0x78	; 120	'x'
   0064 E4                  139 	.db #0xe4	; 228
   0065 3C                  140 	.db #0x3c	; 60
   0066 F2                  141 	.db #0xf2	; 242
   0067 1E                  142 	.db #0x1e	; 30
   0068 F2                  143 	.db #0xf2	; 242
   0069 1E                  144 	.db #0x1e	; 30
   006A F1                  145 	.db #0xf1	; 241
   006B 1F                  146 	.db #0x1f	; 31
   006C E1                  147 	.db #0xe1	; 225
   006D BF                  148 	.db #0xbf	; 191
   006E C1                  149 	.db #0xc1	; 193
   006F FF                  150 	.db #0xff	; 255
   0070 C3                  151 	.db #0xc3	; 195
   0071 FF                  152 	.db #0xff	; 255
   0072 C7                  153 	.db #0xc7	; 199
   0073 FD                  154 	.db #0xfd	; 253
   0074 FF                  155 	.db #0xff	; 255
   0075 39                  156 	.db #0x39	; 57	'9'
   0076 FE                  157 	.db #0xfe	; 254
   0077 02                  158 	.db #0x02	; 2
   0078 FE                  159 	.db #0xfe	; 254
   0079 02                  160 	.db #0x02	; 2
   007A FC                  161 	.db #0xfc	; 252
   007B 04                  162 	.db #0x04	; 4
   007C F8                  163 	.db #0xf8	; 248
   007D 18                  164 	.db #0x18	; 24
   007E E0                  165 	.db #0xe0	; 224
   007F E0                  166 	.db #0xe0	; 224
   0080 07                  167 	.db #0x07	; 7
   0081 07                  168 	.db #0x07	; 7
   0082 1F                  169 	.db #0x1f	; 31
   0083 18                  170 	.db #0x18	; 24
   0084 27                  171 	.db #0x27	; 39
   0085 3E                  172 	.db #0x3e	; 62
   0086 41                  173 	.db #0x41	; 65	'A'
   0087 7F                  174 	.db #0x7f	; 127
   0088 40                  175 	.db #0x40	; 64
   0089 7F                  176 	.db #0x7f	; 127
   008A 80                  177 	.db #0x80	; 128
   008B FF                  178 	.db #0xff	; 255
   008C 81                  179 	.db #0x81	; 129
   008D FF                  180 	.db #0xff	; 255
   008E 8F                  181 	.db #0x8f	; 143
   008F FF                  182 	.db #0xff	; 255
   0090 9F                  183 	.db #0x9f	; 159
   0091 F3                  184 	.db #0xf3	; 243
   0092 BF                  185 	.db #0xbf	; 191
   0093 E1                  186 	.db #0xe1	; 225
   0094 BF                  187 	.db #0xbf	; 191
   0095 E1                  188 	.db #0xe1	; 225
   0096 7F                  189 	.db #0x7f	; 127
   0097 41                  190 	.db #0x41	; 65	'A'
   0098 7F                  191 	.db #0x7f	; 127
   0099 40                  192 	.db #0x40	; 64
   009A 3F                  193 	.db #0x3f	; 63
   009B 20                  194 	.db #0x20	; 32
   009C 1F                  195 	.db #0x1f	; 31
   009D 18                  196 	.db #0x18	; 24
   009E 07                  197 	.db #0x07	; 7
   009F 07                  198 	.db #0x07	; 7
   00A0 E0                  199 	.db #0xe0	; 224
   00A1 E0                  200 	.db #0xe0	; 224
   00A2 F8                  201 	.db #0xf8	; 248
   00A3 18                  202 	.db #0x18	; 24
   00A4 FC                  203 	.db #0xfc	; 252
   00A5 04                  204 	.db #0x04	; 4
   00A6 FE                  205 	.db #0xfe	; 254
   00A7 02                  206 	.db #0x02	; 2
   00A8 FE                  207 	.db #0xfe	; 254
   00A9 82                  208 	.db #0x82	; 130
   00AA FD                  209 	.db #0xfd	; 253
   00AB 87                  210 	.db #0x87	; 135
   00AC FD                  211 	.db #0xfd	; 253
   00AD 87                  212 	.db #0x87	; 135
   00AE F9                  213 	.db #0xf9	; 249
   00AF CF                  214 	.db #0xcf	; 207
   00B0 F1                  215 	.db #0xf1	; 241
   00B1 FF                  216 	.db #0xff	; 255
   00B2 81                  217 	.db #0x81	; 129
   00B3 FF                  218 	.db #0xff	; 255
   00B4 01                  219 	.db #0x01	; 1
   00B5 FF                  220 	.db #0xff	; 255
   00B6 02                  221 	.db #0x02	; 2
   00B7 FE                  222 	.db #0xfe	; 254
   00B8 82                  223 	.db #0x82	; 130
   00B9 FE                  224 	.db #0xfe	; 254
   00BA E4                  225 	.db #0xe4	; 228
   00BB 7C                  226 	.db #0x7c	; 124
   00BC F8                  227 	.db #0xf8	; 248
   00BD 18                  228 	.db #0x18	; 24
   00BE E0                  229 	.db #0xe0	; 224
   00BF E0                  230 	.db #0xe0	; 224
   00C0 07                  231 	.db #0x07	; 7
   00C1 07                  232 	.db #0x07	; 7
   00C2 18                  233 	.db #0x18	; 24
   00C3 1F                  234 	.db #0x1f	; 31
   00C4 20                  235 	.db #0x20	; 32
   00C5 3F                  236 	.db #0x3f	; 63
   00C6 40                  237 	.db #0x40	; 64
   00C7 7F                  238 	.db #0x7f	; 127
   00C8 40                  239 	.db #0x40	; 64
   00C9 7F                  240 	.db #0x7f	; 127
   00CA 9C                  241 	.db #0x9c	; 156
   00CB FF                  242 	.db #0xff	; 255
   00CC BF                  243 	.db #0xbf	; 191
   00CD E3                  244 	.db #0xe3	; 227
   00CE FF                  245 	.db #0xff	; 255
   00CF C3                  246 	.db #0xc3	; 195
   00D0 FF                  247 	.db #0xff	; 255
   00D1 83                  248 	.db #0x83	; 131
   00D2 FD                  249 	.db #0xfd	; 253
   00D3 87                  250 	.db #0x87	; 135
   00D4 FC                  251 	.db #0xfc	; 252
   00D5 87                  252 	.db #0x87	; 135
   00D6 78                  253 	.db #0x78	; 120	'x'
   00D7 4F                  254 	.db #0x4f	; 79	'O'
   00D8 78                  255 	.db #0x78	; 120	'x'
   00D9 4F                  256 	.db #0x4f	; 79	'O'
   00DA 3C                  257 	.db #0x3c	; 60
   00DB 27                  258 	.db #0x27	; 39
   00DC 1E                  259 	.db #0x1e	; 30
   00DD 1B                  260 	.db #0x1b	; 27
   00DE 07                  261 	.db #0x07	; 7
   00DF 07                  262 	.db #0x07	; 7
   00E0 E0                  263 	.db #0xe0	; 224
   00E1 E0                  264 	.db #0xe0	; 224
   00E2 78                  265 	.db #0x78	; 120	'x'
   00E3 D8                  266 	.db #0xd8	; 216
   00E4 3C                  267 	.db #0x3c	; 60
   00E5 E4                  268 	.db #0xe4	; 228
   00E6 1E                  269 	.db #0x1e	; 30
   00E7 F2                  270 	.db #0xf2	; 242
   00E8 1E                  271 	.db #0x1e	; 30
   00E9 F2                  272 	.db #0xf2	; 242
   00EA 1F                  273 	.db #0x1f	; 31
   00EB F1                  274 	.db #0xf1	; 241
   00EC BF                  275 	.db #0xbf	; 191
   00ED E1                  276 	.db #0xe1	; 225
   00EE FF                  277 	.db #0xff	; 255
   00EF C1                  278 	.db #0xc1	; 193
   00F0 FF                  279 	.db #0xff	; 255
   00F1 C3                  280 	.db #0xc3	; 195
   00F2 FD                  281 	.db #0xfd	; 253
   00F3 C7                  282 	.db #0xc7	; 199
   00F4 39                  283 	.db #0x39	; 57	'9'
   00F5 FF                  284 	.db #0xff	; 255
   00F6 02                  285 	.db #0x02	; 2
   00F7 FE                  286 	.db #0xfe	; 254
   00F8 02                  287 	.db #0x02	; 2
   00F9 FE                  288 	.db #0xfe	; 254
   00FA 04                  289 	.db #0x04	; 4
   00FB FC                  290 	.db #0xfc	; 252
   00FC 18                  291 	.db #0x18	; 24
   00FD F8                  292 	.db #0xf8	; 248
   00FE E0                  293 	.db #0xe0	; 224
   00FF E0                  294 	.db #0xe0	; 224
                            295 	.area _CABS (ABS)
