                              1 ;--------------------------------------------------------
                              2 ; File Created by SDCC : free open source ANSI-C Compiler
                              3 ; Version 3.6.0 #9615 (MINGW64)
                              4 ;--------------------------------------------------------
                              5 	.module music_tmp
                              6 	.optsdcc -mgbz80
                              7 	
                              8 ;--------------------------------------------------------
                              9 ; Public variables in this module
                             10 ;--------------------------------------------------------
                             11 	.globl _startmusic_mod_Data
                             12 	.globl _startmusic_mod1
                             13 	.globl _startmusic_mod0
                             14 ;--------------------------------------------------------
                             15 ; ram data
                             16 ;--------------------------------------------------------
                             17 	.area _DATA
                             18 ;--------------------------------------------------------
                             19 ; absolute external ram data
                             20 ;--------------------------------------------------------
                             21 	.area _DABS (ABS)
                             22 ;--------------------------------------------------------
                             23 ; global & static initialisations
                             24 ;--------------------------------------------------------
                             25 	.area _HOME
                             26 	.area _GSINIT
                             27 	.area _GSFINAL
                             28 	.area _GSINIT
                             29 ;--------------------------------------------------------
                             30 ; Home
                             31 ;--------------------------------------------------------
                             32 	.area _HOME
                             33 	.area _HOME
                             34 ;--------------------------------------------------------
                             35 ; code
                             36 ;--------------------------------------------------------
                             37 	.area _CODE_3
                             38 	.area _CODE_3
   0000                      39 _startmusic_mod0:
   0000 9F                   40 	.db #0x9f	; 159
   0001 38                   41 	.db #0x38	; 56	'8'
   0002 9F                   42 	.db #0x9f	; 159
   0003 18                   43 	.db #0x18	; 24
   0004 98                   44 	.db #0x98	; 152
   0005 17                   45 	.db #0x17	; 23
   0006 4A                   46 	.db #0x4a	; 74	'J'
   0007 03                   47 	.db #0x03	; 3
   0008 00                   48 	.db #0x00	; 0
   0009 2C                   49 	.db #0x2c	; 44
   000A 00                   50 	.db #0x00	; 0
   000B 00                   51 	.db #0x00	; 0
   000C 20                   52 	.db #0x20	; 32
   000D 98                   53 	.db #0x98	; 152
   000E 18                   54 	.db #0x18	; 24
   000F 20                   55 	.db #0x20	; 32
   0010 00                   56 	.db #0x00	; 0
   0011 00                   57 	.db #0x00	; 0
   0012 2C                   58 	.db #0x2c	; 44
   0013 00                   59 	.db #0x00	; 0
   0014 00                   60 	.db #0x00	; 0
   0015 00                   61 	.db #0x00	; 0
   0016 9B                   62 	.db #0x9b	; 155
   0017 18                   63 	.db #0x18	; 24
   0018 00                   64 	.db #0x00	; 0
   0019 8C                   65 	.db #0x8c	; 140
   001A 05                   66 	.db #0x05	; 5
   001B 00                   67 	.db #0x00	; 0
   001C 2C                   68 	.db #0x2c	; 44
   001D 00                   69 	.db #0x00	; 0
   001E 20                   70 	.db #0x20	; 32
   001F 9F                   71 	.db #0x9f	; 159
   0020 38                   72 	.db #0x38	; 56	'8'
   0021 98                   73 	.db #0x98	; 152
   0022 18                   74 	.db #0x18	; 24
   0023 98                   75 	.db #0x98	; 152
   0024 17                   76 	.db #0x17	; 23
   0025 8C                   77 	.db #0x8c	; 140
   0026 05                   78 	.db #0x05	; 5
   0027 00                   79 	.db #0x00	; 0
   0028 2C                   80 	.db #0x2c	; 44
   0029 00                   81 	.db #0x00	; 0
   002A 20                   82 	.db #0x20	; 32
   002B 20                   83 	.db #0x20	; 32
   002C 9F                   84 	.db #0x9f	; 159
   002D 18                   85 	.db #0x18	; 24
   002E 20                   86 	.db #0x20	; 32
   002F 8A                   87 	.db #0x8a	; 138
   0030 18                   88 	.db #0x18	; 24
   0031 00                   89 	.db #0x00	; 0
   0032 2C                   90 	.db #0x2c	; 44
   0033 00                   91 	.db #0x00	; 0
   0034 2C                   92 	.db #0x2c	; 44
   0035 00                   93 	.db #0x00	; 0
   0036 98                   94 	.db #0x98	; 152
   0037 18                   95 	.db #0x18	; 24
   0038 00                   96 	.db #0x00	; 0
   0039 20                   97 	.db #0x20	; 32
   003A 00                   98 	.db #0x00	; 0
   003B 2C                   99 	.db #0x2c	; 44
   003C 00                  100 	.db #0x00	; 0
   003D 00                  101 	.db #0x00	; 0
   003E 00                  102 	.db #0x00	; 0
   003F 9B                  103 	.db #0x9b	; 155
   0040 18                  104 	.db #0x18	; 24
   0041 98                  105 	.db #0x98	; 152
   0042 17                  106 	.db #0x17	; 23
   0043 8C                  107 	.db #0x8c	; 140
   0044 05                  108 	.db #0x05	; 5
   0045 00                  109 	.db #0x00	; 0
   0046 2C                  110 	.db #0x2c	; 44
   0047 00                  111 	.db #0x00	; 0
   0048 20                  112 	.db #0x20	; 32
   0049 00                  113 	.db #0x00	; 0
   004A 98                  114 	.db #0x98	; 152
   004B 18                  115 	.db #0x18	; 24
   004C 20                  116 	.db #0x20	; 32
   004D 00                  117 	.db #0x00	; 0
   004E 00                  118 	.db #0x00	; 0
   004F 2C                  119 	.db #0x2c	; 44
   0050 00                  120 	.db #0x00	; 0
   0051 00                  121 	.db #0x00	; 0
   0052 A2                  122 	.db #0xa2	; 162
   0053 38                  123 	.db #0x38	; 56	'8'
   0054 A2                  124 	.db #0xa2	; 162
   0055 18                  125 	.db #0x18	; 24
   0056 96                  126 	.db #0x96	; 150
   0057 17                  127 	.db #0x17	; 23
   0058 00                  128 	.db #0x00	; 0
   0059 00                  129 	.db #0x00	; 0
   005A 2C                  130 	.db #0x2c	; 44
   005B 00                  131 	.db #0x00	; 0
   005C 00                  132 	.db #0x00	; 0
   005D 20                  133 	.db #0x20	; 32
   005E 9A                  134 	.db #0x9a	; 154
   005F 18                  135 	.db #0x18	; 24
   0060 20                  136 	.db #0x20	; 32
   0061 00                  137 	.db #0x00	; 0
   0062 00                  138 	.db #0x00	; 0
   0063 2C                  139 	.db #0x2c	; 44
   0064 00                  140 	.db #0x00	; 0
   0065 00                  141 	.db #0x00	; 0
   0066 00                  142 	.db #0x00	; 0
   0067 9D                  143 	.db #0x9d	; 157
   0068 18                  144 	.db #0x18	; 24
   0069 00                  145 	.db #0x00	; 0
   006A 8C                  146 	.db #0x8c	; 140
   006B 05                  147 	.db #0x05	; 5
   006C 00                  148 	.db #0x00	; 0
   006D 2C                  149 	.db #0x2c	; 44
   006E 00                  150 	.db #0x00	; 0
   006F 20                  151 	.db #0x20	; 32
   0070 A2                  152 	.db #0xa2	; 162
   0071 38                  153 	.db #0x38	; 56	'8'
   0072 9A                  154 	.db #0x9a	; 154
   0073 18                  155 	.db #0x18	; 24
   0074 96                  156 	.db #0x96	; 150
   0075 17                  157 	.db #0x17	; 23
   0076 00                  158 	.db #0x00	; 0
   0077 00                  159 	.db #0x00	; 0
   0078 2C                  160 	.db #0x2c	; 44
   0079 00                  161 	.db #0x00	; 0
   007A 00                  162 	.db #0x00	; 0
   007B 20                  163 	.db #0x20	; 32
   007C A2                  164 	.db #0xa2	; 162
   007D 18                  165 	.db #0x18	; 24
   007E 20                  166 	.db #0x20	; 32
   007F 8A                  167 	.db #0x8a	; 138
   0080 18                  168 	.db #0x18	; 24
   0081 00                  169 	.db #0x00	; 0
   0082 2C                  170 	.db #0x2c	; 44
   0083 00                  171 	.db #0x00	; 0
   0084 2C                  172 	.db #0x2c	; 44
   0085 00                  173 	.db #0x00	; 0
   0086 9A                  174 	.db #0x9a	; 154
   0087 18                  175 	.db #0x18	; 24
   0088 00                  176 	.db #0x00	; 0
   0089 20                  177 	.db #0x20	; 32
   008A 00                  178 	.db #0x00	; 0
   008B 2C                  179 	.db #0x2c	; 44
   008C 00                  180 	.db #0x00	; 0
   008D 00                  181 	.db #0x00	; 0
   008E 00                  182 	.db #0x00	; 0
   008F 9D                  183 	.db #0x9d	; 157
   0090 18                  184 	.db #0x18	; 24
   0091 00                  185 	.db #0x00	; 0
   0092 8C                  186 	.db #0x8c	; 140
   0093 05                  187 	.db #0x05	; 5
   0094 00                  188 	.db #0x00	; 0
   0095 2C                  189 	.db #0x2c	; 44
   0096 00                  190 	.db #0x00	; 0
   0097 20                  191 	.db #0x20	; 32
   0098 00                  192 	.db #0x00	; 0
   0099 9A                  193 	.db #0x9a	; 154
   009A 18                  194 	.db #0x18	; 24
   009B 00                  195 	.db #0x00	; 0
   009C 00                  196 	.db #0x00	; 0
   009D 00                  197 	.db #0x00	; 0
   009E 2C                  198 	.db #0x2c	; 44
   009F 00                  199 	.db #0x00	; 0
   00A0 00                  200 	.db #0x00	; 0
   00A1 A4                  201 	.db #0xa4	; 164
   00A2 38                  202 	.db #0x38	; 56	'8'
   00A3 A4                  203 	.db #0xa4	; 164
   00A4 18                  204 	.db #0x18	; 24
   00A5 98                  205 	.db #0x98	; 152
   00A6 17                  206 	.db #0x17	; 23
   00A7 00                  207 	.db #0x00	; 0
   00A8 00                  208 	.db #0x00	; 0
   00A9 2C                  209 	.db #0x2c	; 44
   00AA 00                  210 	.db #0x00	; 0
   00AB 00                  211 	.db #0x00	; 0
   00AC 20                  212 	.db #0x20	; 32
   00AD 9B                  213 	.db #0x9b	; 155
   00AE 18                  214 	.db #0x18	; 24
   00AF 20                  215 	.db #0x20	; 32
   00B0 00                  216 	.db #0x00	; 0
   00B1 00                  217 	.db #0x00	; 0
   00B2 2C                  218 	.db #0x2c	; 44
   00B3 00                  219 	.db #0x00	; 0
   00B4 00                  220 	.db #0x00	; 0
   00B5 00                  221 	.db #0x00	; 0
   00B6 9F                  222 	.db #0x9f	; 159
   00B7 18                  223 	.db #0x18	; 24
   00B8 00                  224 	.db #0x00	; 0
   00B9 8C                  225 	.db #0x8c	; 140
   00BA 05                  226 	.db #0x05	; 5
   00BB 00                  227 	.db #0x00	; 0
   00BC 2C                  228 	.db #0x2c	; 44
   00BD 00                  229 	.db #0x00	; 0
   00BE 20                  230 	.db #0x20	; 32
   00BF A4                  231 	.db #0xa4	; 164
   00C0 38                  232 	.db #0x38	; 56	'8'
   00C1 9B                  233 	.db #0x9b	; 155
   00C2 18                  234 	.db #0x18	; 24
   00C3 98                  235 	.db #0x98	; 152
   00C4 17                  236 	.db #0x17	; 23
   00C5 8C                  237 	.db #0x8c	; 140
   00C6 05                  238 	.db #0x05	; 5
   00C7 00                  239 	.db #0x00	; 0
   00C8 2C                  240 	.db #0x2c	; 44
   00C9 00                  241 	.db #0x00	; 0
   00CA 20                  242 	.db #0x20	; 32
   00CB 20                  243 	.db #0x20	; 32
   00CC A4                  244 	.db #0xa4	; 164
   00CD 18                  245 	.db #0x18	; 24
   00CE 20                  246 	.db #0x20	; 32
   00CF 8A                  247 	.db #0x8a	; 138
   00D0 18                  248 	.db #0x18	; 24
   00D1 00                  249 	.db #0x00	; 0
   00D2 2C                  250 	.db #0x2c	; 44
   00D3 00                  251 	.db #0x00	; 0
   00D4 2C                  252 	.db #0x2c	; 44
   00D5 00                  253 	.db #0x00	; 0
   00D6 9B                  254 	.db #0x9b	; 155
   00D7 18                  255 	.db #0x18	; 24
   00D8 00                  256 	.db #0x00	; 0
   00D9 20                  257 	.db #0x20	; 32
   00DA 00                  258 	.db #0x00	; 0
   00DB 2C                  259 	.db #0x2c	; 44
   00DC 00                  260 	.db #0x00	; 0
   00DD 00                  261 	.db #0x00	; 0
   00DE 00                  262 	.db #0x00	; 0
   00DF 9F                  263 	.db #0x9f	; 159
   00E0 18                  264 	.db #0x18	; 24
   00E1 98                  265 	.db #0x98	; 152
   00E2 17                  266 	.db #0x17	; 23
   00E3 8C                  267 	.db #0x8c	; 140
   00E4 05                  268 	.db #0x05	; 5
   00E5 00                  269 	.db #0x00	; 0
   00E6 2C                  270 	.db #0x2c	; 44
   00E7 00                  271 	.db #0x00	; 0
   00E8 20                  272 	.db #0x20	; 32
   00E9 00                  273 	.db #0x00	; 0
   00EA 9B                  274 	.db #0x9b	; 155
   00EB 18                  275 	.db #0x18	; 24
   00EC 20                  276 	.db #0x20	; 32
   00ED 00                  277 	.db #0x00	; 0
   00EE 00                  278 	.db #0x00	; 0
   00EF 2C                  279 	.db #0x2c	; 44
   00F0 00                  280 	.db #0x00	; 0
   00F1 00                  281 	.db #0x00	; 0
   00F2 A6                  282 	.db #0xa6	; 166
   00F3 38                  283 	.db #0x38	; 56	'8'
   00F4 A6                  284 	.db #0xa6	; 166
   00F5 18                  285 	.db #0x18	; 24
   00F6 96                  286 	.db #0x96	; 150
   00F7 17                  287 	.db #0x17	; 23
   00F8 00                  288 	.db #0x00	; 0
   00F9 00                  289 	.db #0x00	; 0
   00FA 2C                  290 	.db #0x2c	; 44
   00FB 00                  291 	.db #0x00	; 0
   00FC 00                  292 	.db #0x00	; 0
   00FD 20                  293 	.db #0x20	; 32
   00FE 9D                  294 	.db #0x9d	; 157
   00FF 18                  295 	.db #0x18	; 24
   0100 20                  296 	.db #0x20	; 32
   0101 00                  297 	.db #0x00	; 0
   0102 00                  298 	.db #0x00	; 0
   0103 2C                  299 	.db #0x2c	; 44
   0104 00                  300 	.db #0x00	; 0
   0105 00                  301 	.db #0x00	; 0
   0106 00                  302 	.db #0x00	; 0
   0107 A2                  303 	.db #0xa2	; 162
   0108 18                  304 	.db #0x18	; 24
   0109 00                  305 	.db #0x00	; 0
   010A 8C                  306 	.db #0x8c	; 140
   010B 05                  307 	.db #0x05	; 5
   010C 00                  308 	.db #0x00	; 0
   010D 2C                  309 	.db #0x2c	; 44
   010E 00                  310 	.db #0x00	; 0
   010F 20                  311 	.db #0x20	; 32
   0110 A6                  312 	.db #0xa6	; 166
   0111 38                  313 	.db #0x38	; 56	'8'
   0112 9D                  314 	.db #0x9d	; 157
   0113 18                  315 	.db #0x18	; 24
   0114 96                  316 	.db #0x96	; 150
   0115 17                  317 	.db #0x17	; 23
   0116 00                  318 	.db #0x00	; 0
   0117 00                  319 	.db #0x00	; 0
   0118 2C                  320 	.db #0x2c	; 44
   0119 00                  321 	.db #0x00	; 0
   011A 00                  322 	.db #0x00	; 0
   011B 20                  323 	.db #0x20	; 32
   011C A6                  324 	.db #0xa6	; 166
   011D 18                  325 	.db #0x18	; 24
   011E 20                  326 	.db #0x20	; 32
   011F 8A                  327 	.db #0x8a	; 138
   0120 18                  328 	.db #0x18	; 24
   0121 00                  329 	.db #0x00	; 0
   0122 2C                  330 	.db #0x2c	; 44
   0123 00                  331 	.db #0x00	; 0
   0124 2C                  332 	.db #0x2c	; 44
   0125 00                  333 	.db #0x00	; 0
   0126 9D                  334 	.db #0x9d	; 157
   0127 18                  335 	.db #0x18	; 24
   0128 00                  336 	.db #0x00	; 0
   0129 20                  337 	.db #0x20	; 32
   012A 00                  338 	.db #0x00	; 0
   012B 2C                  339 	.db #0x2c	; 44
   012C 00                  340 	.db #0x00	; 0
   012D 00                  341 	.db #0x00	; 0
   012E 00                  342 	.db #0x00	; 0
   012F A2                  343 	.db #0xa2	; 162
   0130 18                  344 	.db #0x18	; 24
   0131 00                  345 	.db #0x00	; 0
   0132 8A                  346 	.db #0x8a	; 138
   0133 18                  347 	.db #0x18	; 24
   0134 00                  348 	.db #0x00	; 0
   0135 2C                  349 	.db #0x2c	; 44
   0136 00                  350 	.db #0x00	; 0
   0137 2C                  351 	.db #0x2c	; 44
   0138 00                  352 	.db #0x00	; 0
   0139 9D                  353 	.db #0x9d	; 157
   013A 18                  354 	.db #0x18	; 24
   013B 00                  355 	.db #0x00	; 0
   013C 20                  356 	.db #0x20	; 32
   013D 00                  357 	.db #0x00	; 0
   013E 2C                  358 	.db #0x2c	; 44
   013F 00                  359 	.db #0x00	; 0
   0140 00                  360 	.db #0x00	; 0
   0141                     361 _startmusic_mod1:
   0141 A7                  362 	.db #0xa7	; 167
   0142 38                  363 	.db #0x38	; 56	'8'
   0143 A7                  364 	.db #0xa7	; 167
   0144 18                  365 	.db #0x18	; 24
   0145 98                  366 	.db #0x98	; 152
   0146 17                  367 	.db #0x17	; 23
   0147 4A                  368 	.db #0x4a	; 74	'J'
   0148 03                  369 	.db #0x03	; 3
   0149 00                  370 	.db #0x00	; 0
   014A 2C                  371 	.db #0x2c	; 44
   014B 00                  372 	.db #0x00	; 0
   014C 00                  373 	.db #0x00	; 0
   014D 20                  374 	.db #0x20	; 32
   014E 9F                  375 	.db #0x9f	; 159
   014F 18                  376 	.db #0x18	; 24
   0150 20                  377 	.db #0x20	; 32
   0151 00                  378 	.db #0x00	; 0
   0152 00                  379 	.db #0x00	; 0
   0153 2C                  380 	.db #0x2c	; 44
   0154 00                  381 	.db #0x00	; 0
   0155 00                  382 	.db #0x00	; 0
   0156 00                  383 	.db #0x00	; 0
   0157 A4                  384 	.db #0xa4	; 164
   0158 18                  385 	.db #0x18	; 24
   0159 00                  386 	.db #0x00	; 0
   015A 8C                  387 	.db #0x8c	; 140
   015B 05                  388 	.db #0x05	; 5
   015C 00                  389 	.db #0x00	; 0
   015D 2C                  390 	.db #0x2c	; 44
   015E 00                  391 	.db #0x00	; 0
   015F 20                  392 	.db #0x20	; 32
   0160 A7                  393 	.db #0xa7	; 167
   0161 38                  394 	.db #0x38	; 56	'8'
   0162 9F                  395 	.db #0x9f	; 159
   0163 18                  396 	.db #0x18	; 24
   0164 98                  397 	.db #0x98	; 152
   0165 17                  398 	.db #0x17	; 23
   0166 8C                  399 	.db #0x8c	; 140
   0167 05                  400 	.db #0x05	; 5
   0168 00                  401 	.db #0x00	; 0
   0169 2C                  402 	.db #0x2c	; 44
   016A 00                  403 	.db #0x00	; 0
   016B 20                  404 	.db #0x20	; 32
   016C 20                  405 	.db #0x20	; 32
   016D A7                  406 	.db #0xa7	; 167
   016E 18                  407 	.db #0x18	; 24
   016F 20                  408 	.db #0x20	; 32
   0170 8A                  409 	.db #0x8a	; 138
   0171 18                  410 	.db #0x18	; 24
   0172 00                  411 	.db #0x00	; 0
   0173 2C                  412 	.db #0x2c	; 44
   0174 00                  413 	.db #0x00	; 0
   0175 2C                  414 	.db #0x2c	; 44
   0176 00                  415 	.db #0x00	; 0
   0177 9F                  416 	.db #0x9f	; 159
   0178 18                  417 	.db #0x18	; 24
   0179 00                  418 	.db #0x00	; 0
   017A 20                  419 	.db #0x20	; 32
   017B 00                  420 	.db #0x00	; 0
   017C 2C                  421 	.db #0x2c	; 44
   017D 00                  422 	.db #0x00	; 0
   017E 00                  423 	.db #0x00	; 0
   017F 00                  424 	.db #0x00	; 0
   0180 A4                  425 	.db #0xa4	; 164
   0181 18                  426 	.db #0x18	; 24
   0182 98                  427 	.db #0x98	; 152
   0183 17                  428 	.db #0x17	; 23
   0184 8C                  429 	.db #0x8c	; 140
   0185 05                  430 	.db #0x05	; 5
   0186 00                  431 	.db #0x00	; 0
   0187 2C                  432 	.db #0x2c	; 44
   0188 00                  433 	.db #0x00	; 0
   0189 20                  434 	.db #0x20	; 32
   018A 00                  435 	.db #0x00	; 0
   018B 9F                  436 	.db #0x9f	; 159
   018C 18                  437 	.db #0x18	; 24
   018D 20                  438 	.db #0x20	; 32
   018E 00                  439 	.db #0x00	; 0
   018F 00                  440 	.db #0x00	; 0
   0190 2C                  441 	.db #0x2c	; 44
   0191 00                  442 	.db #0x00	; 0
   0192 00                  443 	.db #0x00	; 0
   0193 A6                  444 	.db #0xa6	; 166
   0194 38                  445 	.db #0x38	; 56	'8'
   0195 A9                  446 	.db #0xa9	; 169
   0196 18                  447 	.db #0x18	; 24
   0197 96                  448 	.db #0x96	; 150
   0198 17                  449 	.db #0x17	; 23
   0199 00                  450 	.db #0x00	; 0
   019A 00                  451 	.db #0x00	; 0
   019B 2C                  452 	.db #0x2c	; 44
   019C 00                  453 	.db #0x00	; 0
   019D 00                  454 	.db #0x00	; 0
   019E 20                  455 	.db #0x20	; 32
   019F A2                  456 	.db #0xa2	; 162
   01A0 18                  457 	.db #0x18	; 24
   01A1 20                  458 	.db #0x20	; 32
   01A2 00                  459 	.db #0x00	; 0
   01A3 00                  460 	.db #0x00	; 0
   01A4 2C                  461 	.db #0x2c	; 44
   01A5 00                  462 	.db #0x00	; 0
   01A6 00                  463 	.db #0x00	; 0
   01A7 00                  464 	.db #0x00	; 0
   01A8 A6                  465 	.db #0xa6	; 166
   01A9 18                  466 	.db #0x18	; 24
   01AA 00                  467 	.db #0x00	; 0
   01AB 8C                  468 	.db #0x8c	; 140
   01AC 05                  469 	.db #0x05	; 5
   01AD 00                  470 	.db #0x00	; 0
   01AE 2C                  471 	.db #0x2c	; 44
   01AF 00                  472 	.db #0x00	; 0
   01B0 20                  473 	.db #0x20	; 32
   01B1 A6                  474 	.db #0xa6	; 166
   01B2 38                  475 	.db #0x38	; 56	'8'
   01B3 A2                  476 	.db #0xa2	; 162
   01B4 18                  477 	.db #0x18	; 24
   01B5 96                  478 	.db #0x96	; 150
   01B6 17                  479 	.db #0x17	; 23
   01B7 00                  480 	.db #0x00	; 0
   01B8 00                  481 	.db #0x00	; 0
   01B9 2C                  482 	.db #0x2c	; 44
   01BA 00                  483 	.db #0x00	; 0
   01BB 00                  484 	.db #0x00	; 0
   01BC 20                  485 	.db #0x20	; 32
   01BD A9                  486 	.db #0xa9	; 169
   01BE 18                  487 	.db #0x18	; 24
   01BF 20                  488 	.db #0x20	; 32
   01C0 8A                  489 	.db #0x8a	; 138
   01C1 18                  490 	.db #0x18	; 24
   01C2 00                  491 	.db #0x00	; 0
   01C3 2C                  492 	.db #0x2c	; 44
   01C4 00                  493 	.db #0x00	; 0
   01C5 2C                  494 	.db #0x2c	; 44
   01C6 00                  495 	.db #0x00	; 0
   01C7 A2                  496 	.db #0xa2	; 162
   01C8 18                  497 	.db #0x18	; 24
   01C9 00                  498 	.db #0x00	; 0
   01CA 20                  499 	.db #0x20	; 32
   01CB 00                  500 	.db #0x00	; 0
   01CC 2C                  501 	.db #0x2c	; 44
   01CD 00                  502 	.db #0x00	; 0
   01CE 00                  503 	.db #0x00	; 0
   01CF 00                  504 	.db #0x00	; 0
   01D0 A6                  505 	.db #0xa6	; 166
   01D1 18                  506 	.db #0x18	; 24
   01D2 00                  507 	.db #0x00	; 0
   01D3 8C                  508 	.db #0x8c	; 140
   01D4 05                  509 	.db #0x05	; 5
   01D5 00                  510 	.db #0x00	; 0
   01D6 2C                  511 	.db #0x2c	; 44
   01D7 00                  512 	.db #0x00	; 0
   01D8 20                  513 	.db #0x20	; 32
   01D9 00                  514 	.db #0x00	; 0
   01DA A2                  515 	.db #0xa2	; 162
   01DB 18                  516 	.db #0x18	; 24
   01DC 00                  517 	.db #0x00	; 0
   01DD 00                  518 	.db #0x00	; 0
   01DE 00                  519 	.db #0x00	; 0
   01DF 2C                  520 	.db #0x2c	; 44
   01E0 00                  521 	.db #0x00	; 0
   01E1 00                  522 	.db #0x00	; 0
   01E2 A4                  523 	.db #0xa4	; 164
   01E3 38                  524 	.db #0x38	; 56	'8'
   01E4 AB                  525 	.db #0xab	; 171
   01E5 18                  526 	.db #0x18	; 24
   01E6 98                  527 	.db #0x98	; 152
   01E7 17                  528 	.db #0x17	; 23
   01E8 00                  529 	.db #0x00	; 0
   01E9 00                  530 	.db #0x00	; 0
   01EA 2C                  531 	.db #0x2c	; 44
   01EB 00                  532 	.db #0x00	; 0
   01EC 00                  533 	.db #0x00	; 0
   01ED 20                  534 	.db #0x20	; 32
   01EE A4                  535 	.db #0xa4	; 164
   01EF 18                  536 	.db #0x18	; 24
   01F0 20                  537 	.db #0x20	; 32
   01F1 00                  538 	.db #0x00	; 0
   01F2 00                  539 	.db #0x00	; 0
   01F3 2C                  540 	.db #0x2c	; 44
   01F4 00                  541 	.db #0x00	; 0
   01F5 00                  542 	.db #0x00	; 0
   01F6 00                  543 	.db #0x00	; 0
   01F7 A7                  544 	.db #0xa7	; 167
   01F8 18                  545 	.db #0x18	; 24
   01F9 00                  546 	.db #0x00	; 0
   01FA 8C                  547 	.db #0x8c	; 140
   01FB 05                  548 	.db #0x05	; 5
   01FC 00                  549 	.db #0x00	; 0
   01FD 2C                  550 	.db #0x2c	; 44
   01FE 00                  551 	.db #0x00	; 0
   01FF 20                  552 	.db #0x20	; 32
   0200 A4                  553 	.db #0xa4	; 164
   0201 38                  554 	.db #0x38	; 56	'8'
   0202 A4                  555 	.db #0xa4	; 164
   0203 18                  556 	.db #0x18	; 24
   0204 98                  557 	.db #0x98	; 152
   0205 17                  558 	.db #0x17	; 23
   0206 8C                  559 	.db #0x8c	; 140
   0207 05                  560 	.db #0x05	; 5
   0208 00                  561 	.db #0x00	; 0
   0209 2C                  562 	.db #0x2c	; 44
   020A 00                  563 	.db #0x00	; 0
   020B 20                  564 	.db #0x20	; 32
   020C 20                  565 	.db #0x20	; 32
   020D AB                  566 	.db #0xab	; 171
   020E 18                  567 	.db #0x18	; 24
   020F 20                  568 	.db #0x20	; 32
   0210 8A                  569 	.db #0x8a	; 138
   0211 18                  570 	.db #0x18	; 24
   0212 00                  571 	.db #0x00	; 0
   0213 2C                  572 	.db #0x2c	; 44
   0214 00                  573 	.db #0x00	; 0
   0215 2C                  574 	.db #0x2c	; 44
   0216 00                  575 	.db #0x00	; 0
   0217 A4                  576 	.db #0xa4	; 164
   0218 18                  577 	.db #0x18	; 24
   0219 00                  578 	.db #0x00	; 0
   021A 20                  579 	.db #0x20	; 32
   021B 00                  580 	.db #0x00	; 0
   021C 2C                  581 	.db #0x2c	; 44
   021D 00                  582 	.db #0x00	; 0
   021E 00                  583 	.db #0x00	; 0
   021F 00                  584 	.db #0x00	; 0
   0220 A7                  585 	.db #0xa7	; 167
   0221 18                  586 	.db #0x18	; 24
   0222 98                  587 	.db #0x98	; 152
   0223 17                  588 	.db #0x17	; 23
   0224 8C                  589 	.db #0x8c	; 140
   0225 05                  590 	.db #0x05	; 5
   0226 00                  591 	.db #0x00	; 0
   0227 2C                  592 	.db #0x2c	; 44
   0228 00                  593 	.db #0x00	; 0
   0229 20                  594 	.db #0x20	; 32
   022A 00                  595 	.db #0x00	; 0
   022B A4                  596 	.db #0xa4	; 164
   022C 18                  597 	.db #0x18	; 24
   022D 20                  598 	.db #0x20	; 32
   022E 00                  599 	.db #0x00	; 0
   022F 00                  600 	.db #0x00	; 0
   0230 2C                  601 	.db #0x2c	; 44
   0231 00                  602 	.db #0x00	; 0
   0232 00                  603 	.db #0x00	; 0
   0233 A3                  604 	.db #0xa3	; 163
   0234 38                  605 	.db #0x38	; 56	'8'
   0235 AF                  606 	.db #0xaf	; 175
   0236 18                  607 	.db #0x18	; 24
   0237 93                  608 	.db #0x93	; 147
   0238 17                  609 	.db #0x17	; 23
   0239 00                  610 	.db #0x00	; 0
   023A 00                  611 	.db #0x00	; 0
   023B 2C                  612 	.db #0x2c	; 44
   023C 00                  613 	.db #0x00	; 0
   023D 00                  614 	.db #0x00	; 0
   023E 20                  615 	.db #0x20	; 32
   023F A6                  616 	.db #0xa6	; 166
   0240 18                  617 	.db #0x18	; 24
   0241 20                  618 	.db #0x20	; 32
   0242 00                  619 	.db #0x00	; 0
   0243 00                  620 	.db #0x00	; 0
   0244 2C                  621 	.db #0x2c	; 44
   0245 00                  622 	.db #0x00	; 0
   0246 00                  623 	.db #0x00	; 0
   0247 00                  624 	.db #0x00	; 0
   0248 AB                  625 	.db #0xab	; 171
   0249 18                  626 	.db #0x18	; 24
   024A 00                  627 	.db #0x00	; 0
   024B 8C                  628 	.db #0x8c	; 140
   024C 05                  629 	.db #0x05	; 5
   024D 00                  630 	.db #0x00	; 0
   024E 2C                  631 	.db #0x2c	; 44
   024F 00                  632 	.db #0x00	; 0
   0250 20                  633 	.db #0x20	; 32
   0251 9F                  634 	.db #0x9f	; 159
   0252 38                  635 	.db #0x38	; 56	'8'
   0253 A6                  636 	.db #0xa6	; 166
   0254 18                  637 	.db #0x18	; 24
   0255 93                  638 	.db #0x93	; 147
   0256 17                  639 	.db #0x17	; 23
   0257 00                  640 	.db #0x00	; 0
   0258 00                  641 	.db #0x00	; 0
   0259 2C                  642 	.db #0x2c	; 44
   025A 00                  643 	.db #0x00	; 0
   025B 00                  644 	.db #0x00	; 0
   025C 20                  645 	.db #0x20	; 32
   025D AF                  646 	.db #0xaf	; 175
   025E 18                  647 	.db #0x18	; 24
   025F 20                  648 	.db #0x20	; 32
   0260 8A                  649 	.db #0x8a	; 138
   0261 18                  650 	.db #0x18	; 24
   0262 00                  651 	.db #0x00	; 0
   0263 2C                  652 	.db #0x2c	; 44
   0264 00                  653 	.db #0x00	; 0
   0265 2C                  654 	.db #0x2c	; 44
   0266 00                  655 	.db #0x00	; 0
   0267 A6                  656 	.db #0xa6	; 166
   0268 18                  657 	.db #0x18	; 24
   0269 00                  658 	.db #0x00	; 0
   026A 20                  659 	.db #0x20	; 32
   026B 00                  660 	.db #0x00	; 0
   026C 2C                  661 	.db #0x2c	; 44
   026D 00                  662 	.db #0x00	; 0
   026E 00                  663 	.db #0x00	; 0
   026F 00                  664 	.db #0x00	; 0
   0270 AB                  665 	.db #0xab	; 171
   0271 18                  666 	.db #0x18	; 24
   0272 00                  667 	.db #0x00	; 0
   0273 8A                  668 	.db #0x8a	; 138
   0274 18                  669 	.db #0x18	; 24
   0275 00                  670 	.db #0x00	; 0
   0276 2C                  671 	.db #0x2c	; 44
   0277 00                  672 	.db #0x00	; 0
   0278 2C                  673 	.db #0x2c	; 44
   0279 00                  674 	.db #0x00	; 0
   027A A6                  675 	.db #0xa6	; 166
   027B 18                  676 	.db #0x18	; 24
   027C 00                  677 	.db #0x00	; 0
   027D 20                  678 	.db #0x20	; 32
   027E 00                  679 	.db #0x00	; 0
   027F 2C                  680 	.db #0x2c	; 44
   0280 00                  681 	.db #0x00	; 0
   0281 00                  682 	.db #0x00	; 0
   0282                     683 _startmusic_mod_Data:
   0282r00r00               684 	.dw _startmusic_mod0
   0284r41r01               685 	.dw _startmusic_mod1
   0286 00 00               686 	.dw #0x0000
                            687 	.area _CABS (ABS)
