                              1 ;--------------------------------------------------------
                              2 ; File Created by SDCC : free open source ANSI-C Compiler
                              3 ; Version 3.6.0 #9615 (MINGW64)
                              4 ;--------------------------------------------------------
                              5 	.module tiles_b3
                              6 	.optsdcc -mgbz80
                              7 	
                              8 ;--------------------------------------------------------
                              9 ; Public variables in this module
                             10 ;--------------------------------------------------------
                             11 	.globl _tiles
                             12 ;--------------------------------------------------------
                             13 ; ram data
                             14 ;--------------------------------------------------------
                             15 	.area _DATA
                             16 ;--------------------------------------------------------
                             17 ; absolute external ram data
                             18 ;--------------------------------------------------------
                             19 	.area _DABS (ABS)
                             20 ;--------------------------------------------------------
                             21 ; global & static initialisations
                             22 ;--------------------------------------------------------
                             23 	.area _HOME
                             24 	.area _GSINIT
                             25 	.area _GSFINAL
                             26 	.area _GSINIT
                             27 ;--------------------------------------------------------
                             28 ; Home
                             29 ;--------------------------------------------------------
                             30 	.area _HOME
                             31 	.area _HOME
                             32 ;--------------------------------------------------------
                             33 ; code
                             34 ;--------------------------------------------------------
                             35 	.area _CODE
                             36 	.area _CODE
                             37 	.area _CODE_3
   0000                      38 _tiles:
   0000 00                   39 	.db #0x00	; 0
   0001 00                   40 	.db #0x00	; 0
   0002 00                   41 	.db #0x00	; 0
   0003 00                   42 	.db #0x00	; 0
   0004 00                   43 	.db #0x00	; 0
   0005 00                   44 	.db #0x00	; 0
   0006 00                   45 	.db #0x00	; 0
   0007 00                   46 	.db #0x00	; 0
   0008 00                   47 	.db #0x00	; 0
   0009 00                   48 	.db #0x00	; 0
   000A 00                   49 	.db #0x00	; 0
   000B 00                   50 	.db #0x00	; 0
   000C 00                   51 	.db #0x00	; 0
   000D 00                   52 	.db #0x00	; 0
   000E 00                   53 	.db #0x00	; 0
   000F 00                   54 	.db #0x00	; 0
   0010 E7                   55 	.db #0xe7	; 231
   0011 38                   56 	.db #0x38	; 56	'8'
   0012 E1                   57 	.db #0xe1	; 225
   0013 3E                   58 	.db #0x3e	; 62
   0014 FF                   59 	.db #0xff	; 255
   0015 FF                   60 	.db #0xff	; 255
   0016 FF                   61 	.db #0xff	; 255
   0017 04                   62 	.db #0x04	; 4
   0018 FD                   63 	.db #0xfd	; 253
   0019 06                   64 	.db #0x06	; 6
   001A 64                   65 	.db #0x64	; 100	'd'
   001B 9F                   66 	.db #0x9f	; 159
   001C FF                   67 	.db #0xff	; 255
   001D FF                   68 	.db #0xff	; 255
   001E FF                   69 	.db #0xff	; 255
   001F 20                   70 	.db #0x20	; 32
   0020 FF                   71 	.db #0xff	; 255
   0021 FF                   72 	.db #0xff	; 255
   0022 55                   73 	.db #0x55	; 85	'U'
   0023 FF                   74 	.db #0xff	; 255
   0024 FF                   75 	.db #0xff	; 255
   0025 FF                   76 	.db #0xff	; 255
   0026 7C                   77 	.db #0x7c	; 124
   0027 87                   78 	.db #0x87	; 135
   0028 FD                   79 	.db #0xfd	; 253
   0029 06                   80 	.db #0x06	; 6
   002A FF                   81 	.db #0xff	; 255
   002B FF                   82 	.db #0xff	; 255
   002C 20                   83 	.db #0x20	; 32
   002D FF                   84 	.db #0xff	; 255
   002E E7                   85 	.db #0xe7	; 231
   002F 38                   86 	.db #0x38	; 56	'8'
   0030 6F                   87 	.db #0x6f	; 111	'o'
   0031 B7                   88 	.db #0xb7	; 183
   0032 25                   89 	.db #0x25	; 37
   0033 FF                   90 	.db #0xff	; 255
   0034 FF                   91 	.db #0xff	; 255
   0035 FF                   92 	.db #0xff	; 255
   0036 7D                   93 	.db #0x7d	; 125
   0037 87                   94 	.db #0x87	; 135
   0038 7F                   95 	.db #0x7f	; 127
   0039 87                   96 	.db #0x87	; 135
   003A 25                   97 	.db #0x25	; 37
   003B DF                   98 	.db #0xdf	; 223
   003C FF                   99 	.db #0xff	; 255
   003D FF                  100 	.db #0xff	; 255
   003E ED                  101 	.db #0xed	; 237
   003F 37                  102 	.db #0x37	; 55	'7'
   0040 E7                  103 	.db #0xe7	; 231
   0041 F8                  104 	.db #0xf8	; 248
   0042 A1                  105 	.db #0xa1	; 161
   0043 FE                  106 	.db #0xfe	; 254
   0044 FF                  107 	.db #0xff	; 255
   0045 FF                  108 	.db #0xff	; 255
   0046 BF                  109 	.db #0xbf	; 191
   0047 E4                  110 	.db #0xe4	; 228
   0048 FD                  111 	.db #0xfd	; 253
   0049 E6                  112 	.db #0xe6	; 230
   004A A4                  113 	.db #0xa4	; 164
   004B FF                  114 	.db #0xff	; 255
   004C FF                  115 	.db #0xff	; 255
   004D FF                  116 	.db #0xff	; 255
   004E BF                  117 	.db #0xbf	; 191
   004F E0                  118 	.db #0xe0	; 224
   0050 E7                  119 	.db #0xe7	; 231
   0051 38                  120 	.db #0x38	; 56	'8'
   0052 EF                  121 	.db #0xef	; 239
   0053 30                  122 	.db #0x30	; 48	'0'
   0054 FF                  123 	.db #0xff	; 255
   0055 FF                  124 	.db #0xff	; 255
   0056 5C                  125 	.db #0x5c	; 92
   0057 A7                  126 	.db #0xa7	; 167
   0058 FD                  127 	.db #0xfd	; 253
   0059 06                  128 	.db #0x06	; 6
   005A FF                  129 	.db #0xff	; 255
   005B FF                  130 	.db #0xff	; 255
   005C 55                  131 	.db #0x55	; 85	'U'
   005D FF                  132 	.db #0xff	; 255
   005E FF                  133 	.db #0xff	; 255
   005F FF                  134 	.db #0xff	; 255
   0060 EF                  135 	.db #0xef	; 239
   0061 37                  136 	.db #0x37	; 55	'7'
   0062 25                  137 	.db #0x25	; 37
   0063 FF                  138 	.db #0xff	; 255
   0064 FF                  139 	.db #0xff	; 255
   0065 FF                  140 	.db #0xff	; 255
   0066 F7                  141 	.db #0xf7	; 247
   0067 18                  142 	.db #0x18	; 24
   0068 F3                  143 	.db #0xf3	; 243
   0069 1C                  144 	.db #0x1c	; 28
   006A FF                  145 	.db #0xff	; 255
   006B FF                  146 	.db #0xff	; 255
   006C EF                  147 	.db #0xef	; 239
   006D 30                  148 	.db #0x30	; 48	'0'
   006E E7                  149 	.db #0xe7	; 231
   006F 38                  150 	.db #0x38	; 56	'8'
   0070 EF                  151 	.db #0xef	; 239
   0071 F0                  152 	.db #0xf0	; 240
   0072 A7                  153 	.db #0xa7	; 167
   0073 F8                  154 	.db #0xf8	; 248
   0074 FF                  155 	.db #0xff	; 255
   0075 FF                  156 	.db #0xff	; 255
   0076 F7                  157 	.db #0xf7	; 247
   0077 18                  158 	.db #0x18	; 24
   0078 F3                  159 	.db #0xf3	; 243
   0079 1C                  160 	.db #0x1c	; 28
   007A FF                  161 	.db #0xff	; 255
   007B FF                  162 	.db #0xff	; 255
   007C EF                  163 	.db #0xef	; 239
   007D 30                  164 	.db #0x30	; 48	'0'
   007E E7                  165 	.db #0xe7	; 231
   007F 38                  166 	.db #0x38	; 56	'8'
   0080 EF                  167 	.db #0xef	; 239
   0081 30                  168 	.db #0x30	; 48	'0'
   0082 25                  169 	.db #0x25	; 37
   0083 FA                  170 	.db #0xfa	; 250
   0084 FF                  171 	.db #0xff	; 255
   0085 FF                  172 	.db #0xff	; 255
   0086 F7                  173 	.db #0xf7	; 247
   0087 18                  174 	.db #0x18	; 24
   0088 F3                  175 	.db #0xf3	; 243
   0089 1C                  176 	.db #0x1c	; 28
   008A FF                  177 	.db #0xff	; 255
   008B FF                  178 	.db #0xff	; 255
   008C ED                  179 	.db #0xed	; 237
   008D 37                  180 	.db #0x37	; 55	'7'
   008E EF                  181 	.db #0xef	; 239
   008F 37                  182 	.db #0x37	; 55	'7'
   0090 EF                  183 	.db #0xef	; 239
   0091 30                  184 	.db #0x30	; 48	'0'
   0092 25                  185 	.db #0x25	; 37
   0093 FA                  186 	.db #0xfa	; 250
   0094 FF                  187 	.db #0xff	; 255
   0095 FF                  188 	.db #0xff	; 255
   0096 F7                  189 	.db #0xf7	; 247
   0097 18                  190 	.db #0x18	; 24
   0098 F3                  191 	.db #0xf3	; 243
   0099 1C                  192 	.db #0x1c	; 28
   009A FF                  193 	.db #0xff	; 255
   009B FF                  194 	.db #0xff	; 255
   009C AF                  195 	.db #0xaf	; 175
   009D F0                  196 	.db #0xf0	; 240
   009E EF                  197 	.db #0xef	; 239
   009F F0                  198 	.db #0xf0	; 240
   00A0 FF                  199 	.db #0xff	; 255
   00A1 FF                  200 	.db #0xff	; 255
   00A2 B5                  201 	.db #0xb5	; 181
   00A3 FF                  202 	.db #0xff	; 255
   00A4 FF                  203 	.db #0xff	; 255
   00A5 FF                  204 	.db #0xff	; 255
   00A6 AF                  205 	.db #0xaf	; 175
   00A7 F4                  206 	.db #0xf4	; 244
   00A8 E5                  207 	.db #0xe5	; 229
   00A9 FE                  208 	.db #0xfe	; 254
   00AA BF                  209 	.db #0xbf	; 191
   00AB FF                  210 	.db #0xff	; 255
   00AC EF                  211 	.db #0xef	; 239
   00AD F0                  212 	.db #0xf0	; 240
   00AE AF                  213 	.db #0xaf	; 175
   00AF F0                  214 	.db #0xf0	; 240
   00B0 E7                  215 	.db #0xe7	; 231
   00B1 F8                  216 	.db #0xf8	; 248
   00B2 A1                  217 	.db #0xa1	; 161
   00B3 FE                  218 	.db #0xfe	; 254
   00B4 FF                  219 	.db #0xff	; 255
   00B5 FF                  220 	.db #0xff	; 255
   00B6 AF                  221 	.db #0xaf	; 175
   00B7 F4                  222 	.db #0xf4	; 244
   00B8 E5                  223 	.db #0xe5	; 229
   00B9 FE                  224 	.db #0xfe	; 254
   00BA BF                  225 	.db #0xbf	; 191
   00BB FF                  226 	.db #0xff	; 255
   00BC D5                  227 	.db #0xd5	; 213
   00BD FF                  228 	.db #0xff	; 255
   00BE FF                  229 	.db #0xff	; 255
   00BF FF                  230 	.db #0xff	; 255
   00C0 FF                  231 	.db #0xff	; 255
   00C1 FF                  232 	.db #0xff	; 255
   00C2 57                  233 	.db #0x57	; 87	'W'
   00C3 FF                  234 	.db #0xff	; 255
   00C4 FD                  235 	.db #0xfd	; 253
   00C5 FF                  236 	.db #0xff	; 255
   00C6 F7                  237 	.db #0xf7	; 247
   00C7 2F                  238 	.db #0x2f	; 47
   00C8 A5                  239 	.db #0xa5	; 165
   00C9 7F                  240 	.db #0x7f	; 127
   00CA FF                  241 	.db #0xff	; 255
   00CB FF                  242 	.db #0xff	; 255
   00CC F5                  243 	.db #0xf5	; 245
   00CD 0F                  244 	.db #0x0f	; 15
   00CE F7                  245 	.db #0xf7	; 247
   00CF 0F                  246 	.db #0x0f	; 15
   00D0 E5                  247 	.db #0xe5	; 229
   00D1 1F                  248 	.db #0x1f	; 31
   00D2 87                  249 	.db #0x87	; 135
   00D3 7F                  250 	.db #0x7f	; 127
   00D4 FD                  251 	.db #0xfd	; 253
   00D5 FF                  252 	.db #0xff	; 255
   00D6 F7                  253 	.db #0xf7	; 247
   00D7 2F                  254 	.db #0x2f	; 47
   00D8 A5                  255 	.db #0xa5	; 165
   00D9 7F                  256 	.db #0x7f	; 127
   00DA FF                  257 	.db #0xff	; 255
   00DB FF                  258 	.db #0xff	; 255
   00DC 55                  259 	.db #0x55	; 85	'U'
   00DD FF                  260 	.db #0xff	; 255
   00DE FF                  261 	.db #0xff	; 255
   00DF FF                  262 	.db #0xff	; 255
   00E0 44                  263 	.db #0x44	; 68	'D'
   00E1 00                  264 	.db #0x00	; 0
   00E2 44                  265 	.db #0x44	; 68	'D'
   00E3 00                  266 	.db #0x00	; 0
   00E4 66                  267 	.db #0x66	; 102	'f'
   00E5 00                  268 	.db #0x00	; 0
   00E6 66                  269 	.db #0x66	; 102	'f'
   00E7 00                  270 	.db #0x00	; 0
   00E8 11                  271 	.db #0x11	; 17
   00E9 66                  272 	.db #0x66	; 102	'f'
   00EA 77                  273 	.db #0x77	; 119	'w'
   00EB 77                  274 	.db #0x77	; 119	'w'
   00EC FF                  275 	.db #0xff	; 255
   00ED FF                  276 	.db #0xff	; 255
   00EE A8                  277 	.db #0xa8	; 168
   00EF 77                  278 	.db #0x77	; 119	'w'
   00F0 A8                  279 	.db #0xa8	; 168
   00F1 77                  280 	.db #0x77	; 119	'w'
   00F2 FF                  281 	.db #0xff	; 255
   00F3 FF                  282 	.db #0xff	; 255
   00F4 77                  283 	.db #0x77	; 119	'w'
   00F5 77                  284 	.db #0x77	; 119	'w'
   00F6 11                  285 	.db #0x11	; 17
   00F7 66                  286 	.db #0x66	; 102	'f'
   00F8 66                  287 	.db #0x66	; 102	'f'
   00F9 00                  288 	.db #0x00	; 0
   00FA 66                  289 	.db #0x66	; 102	'f'
   00FB 00                  290 	.db #0x00	; 0
   00FC 44                  291 	.db #0x44	; 68	'D'
   00FD 00                  292 	.db #0x00	; 0
   00FE 44                  293 	.db #0x44	; 68	'D'
   00FF 00                  294 	.db #0x00	; 0
   0100 01                  295 	.db #0x01	; 1
   0101 00                  296 	.db #0x00	; 0
   0102 01                  297 	.db #0x01	; 1
   0103 00                  298 	.db #0x00	; 0
   0104 7F                  299 	.db #0x7f	; 127
   0105 00                  300 	.db #0x00	; 0
   0106 10                  301 	.db #0x10	; 16
   0107 00                  302 	.db #0x00	; 0
   0108 10                  303 	.db #0x10	; 16
   0109 00                  304 	.db #0x00	; 0
   010A 10                  305 	.db #0x10	; 16
   010B 00                  306 	.db #0x00	; 0
   010C 36                  307 	.db #0x36	; 54	'6'
   010D 00                  308 	.db #0x00	; 0
   010E 00                  309 	.db #0x00	; 0
   010F 00                  310 	.db #0x00	; 0
   0110 02                  311 	.db #0x02	; 2
   0111 00                  312 	.db #0x00	; 0
   0112 02                  313 	.db #0x02	; 2
   0113 00                  314 	.db #0x00	; 0
   0114 7F                  315 	.db #0x7f	; 127
   0115 00                  316 	.db #0x00	; 0
   0116 00                  317 	.db #0x00	; 0
   0117 00                  318 	.db #0x00	; 0
   0118 00                  319 	.db #0x00	; 0
   0119 00                  320 	.db #0x00	; 0
   011A 10                  321 	.db #0x10	; 16
   011B 00                  322 	.db #0x00	; 0
   011C 3E                  323 	.db #0x3e	; 62
   011D 00                  324 	.db #0x00	; 0
   011E 00                  325 	.db #0x00	; 0
   011F 00                  326 	.db #0x00	; 0
   0120 00                  327 	.db #0x00	; 0
   0121 00                  328 	.db #0x00	; 0
   0122 00                  329 	.db #0x00	; 0
   0123 00                  330 	.db #0x00	; 0
   0124 00                  331 	.db #0x00	; 0
   0125 00                  332 	.db #0x00	; 0
   0126 00                  333 	.db #0x00	; 0
   0127 00                  334 	.db #0x00	; 0
   0128 00                  335 	.db #0x00	; 0
   0129 00                  336 	.db #0x00	; 0
   012A 00                  337 	.db #0x00	; 0
   012B 00                  338 	.db #0x00	; 0
   012C 00                  339 	.db #0x00	; 0
   012D 00                  340 	.db #0x00	; 0
   012E 00                  341 	.db #0x00	; 0
   012F 00                  342 	.db #0x00	; 0
   0130 00                  343 	.db #0x00	; 0
   0131 00                  344 	.db #0x00	; 0
   0132 6D                  345 	.db #0x6d	; 109	'm'
   0133 6D                  346 	.db #0x6d	; 109	'm'
   0134 40                  347 	.db #0x40	; 64
   0135 40                  348 	.db #0x40	; 64
   0136 00                  349 	.db #0x00	; 0
   0137 00                  350 	.db #0x00	; 0
   0138 4D                  351 	.db #0x4d	; 77	'M'
   0139 4D                  352 	.db #0x4d	; 77	'M'
   013A 48                  353 	.db #0x48	; 72	'H'
   013B 48                  354 	.db #0x48	; 72	'H'
   013C 00                  355 	.db #0x00	; 0
   013D 00                  356 	.db #0x00	; 0
   013E 48                  357 	.db #0x48	; 72	'H'
   013F 48                  358 	.db #0x48	; 72	'H'
   0140 00                  359 	.db #0x00	; 0
   0141 00                  360 	.db #0x00	; 0
   0142 B6                  361 	.db #0xb6	; 182
   0143 B6                  362 	.db #0xb6	; 182
   0144 02                  363 	.db #0x02	; 2
   0145 02                  364 	.db #0x02	; 2
   0146 00                  365 	.db #0x00	; 0
   0147 00                  366 	.db #0x00	; 0
   0148 B2                  367 	.db #0xb2	; 178
   0149 B2                  368 	.db #0xb2	; 178
   014A 12                  369 	.db #0x12	; 18
   014B 12                  370 	.db #0x12	; 18
   014C 00                  371 	.db #0x00	; 0
   014D 00                  372 	.db #0x00	; 0
   014E 12                  373 	.db #0x12	; 18
   014F 12                  374 	.db #0x12	; 18
   0150 12                  375 	.db #0x12	; 18
   0151 12                  376 	.db #0x12	; 18
   0152 00                  377 	.db #0x00	; 0
   0153 00                  378 	.db #0x00	; 0
   0154 12                  379 	.db #0x12	; 18
   0155 12                  380 	.db #0x12	; 18
   0156 B2                  381 	.db #0xb2	; 178
   0157 B2                  382 	.db #0xb2	; 178
   0158 00                  383 	.db #0x00	; 0
   0159 00                  384 	.db #0x00	; 0
   015A 02                  385 	.db #0x02	; 2
   015B 02                  386 	.db #0x02	; 2
   015C B6                  387 	.db #0xb6	; 182
   015D B6                  388 	.db #0xb6	; 182
   015E 00                  389 	.db #0x00	; 0
   015F 00                  390 	.db #0x00	; 0
   0160 48                  391 	.db #0x48	; 72	'H'
   0161 48                  392 	.db #0x48	; 72	'H'
   0162 00                  393 	.db #0x00	; 0
   0163 00                  394 	.db #0x00	; 0
   0164 48                  395 	.db #0x48	; 72	'H'
   0165 48                  396 	.db #0x48	; 72	'H'
   0166 4D                  397 	.db #0x4d	; 77	'M'
   0167 4D                  398 	.db #0x4d	; 77	'M'
   0168 00                  399 	.db #0x00	; 0
   0169 00                  400 	.db #0x00	; 0
   016A 40                  401 	.db #0x40	; 64
   016B 40                  402 	.db #0x40	; 64
   016C 6D                  403 	.db #0x6d	; 109	'm'
   016D 6D                  404 	.db #0x6d	; 109	'm'
   016E 00                  405 	.db #0x00	; 0
   016F 00                  406 	.db #0x00	; 0
   0170 FF                  407 	.db #0xff	; 255
   0171 FF                  408 	.db #0xff	; 255
   0172 FF                  409 	.db #0xff	; 255
   0173 FF                  410 	.db #0xff	; 255
   0174 FF                  411 	.db #0xff	; 255
   0175 FF                  412 	.db #0xff	; 255
   0176 FF                  413 	.db #0xff	; 255
   0177 FF                  414 	.db #0xff	; 255
   0178 FF                  415 	.db #0xff	; 255
   0179 FF                  416 	.db #0xff	; 255
   017A FF                  417 	.db #0xff	; 255
   017B FF                  418 	.db #0xff	; 255
   017C FF                  419 	.db #0xff	; 255
   017D FF                  420 	.db #0xff	; 255
   017E FF                  421 	.db #0xff	; 255
   017F FF                  422 	.db #0xff	; 255
   0180 F4                  423 	.db #0xf4	; 244
   0181 F4                  424 	.db #0xf4	; 244
   0182 E0                  425 	.db #0xe0	; 224
   0183 E0                  426 	.db #0xe0	; 224
   0184 C8                  427 	.db #0xc8	; 200
   0185 C8                  428 	.db #0xc8	; 200
   0186 E0                  429 	.db #0xe0	; 224
   0187 E0                  430 	.db #0xe0	; 224
   0188 F4                  431 	.db #0xf4	; 244
   0189 F4                  432 	.db #0xf4	; 244
   018A E0                  433 	.db #0xe0	; 224
   018B E0                  434 	.db #0xe0	; 224
   018C C8                  435 	.db #0xc8	; 200
   018D C8                  436 	.db #0xc8	; 200
   018E E0                  437 	.db #0xe0	; 224
   018F E0                  438 	.db #0xe0	; 224
   0190 2F                  439 	.db #0x2f	; 47
   0191 2F                  440 	.db #0x2f	; 47
   0192 07                  441 	.db #0x07	; 7
   0193 07                  442 	.db #0x07	; 7
   0194 13                  443 	.db #0x13	; 19
   0195 13                  444 	.db #0x13	; 19
   0196 07                  445 	.db #0x07	; 7
   0197 07                  446 	.db #0x07	; 7
   0198 2F                  447 	.db #0x2f	; 47
   0199 2F                  448 	.db #0x2f	; 47
   019A 07                  449 	.db #0x07	; 7
   019B 07                  450 	.db #0x07	; 7
   019C 13                  451 	.db #0x13	; 19
   019D 13                  452 	.db #0x13	; 19
   019E 07                  453 	.db #0x07	; 7
   019F 07                  454 	.db #0x07	; 7
   01A0 FF                  455 	.db #0xff	; 255
   01A1 FF                  456 	.db #0xff	; 255
   01A2 FF                  457 	.db #0xff	; 255
   01A3 FF                  458 	.db #0xff	; 255
   01A4 BB                  459 	.db #0xbb	; 187
   01A5 BB                  460 	.db #0xbb	; 187
   01A6 11                  461 	.db #0x11	; 17
   01A7 11                  462 	.db #0x11	; 17
   01A8 44                  463 	.db #0x44	; 68	'D'
   01A9 44                  464 	.db #0x44	; 68	'D'
   01AA 11                  465 	.db #0x11	; 17
   01AB 11                  466 	.db #0x11	; 17
   01AC 00                  467 	.db #0x00	; 0
   01AD 00                  468 	.db #0x00	; 0
   01AE 00                  469 	.db #0x00	; 0
   01AF 00                  470 	.db #0x00	; 0
   01B0 00                  471 	.db #0x00	; 0
   01B1 00                  472 	.db #0x00	; 0
   01B2 00                  473 	.db #0x00	; 0
   01B3 00                  474 	.db #0x00	; 0
   01B4 11                  475 	.db #0x11	; 17
   01B5 11                  476 	.db #0x11	; 17
   01B6 44                  477 	.db #0x44	; 68	'D'
   01B7 44                  478 	.db #0x44	; 68	'D'
   01B8 11                  479 	.db #0x11	; 17
   01B9 11                  480 	.db #0x11	; 17
   01BA BB                  481 	.db #0xbb	; 187
   01BB BB                  482 	.db #0xbb	; 187
   01BC FF                  483 	.db #0xff	; 255
   01BD FF                  484 	.db #0xff	; 255
   01BE FF                  485 	.db #0xff	; 255
   01BF FF                  486 	.db #0xff	; 255
   01C0 FF                  487 	.db #0xff	; 255
   01C1 FF                  488 	.db #0xff	; 255
   01C2 FF                  489 	.db #0xff	; 255
   01C3 FF                  490 	.db #0xff	; 255
   01C4 FE                  491 	.db #0xfe	; 254
   01C5 FE                  492 	.db #0xfe	; 254
   01C6 FC                  493 	.db #0xfc	; 252
   01C7 FC                  494 	.db #0xfc	; 252
   01C8 F9                  495 	.db #0xf9	; 249
   01C9 F9                  496 	.db #0xf9	; 249
   01CA F0                  497 	.db #0xf0	; 240
   01CB F0                  498 	.db #0xf0	; 240
   01CC E4                  499 	.db #0xe4	; 228
   01CD E4                  500 	.db #0xe4	; 228
   01CE E0                  501 	.db #0xe0	; 224
   01CF E0                  502 	.db #0xe0	; 224
   01D0 FF                  503 	.db #0xff	; 255
   01D1 FF                  504 	.db #0xff	; 255
   01D2 FF                  505 	.db #0xff	; 255
   01D3 FF                  506 	.db #0xff	; 255
   01D4 7F                  507 	.db #0x7f	; 127
   01D5 7F                  508 	.db #0x7f	; 127
   01D6 3F                  509 	.db #0x3f	; 63
   01D7 3F                  510 	.db #0x3f	; 63
   01D8 9F                  511 	.db #0x9f	; 159
   01D9 9F                  512 	.db #0x9f	; 159
   01DA 0F                  513 	.db #0x0f	; 15
   01DB 0F                  514 	.db #0x0f	; 15
   01DC 27                  515 	.db #0x27	; 39
   01DD 27                  516 	.db #0x27	; 39
   01DE 07                  517 	.db #0x07	; 7
   01DF 07                  518 	.db #0x07	; 7
   01E0 E0                  519 	.db #0xe0	; 224
   01E1 E0                  520 	.db #0xe0	; 224
   01E2 E4                  521 	.db #0xe4	; 228
   01E3 E4                  522 	.db #0xe4	; 228
   01E4 F0                  523 	.db #0xf0	; 240
   01E5 F0                  524 	.db #0xf0	; 240
   01E6 F9                  525 	.db #0xf9	; 249
   01E7 F9                  526 	.db #0xf9	; 249
   01E8 FC                  527 	.db #0xfc	; 252
   01E9 FC                  528 	.db #0xfc	; 252
   01EA FE                  529 	.db #0xfe	; 254
   01EB FE                  530 	.db #0xfe	; 254
   01EC FF                  531 	.db #0xff	; 255
   01ED FF                  532 	.db #0xff	; 255
   01EE FF                  533 	.db #0xff	; 255
   01EF FF                  534 	.db #0xff	; 255
   01F0 07                  535 	.db #0x07	; 7
   01F1 07                  536 	.db #0x07	; 7
   01F2 27                  537 	.db #0x27	; 39
   01F3 27                  538 	.db #0x27	; 39
   01F4 0F                  539 	.db #0x0f	; 15
   01F5 0F                  540 	.db #0x0f	; 15
   01F6 9F                  541 	.db #0x9f	; 159
   01F7 9F                  542 	.db #0x9f	; 159
   01F8 3F                  543 	.db #0x3f	; 63
   01F9 3F                  544 	.db #0x3f	; 63
   01FA 7F                  545 	.db #0x7f	; 127
   01FB 7F                  546 	.db #0x7f	; 127
   01FC FF                  547 	.db #0xff	; 255
   01FD FF                  548 	.db #0xff	; 255
   01FE FF                  549 	.db #0xff	; 255
   01FF FF                  550 	.db #0xff	; 255
   0200 00                  551 	.db #0x00	; 0
   0201 00                  552 	.db #0x00	; 0
   0202 7C                  553 	.db #0x7c	; 124
   0203 7C                  554 	.db #0x7c	; 124
   0204 7E                  555 	.db #0x7e	; 126
   0205 42                  556 	.db #0x42	; 66	'B'
   0206 7E                  557 	.db #0x7e	; 126
   0207 42                  558 	.db #0x42	; 66	'B'
   0208 7F                  559 	.db #0x7f	; 127
   0209 41                  560 	.db #0x41	; 65	'A'
   020A 59                  561 	.db #0x59	; 89	'Y'
   020B 7F                  562 	.db #0x7f	; 127
   020C 55                  563 	.db #0x55	; 85	'U'
   020D 77                  564 	.db #0x77	; 119	'w'
   020E 55                  565 	.db #0x55	; 85	'U'
   020F 77                  566 	.db #0x77	; 119	'w'
   0210 55                  567 	.db #0x55	; 85	'U'
   0211 77                  568 	.db #0x77	; 119	'w'
   0212 77                  569 	.db #0x77	; 119	'w'
   0213 77                  570 	.db #0x77	; 119	'w'
   0214 7F                  571 	.db #0x7f	; 127
   0215 7F                  572 	.db #0x7f	; 127
   0216 7F                  573 	.db #0x7f	; 127
   0217 7F                  574 	.db #0x7f	; 127
   0218 7E                  575 	.db #0x7e	; 126
   0219 7E                  576 	.db #0x7e	; 126
   021A 7E                  577 	.db #0x7e	; 126
   021B 7E                  578 	.db #0x7e	; 126
   021C 7C                  579 	.db #0x7c	; 124
   021D 7C                  580 	.db #0x7c	; 124
   021E 00                  581 	.db #0x00	; 0
   021F 00                  582 	.db #0x00	; 0
   0220 00                  583 	.db #0x00	; 0
   0221 00                  584 	.db #0x00	; 0
   0222 77                  585 	.db #0x77	; 119	'w'
   0223 77                  586 	.db #0x77	; 119	'w'
   0224 77                  587 	.db #0x77	; 119	'w'
   0225 55                  588 	.db #0x55	; 85	'U'
   0226 77                  589 	.db #0x77	; 119	'w'
   0227 55                  590 	.db #0x55	; 85	'U'
   0228 77                  591 	.db #0x77	; 119	'w'
   0229 55                  592 	.db #0x55	; 85	'U'
   022A 55                  593 	.db #0x55	; 85	'U'
   022B 77                  594 	.db #0x77	; 119	'w'
   022C 55                  595 	.db #0x55	; 85	'U'
   022D 77                  596 	.db #0x77	; 119	'w'
   022E 55                  597 	.db #0x55	; 85	'U'
   022F 77                  598 	.db #0x77	; 119	'w'
   0230 55                  599 	.db #0x55	; 85	'U'
   0231 77                  600 	.db #0x77	; 119	'w'
   0232 77                  601 	.db #0x77	; 119	'w'
   0233 77                  602 	.db #0x77	; 119	'w'
   0234 7F                  603 	.db #0x7f	; 127
   0235 7F                  604 	.db #0x7f	; 127
   0236 7F                  605 	.db #0x7f	; 127
   0237 7F                  606 	.db #0x7f	; 127
   0238 3E                  607 	.db #0x3e	; 62
   0239 3E                  608 	.db #0x3e	; 62
   023A 3E                  609 	.db #0x3e	; 62
   023B 3E                  610 	.db #0x3e	; 62
   023C 1C                  611 	.db #0x1c	; 28
   023D 1C                  612 	.db #0x1c	; 28
   023E 00                  613 	.db #0x00	; 0
   023F 00                  614 	.db #0x00	; 0
   0240 00                  615 	.db #0x00	; 0
   0241 00                  616 	.db #0x00	; 0
   0242 77                  617 	.db #0x77	; 119	'w'
   0243 77                  618 	.db #0x77	; 119	'w'
   0244 77                  619 	.db #0x77	; 119	'w'
   0245 55                  620 	.db #0x55	; 85	'U'
   0246 77                  621 	.db #0x77	; 119	'w'
   0247 55                  622 	.db #0x55	; 85	'U'
   0248 77                  623 	.db #0x77	; 119	'w'
   0249 55                  624 	.db #0x55	; 85	'U'
   024A 55                  625 	.db #0x55	; 85	'U'
   024B 77                  626 	.db #0x77	; 119	'w'
   024C 4D                  627 	.db #0x4d	; 77	'M'
   024D 7F                  628 	.db #0x7f	; 127
   024E 45                  629 	.db #0x45	; 69	'E'
   024F 7F                  630 	.db #0x7f	; 127
   0250 51                  631 	.db #0x51	; 81	'Q'
   0251 7F                  632 	.db #0x7f	; 127
   0252 7F                  633 	.db #0x7f	; 127
   0253 7F                  634 	.db #0x7f	; 127
   0254 77                  635 	.db #0x77	; 119	'w'
   0255 77                  636 	.db #0x77	; 119	'w'
   0256 77                  637 	.db #0x77	; 119	'w'
   0257 77                  638 	.db #0x77	; 119	'w'
   0258 77                  639 	.db #0x77	; 119	'w'
   0259 77                  640 	.db #0x77	; 119	'w'
   025A 77                  641 	.db #0x77	; 119	'w'
   025B 77                  642 	.db #0x77	; 119	'w'
   025C 77                  643 	.db #0x77	; 119	'w'
   025D 77                  644 	.db #0x77	; 119	'w'
   025E 00                  645 	.db #0x00	; 0
   025F 00                  646 	.db #0x00	; 0
   0260 00                  647 	.db #0x00	; 0
   0261 00                  648 	.db #0x00	; 0
   0262 3E                  649 	.db #0x3e	; 62
   0263 3E                  650 	.db #0x3e	; 62
   0264 7F                  651 	.db #0x7f	; 127
   0265 41                  652 	.db #0x41	; 65	'A'
   0266 7F                  653 	.db #0x7f	; 127
   0267 41                  654 	.db #0x41	; 65	'A'
   0268 7F                  655 	.db #0x7f	; 127
   0269 49                  656 	.db #0x49	; 73	'I'
   026A 57                  657 	.db #0x57	; 87	'W'
   026B 77                  658 	.db #0x77	; 119	'w'
   026C 50                  659 	.db #0x50	; 80	'P'
   026D 70                  660 	.db #0x70	; 112	'p'
   026E 56                  661 	.db #0x56	; 86	'V'
   026F 76                  662 	.db #0x76	; 118	'v'
   0270 55                  663 	.db #0x55	; 85	'U'
   0271 77                  664 	.db #0x77	; 119	'w'
   0272 77                  665 	.db #0x77	; 119	'w'
   0273 77                  666 	.db #0x77	; 119	'w'
   0274 73                  667 	.db #0x73	; 115	's'
   0275 73                  668 	.db #0x73	; 115	's'
   0276 73                  669 	.db #0x73	; 115	's'
   0277 73                  670 	.db #0x73	; 115	's'
   0278 7F                  671 	.db #0x7f	; 127
   0279 7F                  672 	.db #0x7f	; 127
   027A 7F                  673 	.db #0x7f	; 127
   027B 7F                  674 	.db #0x7f	; 127
   027C 3E                  675 	.db #0x3e	; 62
   027D 3E                  676 	.db #0x3e	; 62
   027E 00                  677 	.db #0x00	; 0
   027F 00                  678 	.db #0x00	; 0
   0280 00                  679 	.db #0x00	; 0
   0281 00                  680 	.db #0x00	; 0
   0282 7E                  681 	.db #0x7e	; 126
   0283 7E                  682 	.db #0x7e	; 126
   0284 7F                  683 	.db #0x7f	; 127
   0285 41                  684 	.db #0x41	; 65	'A'
   0286 7F                  685 	.db #0x7f	; 127
   0287 41                  686 	.db #0x41	; 65	'A'
   0288 7E                  687 	.db #0x7e	; 126
   0289 5E                  688 	.db #0x5e	; 94
   028A 50                  689 	.db #0x50	; 80	'P'
   028B 70                  690 	.db #0x70	; 112	'p'
   028C 5C                  691 	.db #0x5c	; 92
   028D 7C                  692 	.db #0x7c	; 124
   028E 42                  693 	.db #0x42	; 66	'B'
   028F 7E                  694 	.db #0x7e	; 126
   0290 42                  695 	.db #0x42	; 66	'B'
   0291 7E                  696 	.db #0x7e	; 126
   0292 7C                  697 	.db #0x7c	; 124
   0293 7C                  698 	.db #0x7c	; 124
   0294 70                  699 	.db #0x70	; 112	'p'
   0295 70                  700 	.db #0x70	; 112	'p'
   0296 7E                  701 	.db #0x7e	; 126
   0297 7E                  702 	.db #0x7e	; 126
   0298 7F                  703 	.db #0x7f	; 127
   0299 7F                  704 	.db #0x7f	; 127
   029A 7F                  705 	.db #0x7f	; 127
   029B 7F                  706 	.db #0x7f	; 127
   029C 7E                  707 	.db #0x7e	; 126
   029D 7E                  708 	.db #0x7e	; 126
   029E 00                  709 	.db #0x00	; 0
   029F 00                  710 	.db #0x00	; 0
   02A0 00                  711 	.db #0x00	; 0
   02A1 00                  712 	.db #0x00	; 0
   02A2 1C                  713 	.db #0x1c	; 28
   02A3 1C                  714 	.db #0x1c	; 28
   02A4 3E                  715 	.db #0x3e	; 62
   02A5 22                  716 	.db #0x22	; 34
   02A6 3E                  717 	.db #0x3e	; 62
   02A7 22                  718 	.db #0x22	; 34
   02A8 7F                  719 	.db #0x7f	; 127
   02A9 41                  720 	.db #0x41	; 65	'A'
   02AA 49                  721 	.db #0x49	; 73	'I'
   02AB 7F                  722 	.db #0x7f	; 127
   02AC 55                  723 	.db #0x55	; 85	'U'
   02AD 77                  724 	.db #0x77	; 119	'w'
   02AE 55                  725 	.db #0x55	; 85	'U'
   02AF 77                  726 	.db #0x77	; 119	'w'
   02B0 55                  727 	.db #0x55	; 85	'U'
   02B1 77                  728 	.db #0x77	; 119	'w'
   02B2 77                  729 	.db #0x77	; 119	'w'
   02B3 77                  730 	.db #0x77	; 119	'w'
   02B4 7F                  731 	.db #0x7f	; 127
   02B5 7F                  732 	.db #0x7f	; 127
   02B6 7F                  733 	.db #0x7f	; 127
   02B7 7F                  734 	.db #0x7f	; 127
   02B8 3E                  735 	.db #0x3e	; 62
   02B9 3E                  736 	.db #0x3e	; 62
   02BA 3E                  737 	.db #0x3e	; 62
   02BB 3E                  738 	.db #0x3e	; 62
   02BC 1C                  739 	.db #0x1c	; 28
   02BD 1C                  740 	.db #0x1c	; 28
   02BE 00                  741 	.db #0x00	; 0
   02BF 00                  742 	.db #0x00	; 0
   02C0 00                  743 	.db #0x00	; 0
   02C1 00                  744 	.db #0x00	; 0
   02C2 7C                  745 	.db #0x7c	; 124
   02C3 7C                  746 	.db #0x7c	; 124
   02C4 7E                  747 	.db #0x7e	; 126
   02C5 42                  748 	.db #0x42	; 66	'B'
   02C6 7E                  749 	.db #0x7e	; 126
   02C7 42                  750 	.db #0x42	; 66	'B'
   02C8 7F                  751 	.db #0x7f	; 127
   02C9 59                  752 	.db #0x59	; 89	'Y'
   02CA 55                  753 	.db #0x55	; 85	'U'
   02CB 77                  754 	.db #0x77	; 119	'w'
   02CC 59                  755 	.db #0x59	; 89	'Y'
   02CD 7F                  756 	.db #0x7f	; 127
   02CE 42                  757 	.db #0x42	; 66	'B'
   02CF 7E                  758 	.db #0x7e	; 126
   02D0 5E                  759 	.db #0x5e	; 94
   02D1 7E                  760 	.db #0x7e	; 126
   02D2 77                  761 	.db #0x77	; 119	'w'
   02D3 77                  762 	.db #0x77	; 119	'w'
   02D4 77                  763 	.db #0x77	; 119	'w'
   02D5 77                  764 	.db #0x77	; 119	'w'
   02D6 77                  765 	.db #0x77	; 119	'w'
   02D7 77                  766 	.db #0x77	; 119	'w'
   02D8 7F                  767 	.db #0x7f	; 127
   02D9 7F                  768 	.db #0x7f	; 127
   02DA 7E                  769 	.db #0x7e	; 126
   02DB 7E                  770 	.db #0x7e	; 126
   02DC 7C                  771 	.db #0x7c	; 124
   02DD 7C                  772 	.db #0x7c	; 124
   02DE 00                  773 	.db #0x00	; 0
   02DF 00                  774 	.db #0x00	; 0
   02E0 00                  775 	.db #0x00	; 0
   02E1 00                  776 	.db #0x00	; 0
   02E2 1C                  777 	.db #0x1c	; 28
   02E3 1C                  778 	.db #0x1c	; 28
   02E4 3E                  779 	.db #0x3e	; 62
   02E5 22                  780 	.db #0x22	; 34
   02E6 3E                  781 	.db #0x3e	; 62
   02E7 22                  782 	.db #0x22	; 34
   02E8 7F                  783 	.db #0x7f	; 127
   02E9 49                  784 	.db #0x49	; 73	'I'
   02EA 55                  785 	.db #0x55	; 85	'U'
   02EB 77                  786 	.db #0x77	; 119	'w'
   02EC 55                  787 	.db #0x55	; 85	'U'
   02ED 77                  788 	.db #0x77	; 119	'w'
   02EE 55                  789 	.db #0x55	; 85	'U'
   02EF 77                  790 	.db #0x77	; 119	'w'
   02F0 5D                  791 	.db #0x5d	; 93
   02F1 7F                  792 	.db #0x7f	; 127
   02F2 7F                  793 	.db #0x7f	; 127
   02F3 7F                  794 	.db #0x7f	; 127
   02F4 77                  795 	.db #0x77	; 119	'w'
   02F5 77                  796 	.db #0x77	; 119	'w'
   02F6 77                  797 	.db #0x77	; 119	'w'
   02F7 77                  798 	.db #0x77	; 119	'w'
   02F8 77                  799 	.db #0x77	; 119	'w'
   02F9 77                  800 	.db #0x77	; 119	'w'
   02FA 77                  801 	.db #0x77	; 119	'w'
   02FB 77                  802 	.db #0x77	; 119	'w'
   02FC 77                  803 	.db #0x77	; 119	'w'
   02FD 77                  804 	.db #0x77	; 119	'w'
   02FE 00                  805 	.db #0x00	; 0
   02FF 00                  806 	.db #0x00	; 0
   0300 00                  807 	.db #0x00	; 0
   0301 00                  808 	.db #0x00	; 0
   0302 70                  809 	.db #0x70	; 112	'p'
   0303 70                  810 	.db #0x70	; 112	'p'
   0304 70                  811 	.db #0x70	; 112	'p'
   0305 50                  812 	.db #0x50	; 80	'P'
   0306 70                  813 	.db #0x70	; 112	'p'
   0307 50                  814 	.db #0x50	; 80	'P'
   0308 70                  815 	.db #0x70	; 112	'p'
   0309 50                  816 	.db #0x50	; 80	'P'
   030A 50                  817 	.db #0x50	; 80	'P'
   030B 70                  818 	.db #0x70	; 112	'p'
   030C 50                  819 	.db #0x50	; 80	'P'
   030D 70                  820 	.db #0x70	; 112	'p'
   030E 50                  821 	.db #0x50	; 80	'P'
   030F 70                  822 	.db #0x70	; 112	'p'
   0310 50                  823 	.db #0x50	; 80	'P'
   0311 70                  824 	.db #0x70	; 112	'p'
   0312 70                  825 	.db #0x70	; 112	'p'
   0313 70                  826 	.db #0x70	; 112	'p'
   0314 70                  827 	.db #0x70	; 112	'p'
   0315 70                  828 	.db #0x70	; 112	'p'
   0316 70                  829 	.db #0x70	; 112	'p'
   0317 70                  830 	.db #0x70	; 112	'p'
   0318 7E                  831 	.db #0x7e	; 126
   0319 7E                  832 	.db #0x7e	; 126
   031A 7E                  833 	.db #0x7e	; 126
   031B 7E                  834 	.db #0x7e	; 126
   031C 7C                  835 	.db #0x7c	; 124
   031D 7C                  836 	.db #0x7c	; 124
   031E 00                  837 	.db #0x00	; 0
   031F 00                  838 	.db #0x00	; 0
   0320 00                  839 	.db #0x00	; 0
   0321 00                  840 	.db #0x00	; 0
   0322 00                  841 	.db #0x00	; 0
   0323 00                  842 	.db #0x00	; 0
   0324 00                  843 	.db #0x00	; 0
   0325 00                  844 	.db #0x00	; 0
   0326 DB                  845 	.db #0xdb	; 219
   0327 DB                  846 	.db #0xdb	; 219
   0328 DB                  847 	.db #0xdb	; 219
   0329 DB                  848 	.db #0xdb	; 219
   032A 00                  849 	.db #0x00	; 0
   032B 00                  850 	.db #0x00	; 0
   032C 00                  851 	.db #0x00	; 0
   032D 00                  852 	.db #0x00	; 0
   032E 00                  853 	.db #0x00	; 0
   032F 00                  854 	.db #0x00	; 0
   0330 00                  855 	.db #0x00	; 0
   0331 00                  856 	.db #0x00	; 0
   0332 00                  857 	.db #0x00	; 0
   0333 00                  858 	.db #0x00	; 0
   0334 00                  859 	.db #0x00	; 0
   0335 00                  860 	.db #0x00	; 0
   0336 00                  861 	.db #0x00	; 0
   0337 00                  862 	.db #0x00	; 0
   0338 01                  863 	.db #0x01	; 1
   0339 01                  864 	.db #0x01	; 1
   033A 03                  865 	.db #0x03	; 3
   033B 02                  866 	.db #0x02	; 2
   033C 07                  867 	.db #0x07	; 7
   033D 04                  868 	.db #0x04	; 4
   033E 0F                  869 	.db #0x0f	; 15
   033F 08                  870 	.db #0x08	; 8
   0340 01                  871 	.db #0x01	; 1
   0341 01                  872 	.db #0x01	; 1
   0342 0F                  873 	.db #0x0f	; 15
   0343 0E                  874 	.db #0x0e	; 14
   0344 3F                  875 	.db #0x3f	; 63
   0345 30                  876 	.db #0x30	; 48	'0'
   0346 7F                  877 	.db #0x7f	; 127
   0347 40                  878 	.db #0x40	; 64
   0348 FF                  879 	.db #0xff	; 255
   0349 80                  880 	.db #0x80	; 128
   034A FF                  881 	.db #0xff	; 255
   034B 00                  882 	.db #0x00	; 0
   034C FF                  883 	.db #0xff	; 255
   034D 00                  884 	.db #0x00	; 0
   034E FF                  885 	.db #0xff	; 255
   034F 00                  886 	.db #0x00	; 0
   0350 FF                  887 	.db #0xff	; 255
   0351 FF                  888 	.db #0xff	; 255
   0352 FF                  889 	.db #0xff	; 255
   0353 00                  890 	.db #0x00	; 0
   0354 FF                  891 	.db #0xff	; 255
   0355 00                  892 	.db #0x00	; 0
   0356 FF                  893 	.db #0xff	; 255
   0357 00                  894 	.db #0x00	; 0
   0358 FF                  895 	.db #0xff	; 255
   0359 00                  896 	.db #0x00	; 0
   035A FF                  897 	.db #0xff	; 255
   035B 00                  898 	.db #0x00	; 0
   035C FF                  899 	.db #0xff	; 255
   035D 00                  900 	.db #0x00	; 0
   035E FF                  901 	.db #0xff	; 255
   035F 00                  902 	.db #0x00	; 0
   0360 80                  903 	.db #0x80	; 128
   0361 80                  904 	.db #0x80	; 128
   0362 F0                  905 	.db #0xf0	; 240
   0363 70                  906 	.db #0x70	; 112	'p'
   0364 FC                  907 	.db #0xfc	; 252
   0365 0C                  908 	.db #0x0c	; 12
   0366 FE                  909 	.db #0xfe	; 254
   0367 02                  910 	.db #0x02	; 2
   0368 FF                  911 	.db #0xff	; 255
   0369 01                  912 	.db #0x01	; 1
   036A FF                  913 	.db #0xff	; 255
   036B 00                  914 	.db #0x00	; 0
   036C FF                  915 	.db #0xff	; 255
   036D 00                  916 	.db #0x00	; 0
   036E FF                  917 	.db #0xff	; 255
   036F 00                  918 	.db #0x00	; 0
   0370 00                  919 	.db #0x00	; 0
   0371 00                  920 	.db #0x00	; 0
   0372 00                  921 	.db #0x00	; 0
   0373 00                  922 	.db #0x00	; 0
   0374 00                  923 	.db #0x00	; 0
   0375 00                  924 	.db #0x00	; 0
   0376 00                  925 	.db #0x00	; 0
   0377 00                  926 	.db #0x00	; 0
   0378 80                  927 	.db #0x80	; 128
   0379 80                  928 	.db #0x80	; 128
   037A C0                  929 	.db #0xc0	; 192
   037B 40                  930 	.db #0x40	; 64
   037C E0                  931 	.db #0xe0	; 224
   037D 20                  932 	.db #0x20	; 32
   037E F0                  933 	.db #0xf0	; 240
   037F 10                  934 	.db #0x10	; 16
   0380 0F                  935 	.db #0x0f	; 15
   0381 08                  936 	.db #0x08	; 8
   0382 1D                  937 	.db #0x1d	; 29
   0383 10                  938 	.db #0x10	; 16
   0384 3F                  939 	.db #0x3f	; 63
   0385 20                  940 	.db #0x20	; 32
   0386 3B                  941 	.db #0x3b	; 59
   0387 20                  942 	.db #0x20	; 32
   0388 71                  943 	.db #0x71	; 113	'q'
   0389 40                  944 	.db #0x40	; 64
   038A 71                  945 	.db #0x71	; 113	'q'
   038B 40                  946 	.db #0x40	; 64
   038C 71                  947 	.db #0x71	; 113	'q'
   038D 40                  948 	.db #0x40	; 64
   038E FB                  949 	.db #0xfb	; 251
   038F 80                  950 	.db #0x80	; 128
   0390 FF                  951 	.db #0xff	; 255
   0391 1E                  952 	.db #0x1e	; 30
   0392 F9                  953 	.db #0xf9	; 249
   0393 3E                  954 	.db #0x3e	; 62
   0394 DF                  955 	.db #0xdf	; 223
   0395 60                  956 	.db #0x60	; 96
   0396 BF                  957 	.db #0xbf	; 191
   0397 4E                  958 	.db #0x4e	; 78	'N'
   0398 FF                  959 	.db #0xff	; 255
   0399 10                  960 	.db #0x10	; 16
   039A FF                  961 	.db #0xff	; 255
   039B 26                  962 	.db #0x26	; 38
   039C FF                  963 	.db #0xff	; 255
   039D 29                  964 	.db #0x29	; 41
   039E FF                  965 	.db #0xff	; 255
   039F 29                  966 	.db #0x29	; 41
   03A0 FF                  967 	.db #0xff	; 255
   03A1 00                  968 	.db #0x00	; 0
   03A2 FF                  969 	.db #0xff	; 255
   03A3 00                  970 	.db #0x00	; 0
   03A4 FF                  971 	.db #0xff	; 255
   03A5 00                  972 	.db #0x00	; 0
   03A6 FF                  973 	.db #0xff	; 255
   03A7 00                  974 	.db #0x00	; 0
   03A8 FF                  975 	.db #0xff	; 255
   03A9 00                  976 	.db #0x00	; 0
   03AA FF                  977 	.db #0xff	; 255
   03AB 00                  978 	.db #0x00	; 0
   03AC FF                  979 	.db #0xff	; 255
   03AD 00                  980 	.db #0x00	; 0
   03AE FF                  981 	.db #0xff	; 255
   03AF 00                  982 	.db #0x00	; 0
   03B0 FF                  983 	.db #0xff	; 255
   03B1 78                  984 	.db #0x78	; 120	'x'
   03B2 9F                  985 	.db #0x9f	; 159
   03B3 7C                  986 	.db #0x7c	; 124
   03B4 FB                  987 	.db #0xfb	; 251
   03B5 06                  988 	.db #0x06	; 6
   03B6 FD                  989 	.db #0xfd	; 253
   03B7 72                  990 	.db #0x72	; 114	'r'
   03B8 FF                  991 	.db #0xff	; 255
   03B9 08                  992 	.db #0x08	; 8
   03BA FF                  993 	.db #0xff	; 255
   03BB 64                  994 	.db #0x64	; 100	'd'
   03BC FF                  995 	.db #0xff	; 255
   03BD 94                  996 	.db #0x94	; 148
   03BE FF                  997 	.db #0xff	; 255
   03BF 94                  998 	.db #0x94	; 148
   03C0 F0                  999 	.db #0xf0	; 240
   03C1 10                 1000 	.db #0x10	; 16
   03C2 F8                 1001 	.db #0xf8	; 248
   03C3 08                 1002 	.db #0x08	; 8
   03C4 FC                 1003 	.db #0xfc	; 252
   03C5 04                 1004 	.db #0x04	; 4
   03C6 FC                 1005 	.db #0xfc	; 252
   03C7 44                 1006 	.db #0x44	; 68	'D'
   03C8 FE                 1007 	.db #0xfe	; 254
   03C9 52                 1008 	.db #0x52	; 82	'R'
   03CA FE                 1009 	.db #0xfe	; 254
   03CB 52                 1010 	.db #0x52	; 82	'R'
   03CC FE                 1011 	.db #0xfe	; 254
   03CD 22                 1012 	.db #0x22	; 34
   03CE FF                 1013 	.db #0xff	; 255
   03CF 01                 1014 	.db #0x01	; 1
   03D0 FF                 1015 	.db #0xff	; 255
   03D1 80                 1016 	.db #0x80	; 128
   03D2 FF                 1017 	.db #0xff	; 255
   03D3 80                 1018 	.db #0x80	; 128
   03D4 FF                 1019 	.db #0xff	; 255
   03D5 80                 1020 	.db #0x80	; 128
   03D6 FF                 1021 	.db #0xff	; 255
   03D7 80                 1022 	.db #0x80	; 128
   03D8 FF                 1023 	.db #0xff	; 255
   03D9 80                 1024 	.db #0x80	; 128
   03DA FF                 1025 	.db #0xff	; 255
   03DB 80                 1026 	.db #0x80	; 128
   03DC FF                 1027 	.db #0xff	; 255
   03DD 80                 1028 	.db #0x80	; 128
   03DE FF                 1029 	.db #0xff	; 255
   03DF 80                 1030 	.db #0x80	; 128
   03E0 ED                 1031 	.db #0xed	; 237
   03E1 3F                 1032 	.db #0x3f	; 63
   03E2 E1                 1033 	.db #0xe1	; 225
   03E3 3F                 1034 	.db #0x3f	; 63
   03E4 FF                 1035 	.db #0xff	; 255
   03E5 1E                 1036 	.db #0x1e	; 30
   03E6 FF                 1037 	.db #0xff	; 255
   03E7 00                 1038 	.db #0x00	; 0
   03E8 DF                 1039 	.db #0xdf	; 223
   03E9 20                 1040 	.db #0x20	; 32
   03EA E1                 1041 	.db #0xe1	; 225
   03EB 1E                 1042 	.db #0x1e	; 30
   03EC FF                 1043 	.db #0xff	; 255
   03ED 00                 1044 	.db #0x00	; 0
   03EE FF                 1045 	.db #0xff	; 255
   03EF 00                 1046 	.db #0x00	; 0
   03F0 FF                 1047 	.db #0xff	; 255
   03F1 20                 1048 	.db #0x20	; 32
   03F2 FD                 1049 	.db #0xfd	; 253
   03F3 22                 1050 	.db #0x22	; 34
   03F4 FE                 1051 	.db #0xfe	; 254
   03F5 43                 1052 	.db #0x43	; 67	'C'
   03F6 FF                 1053 	.db #0xff	; 255
   03F7 81                 1054 	.db #0x81	; 129
   03F8 FD                 1055 	.db #0xfd	; 253
   03F9 A6                 1056 	.db #0xa6	; 166
   03FA FB                 1057 	.db #0xfb	; 251
   03FB 1C                 1058 	.db #0x1c	; 28
   03FC FF                 1059 	.db #0xff	; 255
   03FD 00                 1060 	.db #0x00	; 0
   03FE FF                 1061 	.db #0xff	; 255
   03FF 00                 1062 	.db #0x00	; 0
   0400 B7                 1063 	.db #0xb7	; 183
   0401 FC                 1064 	.db #0xfc	; 252
   0402 87                 1065 	.db #0x87	; 135
   0403 FC                 1066 	.db #0xfc	; 252
   0404 FF                 1067 	.db #0xff	; 255
   0405 78                 1068 	.db #0x78	; 120	'x'
   0406 FF                 1069 	.db #0xff	; 255
   0407 00                 1070 	.db #0x00	; 0
   0408 FB                 1071 	.db #0xfb	; 251
   0409 04                 1072 	.db #0x04	; 4
   040A 87                 1073 	.db #0x87	; 135
   040B 78                 1074 	.db #0x78	; 120	'x'
   040C FF                 1075 	.db #0xff	; 255
   040D 00                 1076 	.db #0x00	; 0
   040E FF                 1077 	.db #0xff	; 255
   040F 00                 1078 	.db #0x00	; 0
   0410 FF                 1079 	.db #0xff	; 255
   0411 01                 1080 	.db #0x01	; 1
   0412 FF                 1081 	.db #0xff	; 255
   0413 01                 1082 	.db #0x01	; 1
   0414 FF                 1083 	.db #0xff	; 255
   0415 01                 1084 	.db #0x01	; 1
   0416 FF                 1085 	.db #0xff	; 255
   0417 01                 1086 	.db #0x01	; 1
   0418 FF                 1087 	.db #0xff	; 255
   0419 01                 1088 	.db #0x01	; 1
   041A FF                 1089 	.db #0xff	; 255
   041B 01                 1090 	.db #0x01	; 1
   041C FF                 1091 	.db #0xff	; 255
   041D 01                 1092 	.db #0x01	; 1
   041E FF                 1093 	.db #0xff	; 255
   041F 01                 1094 	.db #0x01	; 1
   0420 FF                 1095 	.db #0xff	; 255
   0421 80                 1096 	.db #0x80	; 128
   0422 7F                 1097 	.db #0x7f	; 127
   0423 40                 1098 	.db #0x40	; 64
   0424 7F                 1099 	.db #0x7f	; 127
   0425 40                 1100 	.db #0x40	; 64
   0426 7F                 1101 	.db #0x7f	; 127
   0427 40                 1102 	.db #0x40	; 64
   0428 3F                 1103 	.db #0x3f	; 63
   0429 20                 1104 	.db #0x20	; 32
   042A 3F                 1105 	.db #0x3f	; 63
   042B 20                 1106 	.db #0x20	; 32
   042C 1F                 1107 	.db #0x1f	; 31
   042D 10                 1108 	.db #0x10	; 16
   042E 0F                 1109 	.db #0x0f	; 15
   042F 08                 1110 	.db #0x08	; 8
   0430 FF                 1111 	.db #0xff	; 255
   0431 00                 1112 	.db #0x00	; 0
   0432 FF                 1113 	.db #0xff	; 255
   0433 00                 1114 	.db #0x00	; 0
   0434 FF                 1115 	.db #0xff	; 255
   0435 18                 1116 	.db #0x18	; 24
   0436 FF                 1117 	.db #0xff	; 255
   0437 24                 1118 	.db #0x24	; 36
   0438 FF                 1119 	.db #0xff	; 255
   0439 43                 1120 	.db #0x43	; 67	'C'
   043A FF                 1121 	.db #0xff	; 255
   043B 40                 1122 	.db #0x40	; 64
   043C FF                 1123 	.db #0xff	; 255
   043D 00                 1124 	.db #0x00	; 0
   043E FF                 1125 	.db #0xff	; 255
   043F 00                 1126 	.db #0x00	; 0
   0440 FF                 1127 	.db #0xff	; 255
   0441 00                 1128 	.db #0x00	; 0
   0442 FF                 1129 	.db #0xff	; 255
   0443 00                 1130 	.db #0x00	; 0
   0444 FF                 1131 	.db #0xff	; 255
   0445 3C                 1132 	.db #0x3c	; 60
   0446 FF                 1133 	.db #0xff	; 255
   0447 42                 1134 	.db #0x42	; 66	'B'
   0448 FF                 1135 	.db #0xff	; 255
   0449 81                 1136 	.db #0x81	; 129
   044A C3                 1137 	.db #0xc3	; 195
   044B 3C                 1138 	.db #0x3c	; 60
   044C 00                 1139 	.db #0x00	; 0
   044D FF                 1140 	.db #0xff	; 255
   044E FF                 1141 	.db #0xff	; 255
   044F 00                 1142 	.db #0x00	; 0
   0450 FF                 1143 	.db #0xff	; 255
   0451 00                 1144 	.db #0x00	; 0
   0452 FF                 1145 	.db #0xff	; 255
   0453 00                 1146 	.db #0x00	; 0
   0454 FF                 1147 	.db #0xff	; 255
   0455 18                 1148 	.db #0x18	; 24
   0456 FF                 1149 	.db #0xff	; 255
   0457 24                 1150 	.db #0x24	; 36
   0458 FF                 1151 	.db #0xff	; 255
   0459 C2                 1152 	.db #0xc2	; 194
   045A FF                 1153 	.db #0xff	; 255
   045B 02                 1154 	.db #0x02	; 2
   045C FF                 1155 	.db #0xff	; 255
   045D 00                 1156 	.db #0x00	; 0
   045E FF                 1157 	.db #0xff	; 255
   045F 00                 1158 	.db #0x00	; 0
   0460 FF                 1159 	.db #0xff	; 255
   0461 01                 1160 	.db #0x01	; 1
   0462 FE                 1161 	.db #0xfe	; 254
   0463 02                 1162 	.db #0x02	; 2
   0464 FE                 1163 	.db #0xfe	; 254
   0465 02                 1164 	.db #0x02	; 2
   0466 FE                 1165 	.db #0xfe	; 254
   0467 02                 1166 	.db #0x02	; 2
   0468 FC                 1167 	.db #0xfc	; 252
   0469 04                 1168 	.db #0x04	; 4
   046A BC                 1169 	.db #0xbc	; 188
   046B 44                 1170 	.db #0x44	; 68	'D'
   046C B8                 1171 	.db #0xb8	; 184
   046D 48                 1172 	.db #0x48	; 72	'H'
   046E 70                 1173 	.db #0x70	; 112	'p'
   046F 90                 1174 	.db #0x90	; 144
   0470 0F                 1175 	.db #0x0f	; 15
   0471 08                 1176 	.db #0x08	; 8
   0472 07                 1177 	.db #0x07	; 7
   0473 04                 1178 	.db #0x04	; 4
   0474 03                 1179 	.db #0x03	; 3
   0475 02                 1180 	.db #0x02	; 2
   0476 01                 1181 	.db #0x01	; 1
   0477 01                 1182 	.db #0x01	; 1
   0478 00                 1183 	.db #0x00	; 0
   0479 00                 1184 	.db #0x00	; 0
   047A 00                 1185 	.db #0x00	; 0
   047B 00                 1186 	.db #0x00	; 0
   047C 00                 1187 	.db #0x00	; 0
   047D 00                 1188 	.db #0x00	; 0
   047E 00                 1189 	.db #0x00	; 0
   047F 00                 1190 	.db #0x00	; 0
   0480 FF                 1191 	.db #0xff	; 255
   0481 00                 1192 	.db #0x00	; 0
   0482 FF                 1193 	.db #0xff	; 255
   0483 00                 1194 	.db #0x00	; 0
   0484 FF                 1195 	.db #0xff	; 255
   0485 00                 1196 	.db #0x00	; 0
   0486 FF                 1197 	.db #0xff	; 255
   0487 80                 1198 	.db #0x80	; 128
   0488 7F                 1199 	.db #0x7f	; 127
   0489 40                 1200 	.db #0x40	; 64
   048A 3F                 1201 	.db #0x3f	; 63
   048B 30                 1202 	.db #0x30	; 48	'0'
   048C 0F                 1203 	.db #0x0f	; 15
   048D 0E                 1204 	.db #0x0e	; 14
   048E 01                 1205 	.db #0x01	; 1
   048F 01                 1206 	.db #0x01	; 1
   0490 FF                 1207 	.db #0xff	; 255
   0491 00                 1208 	.db #0x00	; 0
   0492 FF                 1209 	.db #0xff	; 255
   0493 00                 1210 	.db #0x00	; 0
   0494 FF                 1211 	.db #0xff	; 255
   0495 00                 1212 	.db #0x00	; 0
   0496 FF                 1213 	.db #0xff	; 255
   0497 00                 1214 	.db #0x00	; 0
   0498 FF                 1215 	.db #0xff	; 255
   0499 00                 1216 	.db #0x00	; 0
   049A FF                 1217 	.db #0xff	; 255
   049B 00                 1218 	.db #0x00	; 0
   049C FF                 1219 	.db #0xff	; 255
   049D 00                 1220 	.db #0x00	; 0
   049E FF                 1221 	.db #0xff	; 255
   049F FF                 1222 	.db #0xff	; 255
   04A0 FF                 1223 	.db #0xff	; 255
   04A1 00                 1224 	.db #0x00	; 0
   04A2 FF                 1225 	.db #0xff	; 255
   04A3 00                 1226 	.db #0x00	; 0
   04A4 FF                 1227 	.db #0xff	; 255
   04A5 00                 1228 	.db #0x00	; 0
   04A6 FF                 1229 	.db #0xff	; 255
   04A7 01                 1230 	.db #0x01	; 1
   04A8 FF                 1231 	.db #0xff	; 255
   04A9 03                 1232 	.db #0x03	; 3
   04AA FF                 1233 	.db #0xff	; 255
   04AB 0F                 1234 	.db #0x0f	; 15
   04AC FF                 1235 	.db #0xff	; 255
   04AD 7F                 1236 	.db #0x7f	; 127
   04AE FF                 1237 	.db #0xff	; 255
   04AF FF                 1238 	.db #0xff	; 255
   04B0 F0                 1239 	.db #0xf0	; 240
   04B1 10                 1240 	.db #0x10	; 16
   04B2 F0                 1241 	.db #0xf0	; 240
   04B3 30                 1242 	.db #0x30	; 48	'0'
   04B4 FC                 1243 	.db #0xfc	; 252
   04B5 7C                 1244 	.db #0x7c	; 124
   04B6 FE                 1245 	.db #0xfe	; 254
   04B7 FE                 1246 	.db #0xfe	; 254
   04B8 FE                 1247 	.db #0xfe	; 254
   04B9 FE                 1248 	.db #0xfe	; 254
   04BA FE                 1249 	.db #0xfe	; 254
   04BB FE                 1250 	.db #0xfe	; 254
   04BC FC                 1251 	.db #0xfc	; 252
   04BD FC                 1252 	.db #0xfc	; 252
   04BE F0                 1253 	.db #0xf0	; 240
   04BF F0                 1254 	.db #0xf0	; 240
   04C0 18                 1255 	.db #0x18	; 24
   04C1 18                 1256 	.db #0x18	; 24
   04C2 18                 1257 	.db #0x18	; 24
   04C3 18                 1258 	.db #0x18	; 24
   04C4 00                 1259 	.db #0x00	; 0
   04C5 00                 1260 	.db #0x00	; 0
   04C6 18                 1261 	.db #0x18	; 24
   04C7 18                 1262 	.db #0x18	; 24
   04C8 18                 1263 	.db #0x18	; 24
   04C9 18                 1264 	.db #0x18	; 24
   04CA 00                 1265 	.db #0x00	; 0
   04CB 00                 1266 	.db #0x00	; 0
   04CC 18                 1267 	.db #0x18	; 24
   04CD 18                 1268 	.db #0x18	; 24
   04CE 18                 1269 	.db #0x18	; 24
   04CF 18                 1270 	.db #0x18	; 24
   04D0 FF                 1271 	.db #0xff	; 255
   04D1 00                 1272 	.db #0x00	; 0
   04D2 FF                 1273 	.db #0xff	; 255
   04D3 00                 1274 	.db #0x00	; 0
   04D4 FF                 1275 	.db #0xff	; 255
   04D5 00                 1276 	.db #0x00	; 0
   04D6 FF                 1277 	.db #0xff	; 255
   04D7 07                 1278 	.db #0x07	; 7
   04D8 FF                 1279 	.db #0xff	; 255
   04D9 18                 1280 	.db #0x18	; 24
   04DA FF                 1281 	.db #0xff	; 255
   04DB 20                 1282 	.db #0x20	; 32
   04DC FF                 1283 	.db #0xff	; 255
   04DD 00                 1284 	.db #0x00	; 0
   04DE FF                 1285 	.db #0xff	; 255
   04DF 00                 1286 	.db #0x00	; 0
   04E0 FF                 1287 	.db #0xff	; 255
   04E1 00                 1288 	.db #0x00	; 0
   04E2 FF                 1289 	.db #0xff	; 255
   04E3 00                 1290 	.db #0x00	; 0
   04E4 FF                 1291 	.db #0xff	; 255
   04E5 7E                 1292 	.db #0x7e	; 126
   04E6 FF                 1293 	.db #0xff	; 255
   04E7 81                 1294 	.db #0x81	; 129
   04E8 FF                 1295 	.db #0xff	; 255
   04E9 00                 1296 	.db #0x00	; 0
   04EA C3                 1297 	.db #0xc3	; 195
   04EB 3C                 1298 	.db #0x3c	; 60
   04EC 00                 1299 	.db #0x00	; 0
   04ED FF                 1300 	.db #0xff	; 255
   04EE FF                 1301 	.db #0xff	; 255
   04EF 00                 1302 	.db #0x00	; 0
   04F0 FF                 1303 	.db #0xff	; 255
   04F1 00                 1304 	.db #0x00	; 0
   04F2 FF                 1305 	.db #0xff	; 255
   04F3 00                 1306 	.db #0x00	; 0
   04F4 FF                 1307 	.db #0xff	; 255
   04F5 00                 1308 	.db #0x00	; 0
   04F6 FF                 1309 	.db #0xff	; 255
   04F7 E0                 1310 	.db #0xe0	; 224
   04F8 FF                 1311 	.db #0xff	; 255
   04F9 18                 1312 	.db #0x18	; 24
   04FA FF                 1313 	.db #0xff	; 255
   04FB 04                 1314 	.db #0x04	; 4
   04FC FF                 1315 	.db #0xff	; 255
   04FD 00                 1316 	.db #0x00	; 0
   04FE FF                 1317 	.db #0xff	; 255
   04FF 00                 1318 	.db #0x00	; 0
   0500 FE                 1319 	.db #0xfe	; 254
   0501 1F                 1320 	.db #0x1f	; 31
   0502 F8                 1321 	.db #0xf8	; 248
   0503 3F                 1322 	.db #0x3f	; 63
   0504 DF                 1323 	.db #0xdf	; 223
   0505 60                 1324 	.db #0x60	; 96
   0506 FF                 1325 	.db #0xff	; 255
   0507 00                 1326 	.db #0x00	; 0
   0508 FF                 1327 	.db #0xff	; 255
   0509 00                 1328 	.db #0x00	; 0
   050A FF                 1329 	.db #0xff	; 255
   050B 11                 1330 	.db #0x11	; 17
   050C FF                 1331 	.db #0xff	; 255
   050D 0A                 1332 	.db #0x0a	; 10
   050E FF                 1333 	.db #0xff	; 255
   050F 04                 1334 	.db #0x04	; 4
   0510 FF                 1335 	.db #0xff	; 255
   0511 0A                 1336 	.db #0x0a	; 10
   0512 FF                 1337 	.db #0xff	; 255
   0513 11                 1338 	.db #0x11	; 17
   0514 FF                 1339 	.db #0xff	; 255
   0515 00                 1340 	.db #0x00	; 0
   0516 FF                 1341 	.db #0xff	; 255
   0517 00                 1342 	.db #0x00	; 0
   0518 DF                 1343 	.db #0xdf	; 223
   0519 20                 1344 	.db #0x20	; 32
   051A E1                 1345 	.db #0xe1	; 225
   051B 1E                 1346 	.db #0x1e	; 30
   051C FF                 1347 	.db #0xff	; 255
   051D 00                 1348 	.db #0x00	; 0
   051E FF                 1349 	.db #0xff	; 255
   051F 00                 1350 	.db #0x00	; 0
   0520 7F                 1351 	.db #0x7f	; 127
   0521 F8                 1352 	.db #0xf8	; 248
   0522 1F                 1353 	.db #0x1f	; 31
   0523 FC                 1354 	.db #0xfc	; 252
   0524 FB                 1355 	.db #0xfb	; 251
   0525 06                 1356 	.db #0x06	; 6
   0526 FF                 1357 	.db #0xff	; 255
   0527 00                 1358 	.db #0x00	; 0
   0528 FF                 1359 	.db #0xff	; 255
   0529 00                 1360 	.db #0x00	; 0
   052A FF                 1361 	.db #0xff	; 255
   052B 88                 1362 	.db #0x88	; 136
   052C FF                 1363 	.db #0xff	; 255
   052D 50                 1364 	.db #0x50	; 80	'P'
   052E FF                 1365 	.db #0xff	; 255
   052F 20                 1366 	.db #0x20	; 32
   0530 FF                 1367 	.db #0xff	; 255
   0531 50                 1368 	.db #0x50	; 80	'P'
   0532 FF                 1369 	.db #0xff	; 255
   0533 88                 1370 	.db #0x88	; 136
   0534 FF                 1371 	.db #0xff	; 255
   0535 00                 1372 	.db #0x00	; 0
   0536 FF                 1373 	.db #0xff	; 255
   0537 00                 1374 	.db #0x00	; 0
   0538 FB                 1375 	.db #0xfb	; 251
   0539 04                 1376 	.db #0x04	; 4
   053A 87                 1377 	.db #0x87	; 135
   053B 78                 1378 	.db #0x78	; 120	'x'
   053C FF                 1379 	.db #0xff	; 255
   053D 00                 1380 	.db #0x00	; 0
   053E FF                 1381 	.db #0xff	; 255
   053F 00                 1382 	.db #0x00	; 0
   0540 00                 1383 	.db #0x00	; 0
   0541 00                 1384 	.db #0x00	; 0
   0542 77                 1385 	.db #0x77	; 119	'w'
   0543 77                 1386 	.db #0x77	; 119	'w'
   0544 77                 1387 	.db #0x77	; 119	'w'
   0545 55                 1388 	.db #0x55	; 85	'U'
   0546 77                 1389 	.db #0x77	; 119	'w'
   0547 55                 1390 	.db #0x55	; 85	'U'
   0548 77                 1391 	.db #0x77	; 119	'w'
   0549 55                 1392 	.db #0x55	; 85	'U'
   054A 55                 1393 	.db #0x55	; 85	'U'
   054B 77                 1394 	.db #0x77	; 119	'w'
   054C 49                 1395 	.db #0x49	; 73	'I'
   054D 7F                 1396 	.db #0x7f	; 127
   054E 41                 1397 	.db #0x41	; 65	'A'
   054F 7F                 1398 	.db #0x7f	; 127
   0550 55                 1399 	.db #0x55	; 85	'U'
   0551 7F                 1400 	.db #0x7f	; 127
   0552 7F                 1401 	.db #0x7f	; 127
   0553 7F                 1402 	.db #0x7f	; 127
   0554 77                 1403 	.db #0x77	; 119	'w'
   0555 77                 1404 	.db #0x77	; 119	'w'
   0556 77                 1405 	.db #0x77	; 119	'w'
   0557 77                 1406 	.db #0x77	; 119	'w'
   0558 77                 1407 	.db #0x77	; 119	'w'
   0559 77                 1408 	.db #0x77	; 119	'w'
   055A 77                 1409 	.db #0x77	; 119	'w'
   055B 77                 1410 	.db #0x77	; 119	'w'
   055C 77                 1411 	.db #0x77	; 119	'w'
   055D 77                 1412 	.db #0x77	; 119	'w'
   055E 00                 1413 	.db #0x00	; 0
   055F 00                 1414 	.db #0x00	; 0
   0560 00                 1415 	.db #0x00	; 0
   0561 00                 1416 	.db #0x00	; 0
   0562 77                 1417 	.db #0x77	; 119	'w'
   0563 77                 1418 	.db #0x77	; 119	'w'
   0564 77                 1419 	.db #0x77	; 119	'w'
   0565 55                 1420 	.db #0x55	; 85	'U'
   0566 77                 1421 	.db #0x77	; 119	'w'
   0567 55                 1422 	.db #0x55	; 85	'U'
   0568 77                 1423 	.db #0x77	; 119	'w'
   0569 55                 1424 	.db #0x55	; 85	'U'
   056A 55                 1425 	.db #0x55	; 85	'U'
   056B 77                 1426 	.db #0x77	; 119	'w'
   056C 55                 1427 	.db #0x55	; 85	'U'
   056D 77                 1428 	.db #0x77	; 119	'w'
   056E 55                 1429 	.db #0x55	; 85	'U'
   056F 77                 1430 	.db #0x77	; 119	'w'
   0570 55                 1431 	.db #0x55	; 85	'U'
   0571 77                 1432 	.db #0x77	; 119	'w'
   0572 77                 1433 	.db #0x77	; 119	'w'
   0573 77                 1434 	.db #0x77	; 119	'w'
   0574 77                 1435 	.db #0x77	; 119	'w'
   0575 77                 1436 	.db #0x77	; 119	'w'
   0576 7F                 1437 	.db #0x7f	; 127
   0577 7F                 1438 	.db #0x7f	; 127
   0578 3E                 1439 	.db #0x3e	; 62
   0579 3E                 1440 	.db #0x3e	; 62
   057A 3E                 1441 	.db #0x3e	; 62
   057B 3E                 1442 	.db #0x3e	; 62
   057C 1C                 1443 	.db #0x1c	; 28
   057D 1C                 1444 	.db #0x1c	; 28
   057E 00                 1445 	.db #0x00	; 0
   057F 00                 1446 	.db #0x00	; 0
   0580 00                 1447 	.db #0x00	; 0
   0581 00                 1448 	.db #0x00	; 0
   0582 7C                 1449 	.db #0x7c	; 124
   0583 7C                 1450 	.db #0x7c	; 124
   0584 7E                 1451 	.db #0x7e	; 126
   0585 42                 1452 	.db #0x42	; 66	'B'
   0586 7E                 1453 	.db #0x7e	; 126
   0587 42                 1454 	.db #0x42	; 66	'B'
   0588 7F                 1455 	.db #0x7f	; 127
   0589 59                 1456 	.db #0x59	; 89	'Y'
   058A 55                 1457 	.db #0x55	; 85	'U'
   058B 77                 1458 	.db #0x77	; 119	'w'
   058C 59                 1459 	.db #0x59	; 89	'Y'
   058D 7F                 1460 	.db #0x7f	; 127
   058E 42                 1461 	.db #0x42	; 66	'B'
   058F 7E                 1462 	.db #0x7e	; 126
   0590 5E                 1463 	.db #0x5e	; 94
   0591 7E                 1464 	.db #0x7e	; 126
   0592 77                 1465 	.db #0x77	; 119	'w'
   0593 77                 1466 	.db #0x77	; 119	'w'
   0594 77                 1467 	.db #0x77	; 119	'w'
   0595 77                 1468 	.db #0x77	; 119	'w'
   0596 77                 1469 	.db #0x77	; 119	'w'
   0597 77                 1470 	.db #0x77	; 119	'w'
   0598 77                 1471 	.db #0x77	; 119	'w'
   0599 77                 1472 	.db #0x77	; 119	'w'
   059A 77                 1473 	.db #0x77	; 119	'w'
   059B 77                 1474 	.db #0x77	; 119	'w'
   059C 77                 1475 	.db #0x77	; 119	'w'
   059D 77                 1476 	.db #0x77	; 119	'w'
   059E 00                 1477 	.db #0x00	; 0
   059F 00                 1478 	.db #0x00	; 0
   05A0 FF                 1479 	.db #0xff	; 255
   05A1 00                 1480 	.db #0x00	; 0
   05A2 FF                 1481 	.db #0xff	; 255
   05A3 00                 1482 	.db #0x00	; 0
   05A4 FF                 1483 	.db #0xff	; 255
   05A5 20                 1484 	.db #0x20	; 32
   05A6 FF                 1485 	.db #0xff	; 255
   05A7 18                 1486 	.db #0x18	; 24
   05A8 FF                 1487 	.db #0xff	; 255
   05A9 07                 1488 	.db #0x07	; 7
   05AA FF                 1489 	.db #0xff	; 255
   05AB 00                 1490 	.db #0x00	; 0
   05AC FF                 1491 	.db #0xff	; 255
   05AD 00                 1492 	.db #0x00	; 0
   05AE FF                 1493 	.db #0xff	; 255
   05AF 00                 1494 	.db #0x00	; 0
   05B0 FF                 1495 	.db #0xff	; 255
   05B1 00                 1496 	.db #0x00	; 0
   05B2 FF                 1497 	.db #0xff	; 255
   05B3 00                 1498 	.db #0x00	; 0
   05B4 FF                 1499 	.db #0xff	; 255
   05B5 00                 1500 	.db #0x00	; 0
   05B6 FF                 1501 	.db #0xff	; 255
   05B7 00                 1502 	.db #0x00	; 0
   05B8 FF                 1503 	.db #0xff	; 255
   05B9 81                 1504 	.db #0x81	; 129
   05BA FF                 1505 	.db #0xff	; 255
   05BB 7E                 1506 	.db #0x7e	; 126
   05BC FF                 1507 	.db #0xff	; 255
   05BD 00                 1508 	.db #0x00	; 0
   05BE FF                 1509 	.db #0xff	; 255
   05BF 00                 1510 	.db #0x00	; 0
   05C0 FF                 1511 	.db #0xff	; 255
   05C1 00                 1512 	.db #0x00	; 0
   05C2 FF                 1513 	.db #0xff	; 255
   05C3 00                 1514 	.db #0x00	; 0
   05C4 FF                 1515 	.db #0xff	; 255
   05C5 04                 1516 	.db #0x04	; 4
   05C6 FF                 1517 	.db #0xff	; 255
   05C7 18                 1518 	.db #0x18	; 24
   05C8 FF                 1519 	.db #0xff	; 255
   05C9 E0                 1520 	.db #0xe0	; 224
   05CA FF                 1521 	.db #0xff	; 255
   05CB 00                 1522 	.db #0x00	; 0
   05CC FF                 1523 	.db #0xff	; 255
   05CD 00                 1524 	.db #0x00	; 0
   05CE FF                 1525 	.db #0xff	; 255
   05CF 00                 1526 	.db #0x00	; 0
   05D0 FE                 1527 	.db #0xfe	; 254
   05D1 1F                 1528 	.db #0x1f	; 31
   05D2 F8                 1529 	.db #0xf8	; 248
   05D3 3F                 1530 	.db #0x3f	; 63
   05D4 DF                 1531 	.db #0xdf	; 223
   05D5 60                 1532 	.db #0x60	; 96
   05D6 FF                 1533 	.db #0xff	; 255
   05D7 00                 1534 	.db #0x00	; 0
   05D8 FF                 1535 	.db #0xff	; 255
   05D9 00                 1536 	.db #0x00	; 0
   05DA FF                 1537 	.db #0xff	; 255
   05DB 0C                 1538 	.db #0x0c	; 12
   05DC FF                 1539 	.db #0xff	; 255
   05DD 12                 1540 	.db #0x12	; 18
   05DE FF                 1541 	.db #0xff	; 255
   05DF 22                 1542 	.db #0x22	; 34
   05E0 FF                 1543 	.db #0xff	; 255
   05E1 22                 1544 	.db #0x22	; 34
   05E2 FF                 1545 	.db #0xff	; 255
   05E3 22                 1546 	.db #0x22	; 34
   05E4 FF                 1547 	.db #0xff	; 255
   05E5 22                 1548 	.db #0x22	; 34
   05E6 FF                 1549 	.db #0xff	; 255
   05E7 00                 1550 	.db #0x00	; 0
   05E8 DF                 1551 	.db #0xdf	; 223
   05E9 20                 1552 	.db #0x20	; 32
   05EA E1                 1553 	.db #0xe1	; 225
   05EB 1E                 1554 	.db #0x1e	; 30
   05EC FF                 1555 	.db #0xff	; 255
   05ED 00                 1556 	.db #0x00	; 0
   05EE FF                 1557 	.db #0xff	; 255
   05EF 00                 1558 	.db #0x00	; 0
   05F0 7F                 1559 	.db #0x7f	; 127
   05F1 F8                 1560 	.db #0xf8	; 248
   05F2 1F                 1561 	.db #0x1f	; 31
   05F3 FC                 1562 	.db #0xfc	; 252
   05F4 FB                 1563 	.db #0xfb	; 251
   05F5 06                 1564 	.db #0x06	; 6
   05F6 FF                 1565 	.db #0xff	; 255
   05F7 00                 1566 	.db #0x00	; 0
   05F8 FF                 1567 	.db #0xff	; 255
   05F9 00                 1568 	.db #0x00	; 0
   05FA FF                 1569 	.db #0xff	; 255
   05FB 30                 1570 	.db #0x30	; 48	'0'
   05FC FF                 1571 	.db #0xff	; 255
   05FD 48                 1572 	.db #0x48	; 72	'H'
   05FE FF                 1573 	.db #0xff	; 255
   05FF 44                 1574 	.db #0x44	; 68	'D'
   0600 FF                 1575 	.db #0xff	; 255
   0601 44                 1576 	.db #0x44	; 68	'D'
   0602 FF                 1577 	.db #0xff	; 255
   0603 44                 1578 	.db #0x44	; 68	'D'
   0604 FF                 1579 	.db #0xff	; 255
   0605 44                 1580 	.db #0x44	; 68	'D'
   0606 FF                 1581 	.db #0xff	; 255
   0607 00                 1582 	.db #0x00	; 0
   0608 FB                 1583 	.db #0xfb	; 251
   0609 04                 1584 	.db #0x04	; 4
   060A 87                 1585 	.db #0x87	; 135
   060B 78                 1586 	.db #0x78	; 120	'x'
   060C FF                 1587 	.db #0xff	; 255
   060D 00                 1588 	.db #0x00	; 0
   060E FF                 1589 	.db #0xff	; 255
   060F 00                 1590 	.db #0x00	; 0
   0610 F0                 1591 	.db #0xf0	; 240
   0611 10                 1592 	.db #0x10	; 16
   0612 F8                 1593 	.db #0xf8	; 248
   0613 08                 1594 	.db #0x08	; 8
   0614 FC                 1595 	.db #0xfc	; 252
   0615 04                 1596 	.db #0x04	; 4
   0616 FC                 1597 	.db #0xfc	; 252
   0617 04                 1598 	.db #0x04	; 4
   0618 FE                 1599 	.db #0xfe	; 254
   0619 02                 1600 	.db #0x02	; 2
   061A FE                 1601 	.db #0xfe	; 254
   061B 02                 1602 	.db #0x02	; 2
   061C FE                 1603 	.db #0xfe	; 254
   061D 02                 1604 	.db #0x02	; 2
   061E FF                 1605 	.db #0xff	; 255
   061F 01                 1606 	.db #0x01	; 1
   0620 00                 1607 	.db #0x00	; 0
   0621 00                 1608 	.db #0x00	; 0
   0622 77                 1609 	.db #0x77	; 119	'w'
   0623 77                 1610 	.db #0x77	; 119	'w'
   0624 77                 1611 	.db #0x77	; 119	'w'
   0625 55                 1612 	.db #0x55	; 85	'U'
   0626 77                 1613 	.db #0x77	; 119	'w'
   0627 55                 1614 	.db #0x55	; 85	'U'
   0628 77                 1615 	.db #0x77	; 119	'w'
   0629 55                 1616 	.db #0x55	; 85	'U'
   062A 55                 1617 	.db #0x55	; 85	'U'
   062B 77                 1618 	.db #0x77	; 119	'w'
   062C 5D                 1619 	.db #0x5d	; 93
   062D 7F                 1620 	.db #0x7f	; 127
   062E 55                 1621 	.db #0x55	; 85	'U'
   062F 7F                 1622 	.db #0x7f	; 127
   0630 55                 1623 	.db #0x55	; 85	'U'
   0631 7F                 1624 	.db #0x7f	; 127
   0632 77                 1625 	.db #0x77	; 119	'w'
   0633 7F                 1626 	.db #0x7f	; 127
   0634 77                 1627 	.db #0x77	; 119	'w'
   0635 7F                 1628 	.db #0x7f	; 127
   0636 7F                 1629 	.db #0x7f	; 127
   0637 7F                 1630 	.db #0x7f	; 127
   0638 7F                 1631 	.db #0x7f	; 127
   0639 7F                 1632 	.db #0x7f	; 127
   063A 7F                 1633 	.db #0x7f	; 127
   063B 7F                 1634 	.db #0x7f	; 127
   063C 6B                 1635 	.db #0x6b	; 107	'k'
   063D 6B                 1636 	.db #0x6b	; 107	'k'
   063E 00                 1637 	.db #0x00	; 0
   063F 00                 1638 	.db #0x00	; 0
   0640 00                 1639 	.db #0x00	; 0
   0641 00                 1640 	.db #0x00	; 0
   0642 1C                 1641 	.db #0x1c	; 28
   0643 1C                 1642 	.db #0x1c	; 28
   0644 1C                 1643 	.db #0x1c	; 28
   0645 14                 1644 	.db #0x14	; 20
   0646 1C                 1645 	.db #0x1c	; 28
   0647 14                 1646 	.db #0x14	; 20
   0648 1C                 1647 	.db #0x1c	; 28
   0649 14                 1648 	.db #0x14	; 20
   064A 14                 1649 	.db #0x14	; 20
   064B 1C                 1650 	.db #0x1c	; 28
   064C 14                 1651 	.db #0x14	; 20
   064D 1C                 1652 	.db #0x1c	; 28
   064E 14                 1653 	.db #0x14	; 20
   064F 1C                 1654 	.db #0x1c	; 28
   0650 14                 1655 	.db #0x14	; 20
   0651 1C                 1656 	.db #0x1c	; 28
   0652 14                 1657 	.db #0x14	; 20
   0653 1C                 1658 	.db #0x1c	; 28
   0654 14                 1659 	.db #0x14	; 20
   0655 1C                 1660 	.db #0x1c	; 28
   0656 1C                 1661 	.db #0x1c	; 28
   0657 1C                 1662 	.db #0x1c	; 28
   0658 1C                 1663 	.db #0x1c	; 28
   0659 1C                 1664 	.db #0x1c	; 28
   065A 1C                 1665 	.db #0x1c	; 28
   065B 1C                 1666 	.db #0x1c	; 28
   065C 1C                 1667 	.db #0x1c	; 28
   065D 1C                 1668 	.db #0x1c	; 28
   065E 00                 1669 	.db #0x00	; 0
   065F 00                 1670 	.db #0x00	; 0
   0660 00                 1671 	.db #0x00	; 0
   0661 00                 1672 	.db #0x00	; 0
   0662 1C                 1673 	.db #0x1c	; 28
   0663 1C                 1674 	.db #0x1c	; 28
   0664 1C                 1675 	.db #0x1c	; 28
   0665 14                 1676 	.db #0x14	; 20
   0666 1C                 1677 	.db #0x1c	; 28
   0667 14                 1678 	.db #0x14	; 20
   0668 1C                 1679 	.db #0x1c	; 28
   0669 14                 1680 	.db #0x14	; 20
   066A 14                 1681 	.db #0x14	; 20
   066B 1C                 1682 	.db #0x1c	; 28
   066C 14                 1683 	.db #0x14	; 20
   066D 1C                 1684 	.db #0x1c	; 28
   066E 14                 1685 	.db #0x14	; 20
   066F 1C                 1686 	.db #0x1c	; 28
   0670 14                 1687 	.db #0x14	; 20
   0671 1C                 1688 	.db #0x1c	; 28
   0672 14                 1689 	.db #0x14	; 20
   0673 1C                 1690 	.db #0x1c	; 28
   0674 1C                 1691 	.db #0x1c	; 28
   0675 1C                 1692 	.db #0x1c	; 28
   0676 00                 1693 	.db #0x00	; 0
   0677 00                 1694 	.db #0x00	; 0
   0678 1C                 1695 	.db #0x1c	; 28
   0679 1C                 1696 	.db #0x1c	; 28
   067A 1C                 1697 	.db #0x1c	; 28
   067B 1C                 1698 	.db #0x1c	; 28
   067C 1C                 1699 	.db #0x1c	; 28
   067D 1C                 1700 	.db #0x1c	; 28
   067E 00                 1701 	.db #0x00	; 0
   067F 00                 1702 	.db #0x00	; 0
                           1703 	.area _CABS (ABS)
